#
# There is insufficient memory for the Java Runtime Environment to continue.
# Native memory allocation (mmap) failed to map 65536 bytes. Error detail: Failed to commit metaspace.
# Possible reasons:
#   The system is out of physical RAM or swap space
#   This process is running with CompressedOops enabled, and the Java Heap may be blocking the growth of the native heap
# Possible solutions:
#   Reduce memory load on the system
#   Increase physical memory or swap space
#   Check if swap backing store is full
#   Decrease Java heap size (-Xmx/-Xms)
#   Decrease number of Java threads
#   Decrease Java thread stack sizes (-Xss)
#   Set larger code cache with -XX:ReservedCodeCacheSize=
#   JVM is running with Unscaled Compressed Oops mode in which the Java heap is
#     placed in the first 4GB address space. The Java Heap base address is the
#     maximum limit for the native heap growth. Please use -XX:HeapBaseMinAddress
#     to set the Java Heap base and to place the Java Heap above 4GB virtual address.
# This output file may be truncated or incomplete.
#
#  Out of Memory Error (virtualSpaceNode.cpp:110), pid=10432, tid=7244
#
# JRE version: OpenJDK Runtime Environment Microsoft-13106358 (17.0.18+8) (build 17.0.18+8-LTS)
# Java VM: OpenJDK 64-Bit Server VM Microsoft-13106358 (17.0.18+8-LTS, mixed mode, sharing, tiered, compressed oops, compressed class ptrs, g1 gc, windows-amd64)
# No core dump will be written. Minidumps are not enabled by default on client versions of Windows
#

---------------  S U M M A R Y ------------

Command Line: -Xmx64m -Xms64m -Dorg.gradle.appname=gradlew F:\mobile\android\\gradle\wrapper\gradle-wrapper.jar app:installDebug -PreactNativeDevServerPort=8081

Host: Intel(R) Core(TM) i5-7200U CPU @ 2.50GHz, 4 cores, 7G,  Windows 10 , 64 bit Build 19041 (10.0.19041.5915)
Time: Fri Mar 13 23:35:51 2026 Egypt Standard Time elapsed time: 148.564611 seconds (0d 0h 2m 28s)

---------------  T H R E A D  ---------------

Current thread (0x0000027ade7604b0):  JavaThread "main" [_thread_in_vm, id=7244, stack(0x000000a682000000,0x000000a682100000)]

Stack: [0x000000a682000000,0x000000a682100000]
Native frames: (J=compiled Java code, j=interpreted, Vv=VM code, C=native code)
V  [jvm.dll+0x68c879]  (no source info available)
V  [jvm.dll+0x845979]  (no source info available)
V  [jvm.dll+0x8476e8]  (no source info available)
V  [jvm.dll+0x847d73]  (no source info available)
V  [jvm.dll+0x24cf6f]  (no source info available)
V  [jvm.dll+0x841757]  (no source info available)
V  [jvm.dll+0x6330db]  (no source info available)
V  [jvm.dll+0x1c4c0d]  (no source info available)
V  [jvm.dll+0x635a62]  (no source info available)
V  [jvm.dll+0x633a96]  (no source info available)
V  [jvm.dll+0x24a87e]  (no source info available)
V  [jvm.dll+0x6e5b2d]  (no source info available)
V  [jvm.dll+0x6e650f]  (no source info available)
V  [jvm.dll+0x37e57d]  (no source info available)
V  [jvm.dll+0x37d604]  (no source info available)
V  [jvm.dll+0x37d5a8]  (no source info available)
V  [jvm.dll+0x38d85d]  (no source info available)
C  0x0000027aed82b8ae  (no source info available)

The last pc belongs to new (printed below).
Java frames: (J=compiled Java code, j=interpreted, Vv=VM code)
j  org.gradle.util.internal.GFileUtils.tail(Ljava/io/File;I)Ljava/lang/String;+22
j  org.gradle.launcher.daemon.diagnostics.DaemonDiagnostics.tailDaemonLog()Ljava/lang/String;+6
j  org.gradle.launcher.daemon.diagnostics.DaemonDiagnostics.describe()Ljava/lang/String;+37
j  org.gradle.launcher.daemon.client.DaemonClient.handleDaemonDisappearance(Lorg/gradle/launcher/daemon/protocol/Build;Lorg/gradle/launcher/daemon/diagnostics/DaemonDiagnostics;)Lorg/gradle/launcher/daemon/protocol/Result;+15
j  org.gradle.launcher.daemon.client.DaemonClient.monitorBuild(Lorg/gradle/launcher/daemon/protocol/Build;Lorg/gradle/launcher/daemon/diagnostics/DaemonDiagnostics;Lorg/gradle/internal/remote/internal/Connection;Lorg/gradle/initialization/BuildCancellationToken;Lorg/gradle/initialization/BuildEventConsumer;)Ljava/lang/Object;+111
j  org.gradle.launcher.daemon.client.DaemonClient.executeBuild(Lorg/gradle/launcher/daemon/protocol/Build;Lorg/gradle/launcher/daemon/client/DaemonClientConnection;Lorg/gradle/initialization/BuildCancellationToken;Lorg/gradle/initialization/BuildEventConsumer;)Lorg/gradle/launcher/exec/BuildActionResult;+128
j  org.gradle.launcher.daemon.client.DaemonClient.execute(Lorg/gradle/internal/invocation/BuildAction;Lorg/gradle/launcher/exec/BuildActionParameters;Lorg/gradle/initialization/BuildRequestContext;)Lorg/gradle/launcher/exec/BuildActionResult;+276
j  org.gradle.launcher.daemon.client.DaemonClient.execute(Lorg/gradle/internal/invocation/BuildAction;Ljava/lang/Object;Ljava/lang/Object;)Lorg/gradle/launcher/exec/BuildActionResult;+10
j  org.gradle.launcher.cli.RunBuildAction.run()V+74
j  org.gradle.internal.Actions$RunnableActionAdapter.execute(Ljava/lang/Object;)V+4
j  org.gradle.launcher.cli.DefaultCommandLineActionFactory$ParseAndBuildAction.execute(Lorg/gradle/launcher/bootstrap/ExecutionListener;)V+60
j  org.gradle.launcher.cli.DefaultCommandLineActionFactory$ParseAndBuildAction.execute(Ljava/lang/Object;)V+5
j  org.gradle.launcher.cli.DebugLoggerWarningAction.execute(Lorg/gradle/launcher/bootstrap/ExecutionListener;)V+9
j  org.gradle.launcher.cli.DebugLoggerWarningAction.execute(Ljava/lang/Object;)V+5
j  org.gradle.launcher.cli.WelcomeMessageAction.execute(Lorg/gradle/launcher/bootstrap/ExecutionListener;)V+218
j  org.gradle.launcher.cli.WelcomeMessageAction.execute(Ljava/lang/Object;)V+5
j  org.gradle.launcher.cli.NativeServicesInitializingAction.execute(Lorg/gradle/launcher/bootstrap/ExecutionListener;)V+35
j  org.gradle.launcher.cli.NativeServicesInitializingAction.execute(Ljava/lang/Object;)V+5
j  org.gradle.launcher.cli.ExceptionReportingAction.execute(Lorg/gradle/launcher/bootstrap/ExecutionListener;)V+5
j  org.gradle.launcher.cli.ExceptionReportingAction.execute(Ljava/lang/Object;)V+5
j  org.gradle.launcher.cli.DefaultCommandLineActionFactory$WithLogging.execute(Lorg/gradle/launcher/bootstrap/ExecutionListener;)V+299
j  org.gradle.launcher.Main.doAction([Ljava/lang/String;Lorg/gradle/launcher/bootstrap/ExecutionListener;)V+14
j  org.gradle.launcher.bootstrap.EntryPoint.run([Ljava/lang/String;)V+12
v  ~StubRoutines::call_stub
j  jdk.internal.reflect.NativeMethodAccessorImpl.invoke0(Ljava/lang/reflect/Method;Ljava/lang/Object;[Ljava/lang/Object;)Ljava/lang/Object;+0 java.base@17.0.18
j  jdk.internal.reflect.NativeMethodAccessorImpl.invoke(Ljava/lang/Object;[Ljava/lang/Object;)Ljava/lang/Object;+133 java.base@17.0.18
j  jdk.internal.reflect.DelegatingMethodAccessorImpl.invoke(Ljava/lang/Object;[Ljava/lang/Object;)Ljava/lang/Object;+6 java.base@17.0.18
j  java.lang.reflect.Method.invoke(Ljava/lang/Object;[Ljava/lang/Object;)Ljava/lang/Object;+59 java.base@17.0.18
j  org.gradle.launcher.bootstrap.ProcessBootstrap.runNoExit(Ljava/lang/String;[Ljava/lang/String;)V+155
j  org.gradle.launcher.bootstrap.ProcessBootstrap.run(Ljava/lang/String;[Ljava/lang/String;)V+2
v  ~StubRoutines::call_stub
j  jdk.internal.reflect.NativeMethodAccessorImpl.invoke0(Ljava/lang/reflect/Method;Ljava/lang/Object;[Ljava/lang/Object;)Ljava/lang/Object;+0 java.base@17.0.18
j  jdk.internal.reflect.NativeMethodAccessorImpl.invoke(Ljava/lang/Object;[Ljava/lang/Object;)Ljava/lang/Object;+133 java.base@17.0.18
j  jdk.internal.reflect.DelegatingMethodAccessorImpl.invoke(Ljava/lang/Object;[Ljava/lang/Object;)Ljava/lang/Object;+6 java.base@17.0.18
j  java.lang.reflect.Method.invoke(Ljava/lang/Object;[Ljava/lang/Object;)Ljava/lang/Object;+59 java.base@17.0.18
j  org.gradle.launcher.GradleMain.main([Ljava/lang/String;)V+100
v  ~StubRoutines::call_stub
j  jdk.internal.reflect.NativeMethodAccessorImpl.invoke0(Ljava/lang/reflect/Method;Ljava/lang/Object;[Ljava/lang/Object;)Ljava/lang/Object;+0 java.base@17.0.18
j  jdk.internal.reflect.NativeMethodAccessorImpl.invoke(Ljava/lang/Object;[Ljava/lang/Object;)Ljava/lang/Object;+133 java.base@17.0.18
j  jdk.internal.reflect.DelegatingMethodAccessorImpl.invoke(Ljava/lang/Object;[Ljava/lang/Object;)Ljava/lang/Object;+6 java.base@17.0.18
j  java.lang.reflect.Method.invoke(Ljava/lang/Object;[Ljava/lang/Object;)Ljava/lang/Object;+59 java.base@17.0.18
j  org.gradle.wrapper.GradleWrapperMain.main([Ljava/lang/String;)V+1826
v  ~StubRoutines::call_stub
new  187 new  [0x0000027aed82b720, 0x0000027aed82b940]  544 bytes
[MachCode]
  0x0000027aed82b720: 4883 ec08 | c5fa 1104 | 24eb 1f48 | 83ec 10c5 | fb11 0424 | eb14 4883 | ec10 4889 | 0424 48c7 
  0x0000027aed82b740: 4424 0800 | 0000 00eb | 0150 410f | b755 010f | cac1 ea10 | 488b 4de8 | 488b 4908 | 488b 4908 
  0x0000027aed82b760: 488b 4108 | 807c 1004 | 070f 85df | 0000 0066 | 8b54 d148 | 488b 4928 | 488b 4cd1 | 0851 80b9 
  0x0000027aed82b780: 3301 0000 | 040f 85c2 | 0000 008b | 5108 f7c2 | 0100 0000 | 0f85 b300 | 0000 498b | 8708 0100 
  0x0000027aed82b7a0: 0048 8d1c | 1049 3b9f | 1801 0000 | 0f87 9b00 | 0000 4989 | 9f08 0100 | 00e9 0000 | 0000 4883 
  0x0000027aed82b7c0: ea10 0f84 | 0f00 0000 | 33c9 c1ea | 0348 894c | d008 48ff | ca75 f648 | c700 0100 | 0000 5933 
  0x0000027aed82b7e0: f689 700c | 49ba 0000 | 0080 7a02 | 0000 492b | ca89 4808 | 49ba dca8 | 5177 fc7f | 0000 4180 
  0x0000027aed82b800: 3a00 0f84 | 4000 0000 | 5048 8bc8 | 4883 ec20 | f7c4 0f00 | 0000 0f84 | 1a00 0000 | 4883 ec08 
  0x0000027aed82b820: 49ba f055 | 0777 fc7f | 0000 41ff | d248 83c4 | 08e9 0d00 | 0000 49ba | f055 0777 | fc7f 0000 
  0x0000027aed82b840: 41ff d248 | 83c4 2058 | e9cd 0000 | 0059 488b | 55e8 488b | 5208 488b | 5208 450f | b745 0141 
  0x0000027aed82b860: 0fc8 41c1 | e810 e805 | 0000 00e9 | aa00 0000 | 488d 4424 | 084c 896d | c049 8bcf | c5f8 7749 
  0x0000027aed82b880: 89af b002 | 0000 4989 | 87a0 0200 | 0048 83ec | 20f7 c40f | 0000 000f | 841a 0000 | 0048 83ec 
  0x0000027aed82b8a0: 0849 bad0 | d7d0 76fc | 7f00 0041 | ffd2 4883 | c408 e90d | 0000 0049 | bad0 d7d0 | 76fc 7f00 
  0x0000027aed82b8c0: 0041 ffd2 | 4883 c420 | 49c7 87a0 | 0200 0000 | 0000 0049 | c787 b002 | 0000 0000 | 0000 49c7 
  0x0000027aed82b8e0: 87a8 0200 | 0000 0000 | 00c5 f877 | 4981 7f08 | 0000 0000 | 0f84 0500 | 0000 e901 | 56fe ff49 
  0x0000027aed82b900: 8b87 f802 | 0000 49c7 | 87f8 0200 | 0000 0000 | 004c 8b6d | c04c 8b75 | c8c3 410f | b65d 0349 
  0x0000027aed82b920: 83c5 0349 | ba20 1a54 | 77fc 7f00 | 0041 ff24 | da0f 1f80 | 0000 0000 | 0000 0000 | 0000 0000 
[/MachCode]

---------------  P R O C E S S  ---------------

Threads class SMR info:
_java_thread_list=0x0000027af7c7ea00, length=15, elements={
0x0000027ade7604b0, 0x0000027af7922780, 0x0000027af7923600, 0x0000027af7939230,
0x0000027af793bb10, 0x0000027af793c4d0, 0x0000027af793ce90, 0x0000027af793db80,
0x0000027af793f640, 0x0000027af799e370, 0x0000027af7a81310, 0x0000027af7a81a90,
0x0000027afca9cf00, 0x0000027af7cad7f0, 0x0000027af7a4f030
}

Java Threads: ( => current thread )
=>0x0000027ade7604b0 JavaThread "main" [_thread_in_vm, id=7244, stack(0x000000a682000000,0x000000a682100000)]
  0x0000027af7922780 JavaThread "Reference Handler" daemon [_thread_blocked, id=10932, stack(0x000000a682700000,0x000000a682800000)]
  0x0000027af7923600 JavaThread "Finalizer" daemon [_thread_blocked, id=11656, stack(0x000000a682800000,0x000000a682900000)]
  0x0000027af7939230 JavaThread "Signal Dispatcher" daemon [_thread_blocked, id=10512, stack(0x000000a682900000,0x000000a682a00000)]
  0x0000027af793bb10 JavaThread "Attach Listener" daemon [_thread_blocked, id=8644, stack(0x000000a682a00000,0x000000a682b00000)]
  0x0000027af793c4d0 JavaThread "Service Thread" daemon [_thread_blocked, id=8844, stack(0x000000a682b00000,0x000000a682c00000)]
  0x0000027af793ce90 JavaThread "Monitor Deflation Thread" daemon [_thread_blocked, id=884, stack(0x000000a682c00000,0x000000a682d00000)]
  0x0000027af793db80 JavaThread "C2 CompilerThread0" daemon [_thread_blocked, id=11744, stack(0x000000a682d00000,0x000000a682e00000)]
  0x0000027af793f640 JavaThread "C1 CompilerThread0" daemon [_thread_blocked, id=12020, stack(0x000000a682e00000,0x000000a682f00000)]
  0x0000027af799e370 JavaThread "Sweeper thread" daemon [_thread_blocked, id=14184, stack(0x000000a682f00000,0x000000a683000000)]
  0x0000027af7a81310 JavaThread "Notification Thread" daemon [_thread_blocked, id=2544, stack(0x000000a683000000,0x000000a683100000)]
  0x0000027af7a81a90 JavaThread "Common-Cleaner" daemon [_thread_blocked, id=7384, stack(0x000000a683200000,0x000000a683300000)]
  0x0000027afca9cf00 JavaThread "pool-1-thread-1" [_thread_in_vm, id=13976, stack(0x000000a683600000,0x000000a683700000)]
  0x0000027af7cad7f0 JavaThread "DisconnectableInputStream source reader" daemon [_thread_in_native, id=6528, stack(0x000000a683800000,0x000000a683900000)]
  0x0000027af7a4f030 JavaThread "Forward input" [_thread_blocked, id=7016, stack(0x000000a683900000,0x000000a683a00000)]

Other Threads:
  0x0000027af791c070 VMThread "VM Thread" [stack: 0x000000a682600000,0x000000a682700000] [id=9008]
  0x0000027af7a817f0 WatcherThread [stack: 0x000000a683100000,0x000000a683200000] [id=11424]
  0x0000027ade780ca0 GCTaskThread "GC Thread#0" [stack: 0x000000a682100000,0x000000a682200000] [id=6888]
  0x0000027af7bfac10 GCTaskThread "GC Thread#1" [stack: 0x000000a683300000,0x000000a683400000] [id=12380]
  0x0000027af7db9ce0 GCTaskThread "GC Thread#2" [stack: 0x000000a683400000,0x000000a683500000] [id=2504]
  0x0000027af7db9fb0 GCTaskThread "GC Thread#3" [stack: 0x000000a683500000,0x000000a683600000] [id=13336]
  0x0000027ade782400 ConcurrentGCThread "G1 Main Marker" [stack: 0x000000a682200000,0x000000a682300000] [id=9872]
  0x0000027ade782e20 ConcurrentGCThread "G1 Conc#0" [stack: 0x000000a682300000,0x000000a682400000] [id=3496]
  0x0000027ade7d08a0 ConcurrentGCThread "G1 Refine#0" [stack: 0x000000a682400000,0x000000a682500000] [id=6392]
  0x0000027ade7d12e0 ConcurrentGCThread "G1 Service" [stack: 0x000000a682500000,0x000000a682600000] [id=10208]

Threads with active compile tasks:

VM state: not at safepoint (normal execution)

VM Mutex/Monitor currently owned by a thread:  ([mutex/lock_event])
[0x0000027ade75b6e0] Metaspace_lock - owner thread: 0x0000027ade7604b0

Heap address: 0x00000000fc000000, size: 64 MB, Compressed Oops mode: 32-bit

CDS archive(s) mapped at: [0x0000027a80000000-0x0000027a80bb0000-0x0000027a80bb0000), size 12255232, SharedBaseAddress: 0x0000027a80000000, ArchiveRelocationMode: 1.
Compressed class space mapped at: 0x0000027a81000000-0x0000027ac1000000, reserved size: 1073741824
Narrow klass base: 0x0000027a80000000, Narrow klass shift: 0, Narrow klass range: 0x100000000

GC Precious Log:
 CPUs: 4 total, 4 available
 Memory: 7843M
 Large Page Support: Disabled
 NUMA Support: Disabled
 Compressed Oops: Enabled (32-bit)
 Heap Region Size: 1M
 Heap Min Capacity: 64M
 Heap Initial Capacity: 64M
 Heap Max Capacity: 64M
 Pre-touch: Disabled
 Parallel Workers: 4
 Concurrent Workers: 1
 Concurrent Refinement Workers: 4
 Periodic GC: Disabled

Heap:
 garbage-first heap   total 65536K, used 29220K [0x00000000fc000000, 0x0000000100000000)
  region size 1024K, 22 young (22528K), 3 survivors (3072K)
 Metaspace       used 9778K, committed 9984K, reserved 1114112K
  class space    used 1274K, committed 1408K, reserved 1048576K

Heap Regions: E=young(eden), S=young(survivor), O=old, HS=humongous(starts), HC=humongous(continues), CS=collection set, F=free, OA=open archive, CA=closed archive, TAMS=top-at-mark-start (previous, next)
|   0|0x00000000fc000000, 0x00000000fc100000, 0x00000000fc100000|100%| O|  |TAMS 0x00000000fc000000, 0x00000000fc000000| Untracked 
|   1|0x00000000fc100000, 0x00000000fc200000, 0x00000000fc200000|100%|HS|  |TAMS 0x00000000fc100000, 0x00000000fc100000| Complete 
|   2|0x00000000fc200000, 0x00000000fc300000, 0x00000000fc300000|100%|HC|  |TAMS 0x00000000fc200000, 0x00000000fc200000| Complete 
|   3|0x00000000fc300000, 0x00000000fc400000, 0x00000000fc400000|100%|HC|  |TAMS 0x00000000fc300000, 0x00000000fc300000| Complete 
|   4|0x00000000fc400000, 0x00000000fc500000, 0x00000000fc500000|100%|HC|  |TAMS 0x00000000fc400000, 0x00000000fc400000| Complete 
|   5|0x00000000fc500000, 0x00000000fc600000, 0x00000000fc600000|100%| O|  |TAMS 0x00000000fc500000, 0x00000000fc500000| Untracked 
|   6|0x00000000fc600000, 0x00000000fc700000, 0x00000000fc700000|100%| O|  |TAMS 0x00000000fc600000, 0x00000000fc600000| Untracked 
|   7|0x00000000fc700000, 0x00000000fc789200, 0x00000000fc800000| 53%| O|  |TAMS 0x00000000fc700000, 0x00000000fc700000| Untracked 
|   8|0x00000000fc800000, 0x00000000fc800000, 0x00000000fc900000|  0%| F|  |TAMS 0x00000000fc800000, 0x00000000fc800000| Untracked 
|   9|0x00000000fc900000, 0x00000000fc900000, 0x00000000fca00000|  0%| F|  |TAMS 0x00000000fc900000, 0x00000000fc900000| Untracked 
|  10|0x00000000fca00000, 0x00000000fca00000, 0x00000000fcb00000|  0%| F|  |TAMS 0x00000000fca00000, 0x00000000fca00000| Untracked 
|  11|0x00000000fcb00000, 0x00000000fcb00000, 0x00000000fcc00000|  0%| F|  |TAMS 0x00000000fcb00000, 0x00000000fcb00000| Untracked 
|  12|0x00000000fcc00000, 0x00000000fcc00000, 0x00000000fcd00000|  0%| F|  |TAMS 0x00000000fcc00000, 0x00000000fcc00000| Untracked 
|  13|0x00000000fcd00000, 0x00000000fcd00000, 0x00000000fce00000|  0%| F|  |TAMS 0x00000000fcd00000, 0x00000000fcd00000| Untracked 
|  14|0x00000000fce00000, 0x00000000fce00000, 0x00000000fcf00000|  0%| F|  |TAMS 0x00000000fce00000, 0x00000000fce00000| Untracked 
|  15|0x00000000fcf00000, 0x00000000fcf00000, 0x00000000fd000000|  0%| F|  |TAMS 0x00000000fcf00000, 0x00000000fcf00000| Untracked 
|  16|0x00000000fd000000, 0x00000000fd000000, 0x00000000fd100000|  0%| F|  |TAMS 0x00000000fd000000, 0x00000000fd000000| Untracked 
|  17|0x00000000fd100000, 0x00000000fd100000, 0x00000000fd200000|  0%| F|  |TAMS 0x00000000fd100000, 0x00000000fd100000| Untracked 
|  18|0x00000000fd200000, 0x00000000fd200000, 0x00000000fd300000|  0%| F|  |TAMS 0x00000000fd200000, 0x00000000fd200000| Untracked 
|  19|0x00000000fd300000, 0x00000000fd300000, 0x00000000fd400000|  0%| F|  |TAMS 0x00000000fd300000, 0x00000000fd300000| Untracked 
|  20|0x00000000fd400000, 0x00000000fd400000, 0x00000000fd500000|  0%| F|  |TAMS 0x00000000fd400000, 0x00000000fd400000| Untracked 
|  21|0x00000000fd500000, 0x00000000fd500000, 0x00000000fd600000|  0%| F|  |TAMS 0x00000000fd500000, 0x00000000fd500000| Untracked 
|  22|0x00000000fd600000, 0x00000000fd600000, 0x00000000fd700000|  0%| F|  |TAMS 0x00000000fd600000, 0x00000000fd600000| Untracked 
|  23|0x00000000fd700000, 0x00000000fd700000, 0x00000000fd800000|  0%| F|  |TAMS 0x00000000fd700000, 0x00000000fd700000| Untracked 
|  24|0x00000000fd800000, 0x00000000fd800000, 0x00000000fd900000|  0%| F|  |TAMS 0x00000000fd800000, 0x00000000fd800000| Untracked 
|  25|0x00000000fd900000, 0x00000000fd900000, 0x00000000fda00000|  0%| F|  |TAMS 0x00000000fd900000, 0x00000000fd900000| Untracked 
|  26|0x00000000fda00000, 0x00000000fda00000, 0x00000000fdb00000|  0%| F|  |TAMS 0x00000000fda00000, 0x00000000fda00000| Untracked 
|  27|0x00000000fdb00000, 0x00000000fdb00000, 0x00000000fdc00000|  0%| F|  |TAMS 0x00000000fdb00000, 0x00000000fdb00000| Untracked 
|  28|0x00000000fdc00000, 0x00000000fdc00000, 0x00000000fdd00000|  0%| F|  |TAMS 0x00000000fdc00000, 0x00000000fdc00000| Untracked 
|  29|0x00000000fdd00000, 0x00000000fdd00000, 0x00000000fde00000|  0%| F|  |TAMS 0x00000000fdd00000, 0x00000000fdd00000| Untracked 
|  30|0x00000000fde00000, 0x00000000fde00000, 0x00000000fdf00000|  0%| F|  |TAMS 0x00000000fde00000, 0x00000000fde00000| Untracked 
|  31|0x00000000fdf00000, 0x00000000fdf00000, 0x00000000fe000000|  0%| F|  |TAMS 0x00000000fdf00000, 0x00000000fdf00000| Untracked 
|  32|0x00000000fe000000, 0x00000000fe000000, 0x00000000fe100000|  0%| F|  |TAMS 0x00000000fe000000, 0x00000000fe000000| Untracked 
|  33|0x00000000fe100000, 0x00000000fe100000, 0x00000000fe200000|  0%| F|  |TAMS 0x00000000fe100000, 0x00000000fe100000| Untracked 
|  34|0x00000000fe200000, 0x00000000fe200000, 0x00000000fe300000|  0%| F|  |TAMS 0x00000000fe200000, 0x00000000fe200000| Untracked 
|  35|0x00000000fe300000, 0x00000000fe300000, 0x00000000fe400000|  0%| F|  |TAMS 0x00000000fe300000, 0x00000000fe300000| Untracked 
|  36|0x00000000fe400000, 0x00000000fe400000, 0x00000000fe500000|  0%| F|  |TAMS 0x00000000fe400000, 0x00000000fe400000| Untracked 
|  37|0x00000000fe500000, 0x00000000fe500000, 0x00000000fe600000|  0%| F|  |TAMS 0x00000000fe500000, 0x00000000fe500000| Untracked 
|  38|0x00000000fe600000, 0x00000000fe600000, 0x00000000fe700000|  0%| F|  |TAMS 0x00000000fe600000, 0x00000000fe600000| Untracked 
|  39|0x00000000fe700000, 0x00000000fe700000, 0x00000000fe800000|  0%| F|  |TAMS 0x00000000fe700000, 0x00000000fe700000| Untracked 
|  40|0x00000000fe800000, 0x00000000fe800000, 0x00000000fe900000|  0%| F|  |TAMS 0x00000000fe800000, 0x00000000fe800000| Untracked 
|  41|0x00000000fe900000, 0x00000000fe900000, 0x00000000fea00000|  0%| F|  |TAMS 0x00000000fe900000, 0x00000000fe900000| Untracked 
|  42|0x00000000fea00000, 0x00000000feab13d0, 0x00000000feb00000| 69%| E|  |TAMS 0x00000000fea00000, 0x00000000fea00000| Complete 
|  43|0x00000000feb00000, 0x00000000fec00000, 0x00000000fec00000|100%| S|CS|TAMS 0x00000000feb00000, 0x00000000feb00000| Complete 
|  44|0x00000000fec00000, 0x00000000fed00000, 0x00000000fed00000|100%| S|CS|TAMS 0x00000000fec00000, 0x00000000fec00000| Complete 
|  45|0x00000000fed00000, 0x00000000fee00000, 0x00000000fee00000|100%| S|CS|TAMS 0x00000000fed00000, 0x00000000fed00000| Complete 
|  46|0x00000000fee00000, 0x00000000fef00000, 0x00000000fef00000|100%| E|CS|TAMS 0x00000000fee00000, 0x00000000fee00000| Complete 
|  47|0x00000000fef00000, 0x00000000ff000000, 0x00000000ff000000|100%| E|CS|TAMS 0x00000000fef00000, 0x00000000fef00000| Complete 
|  48|0x00000000ff000000, 0x00000000ff100000, 0x00000000ff100000|100%| E|CS|TAMS 0x00000000ff000000, 0x00000000ff000000| Complete 
|  49|0x00000000ff100000, 0x00000000ff200000, 0x00000000ff200000|100%| E|CS|TAMS 0x00000000ff100000, 0x00000000ff100000| Complete 
|  50|0x00000000ff200000, 0x00000000ff300000, 0x00000000ff300000|100%| E|CS|TAMS 0x00000000ff200000, 0x00000000ff200000| Complete 
|  51|0x00000000ff300000, 0x00000000ff400000, 0x00000000ff400000|100%| E|CS|TAMS 0x00000000ff300000, 0x00000000ff300000| Complete 
|  52|0x00000000ff400000, 0x00000000ff500000, 0x00000000ff500000|100%| E|CS|TAMS 0x00000000ff400000, 0x00000000ff400000| Complete 
|  53|0x00000000ff500000, 0x00000000ff600000, 0x00000000ff600000|100%| E|CS|TAMS 0x00000000ff500000, 0x00000000ff500000| Complete 
|  54|0x00000000ff600000, 0x00000000ff700000, 0x00000000ff700000|100%| E|CS|TAMS 0x00000000ff600000, 0x00000000ff600000| Complete 
|  55|0x00000000ff700000, 0x00000000ff800000, 0x00000000ff800000|100%| E|CS|TAMS 0x00000000ff700000, 0x00000000ff700000| Complete 
|  56|0x00000000ff800000, 0x00000000ff900000, 0x00000000ff900000|100%| E|CS|TAMS 0x00000000ff800000, 0x00000000ff800000| Complete 
|  57|0x00000000ff900000, 0x00000000ffa00000, 0x00000000ffa00000|100%| E|CS|TAMS 0x00000000ff900000, 0x00000000ff900000| Complete 
|  58|0x00000000ffa00000, 0x00000000ffb00000, 0x00000000ffb00000|100%| E|CS|TAMS 0x00000000ffa00000, 0x00000000ffa00000| Complete 
|  59|0x00000000ffb00000, 0x00000000ffc00000, 0x00000000ffc00000|100%| E|CS|TAMS 0x00000000ffb00000, 0x00000000ffb00000| Complete 
|  60|0x00000000ffc00000, 0x00000000ffd00000, 0x00000000ffd00000|100%| E|CS|TAMS 0x00000000ffc00000, 0x00000000ffc00000| Complete 
|  61|0x00000000ffd00000, 0x00000000ffe00000, 0x00000000ffe00000|100%| E|CS|TAMS 0x00000000ffd00000, 0x00000000ffd00000| Complete 
|  62|0x00000000ffe00000, 0x00000000fff00000, 0x00000000fff00000|100%| E|CS|TAMS 0x00000000ffe00000, 0x00000000ffe00000| Complete 
|  63|0x00000000fff00000, 0x0000000100000000, 0x0000000100000000|100%| E|CS|TAMS 0x00000000fff00000, 0x00000000fff00000| Complete 

Card table byte_map: [0x0000027ade540000,0x0000027ade560000] _byte_map_base: 0x0000027addd60000

Marking Bits (Prev, Next): (CMBitMap*) 0x0000027ade7812d0, (CMBitMap*) 0x0000027ade781310
 Prev Bits: [0x0000027ade580000, 0x0000027ade680000)
 Next Bits: [0x0000027af52e0000, 0x0000027af53e0000)

Polling page: 0x0000027adc710000

Metaspace:

Usage:
  Non-class:      8.30 MB used.
      Class:      1.24 MB used.
       Both:      9.55 MB used.

Virtual space:
  Non-class space:       64.00 MB reserved,       8.38 MB ( 13%) committed,  1 nodes.
      Class space:        1.00 GB reserved,       1.38 MB ( <1%) committed,  1 nodes.
             Both:        1.06 GB reserved,       9.75 MB ( <1%) committed. 

Chunk freelists:
   Non-Class:  6.73 MB
       Class:  14.56 MB
        Both:  21.30 MB

MaxMetaspaceSize: unlimited
CompressedClassSpaceSize: 1.00 GB
Initial GC threshold: 21.00 MB
Current GC threshold: 21.00 MB
CDS: on
MetaspaceReclaimPolicy: balanced
 - commit_granule_bytes: 65536.
 - commit_granule_words: 8192.
 - virtual_space_node_default_size: 8388608.
 - enlarge_chunks_in_place: 1.
 - new_chunks_are_fully_committed: 0.
 - uncommit_free_chunks: 1.
 - use_allocation_guard: 0.
 - handle_deallocations: 1.


Internal statistics:

num_allocs_failed_limit: 0.
num_arena_births: 92.
num_arena_deaths: 0.
num_vsnodes_births: 2.
num_vsnodes_deaths: 0.
num_space_committed: 156.
num_space_uncommitted: 0.
num_chunks_returned_to_freelist: 0.
num_chunks_taken_from_freelist: 343.
num_chunk_merges: 0.
num_chunk_splits: 233.
num_chunks_enlarged: 191.
num_inconsistent_stats: 0.

CodeHeap 'non-profiled nmethods': size=120000Kb used=735Kb max_used=735Kb free=119264Kb
 bounds [0x0000027aeddb0000, 0x0000027aee020000, 0x0000027af52e0000]
CodeHeap 'profiled nmethods': size=120000Kb used=3309Kb max_used=3309Kb free=116690Kb
 bounds [0x0000027ae62e0000, 0x0000027ae6620000, 0x0000027aed810000]
CodeHeap 'non-nmethods': size=5760Kb used=1187Kb max_used=1216Kb free=4572Kb
 bounds [0x0000027aed810000, 0x0000027aeda80000, 0x0000027aeddb0000]
 total_blobs=2185 nmethods=1697 adapters=401
 compilation: enabled
              stopped_count=0, restarted_count=0
 full_count=0

Compilation events (20 events):
Event: 115.398 Thread 0x0000027af793f640 1689       3       org.gradle.internal.logging.sink.GroupingProgressLogEventGenerator$OperationGroup::shouldForward (42 bytes)
Event: 115.399 Thread 0x0000027af793f640 nmethod 1689 0x0000027ae6618f90 code [0x0000027ae6619180, 0x0000027ae6619688]
Event: 115.498 Thread 0x0000027af793f640 1690       3       org.gradle.internal.logging.sink.GroupingProgressLogEventGenerator$OperationGroup::flushOutput (197 bytes)
Event: 115.502 Thread 0x0000027af793f640 nmethod 1690 0x0000027ae6619810 code [0x0000027ae6619b00, 0x0000027ae661aa88]
Event: 117.062 Thread 0x0000027af793f640 1691       3       org.gradle.internal.operations.OperationIdentifier::equals (47 bytes)
Event: 117.063 Thread 0x0000027af793f640 nmethod 1691 0x0000027ae661b010 code [0x0000027ae661b1e0, 0x0000027ae661b598]
Event: 132.358 Thread 0x0000027af793db80 1692       4       java.util.concurrent.ThreadPoolExecutor::beforeExecute (1 bytes)
Event: 132.358 Thread 0x0000027af793db80 nmethod 1692 0x0000027aede66790 code [0x0000027aede66900, 0x0000027aede66978]
Event: 132.472 Thread 0x0000027af793db80 1693       4       java.util.concurrent.ThreadPoolExecutor::afterExecute (1 bytes)
Event: 132.472 Thread 0x0000027af793db80 nmethod 1693 0x0000027aede66a90 code [0x0000027aede66c00, 0x0000027aede66c78]
Event: 134.657 Thread 0x0000027af793f640 1694       1       org.gradle.internal.logging.events.CategorisedOutputEvent::getLogLevel (5 bytes)
Event: 134.657 Thread 0x0000027af793f640 nmethod 1694 0x0000027aede66d90 code [0x0000027aede66f20, 0x0000027aede66ff8]
Event: 138.418 Thread 0x0000027af793db80 1695       4       jdk.internal.misc.Unsafe::weakCompareAndSetInt (11 bytes)
Event: 138.419 Thread 0x0000027af793db80 nmethod 1695 0x0000027aede67090 code [0x0000027aede67200, 0x0000027aede67298]
Event: 140.698 Thread 0x0000027af793db80 1696       4       java.util.concurrent.atomic.AtomicLong::compareAndSet (13 bytes)
Event: 140.698 Thread 0x0000027af793db80 nmethod 1696 0x0000027aede67390 code [0x0000027aede67500, 0x0000027aede67598]
Event: 140.708 Thread 0x0000027af793db80 1697       4       java.util.concurrent.locks.AbstractQueuedSynchronizer::signalNext (34 bytes)
Event: 140.710 Thread 0x0000027af793db80 nmethod 1697 0x0000027aede67690 code [0x0000027aede67820, 0x0000027aede67928]
Event: 145.671 Thread 0x0000027af793db80 1698       4       java.util.LinkedHashMap$LinkedValueIterator::next (8 bytes)
Event: 145.675 Thread 0x0000027af793db80 nmethod 1698 0x0000027aede67a10 code [0x0000027aede67ba0, 0x0000027aede67e38]

GC Heap History (4 events):
Event: 2.129 GC heap before
{Heap before GC invocations=0 (full 0):
 garbage-first heap   total 65536K, used 12288K [0x00000000fc000000, 0x0000000100000000)
  region size 1024K, 13 young (13312K), 0 survivors (0K)
 Metaspace       used 1780K, committed 1920K, reserved 1114112K
  class space    used 163K, committed 192K, reserved 1048576K
}
Event: 2.203 GC heap after
{Heap after GC invocations=1 (full 0):
 garbage-first heap   total 65536K, used 2064K [0x00000000fc000000, 0x0000000100000000)
  region size 1024K, 2 young (2048K), 2 survivors (2048K)
 Metaspace       used 1780K, committed 1920K, reserved 1114112K
  class space    used 163K, committed 192K, reserved 1048576K
}
Event: 5.110 GC heap before
{Heap before GC invocations=1 (full 0):
 garbage-first heap   total 65536K, used 21520K [0x00000000fc000000, 0x0000000100000000)
  region size 1024K, 18 young (18432K), 2 survivors (2048K)
 Metaspace       used 4930K, committed 5120K, reserved 1114112K
  class space    used 658K, committed 768K, reserved 1048576K
}
Event: 5.117 GC heap after
{Heap after GC invocations=2 (full 0):
 garbage-first heap   total 65536K, used 10788K [0x00000000fc000000, 0x0000000100000000)
  region size 1024K, 3 young (3072K), 3 survivors (3072K)
 Metaspace       used 4930K, committed 5120K, reserved 1114112K
  class space    used 658K, committed 768K, reserved 1048576K
}

Dll operation events (12 events):
Event: 0.081 Loaded shared library C:\Program Files\Microsoft\jdk-17.0.18.8-hotspot\bin\java.dll
Event: 0.220 Loaded shared library C:\Program Files\Microsoft\jdk-17.0.18.8-hotspot\bin\jsvml.dll
Event: 0.384 Loaded shared library C:\Program Files\Microsoft\jdk-17.0.18.8-hotspot\bin\net.dll
Event: 0.388 Loaded shared library C:\Program Files\Microsoft\jdk-17.0.18.8-hotspot\bin\nio.dll
Event: 0.397 Loaded shared library C:\Program Files\Microsoft\jdk-17.0.18.8-hotspot\bin\zip.dll
Event: 0.421 Loaded shared library C:\Program Files\Microsoft\jdk-17.0.18.8-hotspot\bin\verify.dll
Event: 1.885 Loaded shared library C:\Program Files\Microsoft\jdk-17.0.18.8-hotspot\bin\jimage.dll
Event: 4.464 Loaded shared library C:\Users\Administrator\.gradle\native\c067742578af261105cb4f569cf0c3c89f3d7b1fecec35dd04571415982c5e48\windows-amd64\native-platform.dll
Event: 5.621 Loaded shared library C:\Program Files\Microsoft\jdk-17.0.18.8-hotspot\bin\management.dll
Event: 5.671 Loaded shared library C:\Program Files\Microsoft\jdk-17.0.18.8-hotspot\bin\management_ext.dll
Event: 7.187 Loaded shared library C:\Program Files\Microsoft\jdk-17.0.18.8-hotspot\bin\extnet.dll
Event: 22.250 Loaded shared library C:\Program Files\Microsoft\jdk-17.0.18.8-hotspot\bin\sunmscapi.dll

Deoptimization events (20 events):
Event: 8.736 Thread 0x0000027afc758170 Uncommon trap: trap_request=0xffffff45 fr.pc=0x0000027aeddfc97c relative=0x000000000000005c
Event: 8.736 Thread 0x0000027afc758170 Uncommon trap: reason=unstable_if action=reinterpret pc=0x0000027aeddfc97c method=java.lang.AbstractStringBuilder.isLatin1()Z @ 10 c2
Event: 8.736 Thread 0x0000027afc758170 DEOPT PACKING pc=0x0000027aeddfc97c sp=0x000000a6837fe920
Event: 8.736 Thread 0x0000027afc758170 DEOPT UNPACKING pc=0x0000027aed8669a3 sp=0x000000a6837fe8b0 mode 2
Event: 8.736 Thread 0x0000027afc758170 Uncommon trap: trap_request=0xffffff45 fr.pc=0x0000027aede43c20 relative=0x0000000000000400
Event: 8.736 Thread 0x0000027afc758170 Uncommon trap: reason=unstable_if action=reinterpret pc=0x0000027aede43c20 method=java.lang.AbstractStringBuilder.isLatin1()Z @ 10 c2
Event: 8.736 Thread 0x0000027afc758170 DEOPT PACKING pc=0x0000027aede43c20 sp=0x000000a6837feb30
Event: 8.736 Thread 0x0000027afc758170 DEOPT UNPACKING pc=0x0000027aed8669a3 sp=0x000000a6837feab0 mode 2
Event: 22.056 Thread 0x0000027afc758170 Uncommon trap: trap_request=0xffffff45 fr.pc=0x0000027aeddbfba4 relative=0x0000000000000084
Event: 22.056 Thread 0x0000027afc758170 Uncommon trap: reason=unstable_if action=reinterpret pc=0x0000027aeddbfba4 method=java.lang.String.codePointAt(I)I @ 4 c2
Event: 22.056 Thread 0x0000027afc758170 DEOPT PACKING pc=0x0000027aeddbfba4 sp=0x000000a6837fea90
Event: 22.056 Thread 0x0000027afc758170 DEOPT UNPACKING pc=0x0000027aed8669a3 sp=0x000000a6837fea28 mode 2
Event: 22.259 Thread 0x0000027ade7604b0 Uncommon trap: trap_request=0xffffff45 fr.pc=0x0000027aede41a80 relative=0x00000000000001e0
Event: 22.259 Thread 0x0000027ade7604b0 Uncommon trap: reason=unstable_if action=reinterpret pc=0x0000027aede41a80 method=java.util.HashMap.putVal(ILjava/lang/Object;Ljava/lang/Object;ZZ)Ljava/lang/Object; @ 162 c2
Event: 22.259 Thread 0x0000027ade7604b0 DEOPT PACKING pc=0x0000027aede41a80 sp=0x000000a6820fa810
Event: 22.259 Thread 0x0000027ade7604b0 DEOPT UNPACKING pc=0x0000027aed8669a3 sp=0x000000a6820fa7a0 mode 2
Event: 22.443 Thread 0x0000027ade7604b0 Uncommon trap: trap_request=0xffffff45 fr.pc=0x0000027aede0d0b8 relative=0x0000000000000458
Event: 22.443 Thread 0x0000027ade7604b0 Uncommon trap: reason=unstable_if action=reinterpret pc=0x0000027aede0d0b8 method=java.util.regex.Matcher.match(II)Z @ 76 c2
Event: 22.443 Thread 0x0000027ade7604b0 DEOPT PACKING pc=0x0000027aede0d0b8 sp=0x000000a6820fb970
Event: 22.443 Thread 0x0000027ade7604b0 DEOPT UNPACKING pc=0x0000027aed8669a3 sp=0x000000a6820fb928 mode 2

Classes loaded (20 events):
Event: 46.854 Loading class jdk/internal/reflect/ByteVectorImpl
Event: 46.854 Loading class jdk/internal/reflect/ByteVector
Event: 46.854 Loading class jdk/internal/reflect/ByteVector done
Event: 46.854 Loading class jdk/internal/reflect/ByteVectorImpl done
Event: 46.855 Loading class jdk/internal/reflect/ClassFileAssembler
Event: 46.855 Loading class jdk/internal/reflect/ClassFileAssembler done
Event: 46.855 Loading class jdk/internal/reflect/UTF8
Event: 46.856 Loading class jdk/internal/reflect/UTF8 done
Event: 46.858 Loading class jdk/internal/reflect/Label
Event: 46.858 Loading class jdk/internal/reflect/Label done
Event: 46.858 Loading class jdk/internal/reflect/Label$PatchInfo
Event: 46.858 Loading class jdk/internal/reflect/Label$PatchInfo done
Event: 46.858 Loading class jdk/internal/reflect/MethodAccessorGenerator$1
Event: 46.858 Loading class jdk/internal/reflect/MethodAccessorGenerator$1 done
Event: 46.859 Loading class jdk/internal/reflect/ClassDefiner
Event: 46.859 Loading class jdk/internal/reflect/ClassDefiner done
Event: 46.859 Loading class jdk/internal/reflect/ClassDefiner$1
Event: 46.859 Loading class jdk/internal/reflect/ClassDefiner$1 done
Event: 148.550 Loading class sun/net/ConnectionResetException
Event: 148.551 Loading class sun/net/ConnectionResetException done

Classes unloaded (0 events):
No events

Classes redefined (0 events):
No events

Internal exceptions (20 events):
Event: 4.388 Thread 0x0000027ade7604b0 Exception <a 'java/lang/NoSuchMethodError'{0x00000000ff4e78b0}: 'void java.lang.invoke.DelegatingMethodHandle$Holder.delegate(java.lang.Object, java.lang.Object, int, java.lang.Object)'> (0x00000000ff4e78b0) 
thrown [s\src\hotspot\share\interpreter\linkResolver.cpp, line 759]
Event: 4.390 Thread 0x0000027ade7604b0 Exception <a 'java/lang/NoSuchMethodError'{0x00000000ff4eb9f8}: 'int java.lang.invoke.DirectMethodHandle$Holder.invokeSpecial(java.lang.Object, java.lang.Object, java.lang.Object)'> (0x00000000ff4eb9f8) 
thrown [s\src\hotspot\share\interpreter\linkResolver.cpp, line 759]
Event: 4.397 Thread 0x0000027ade7604b0 Exception <a 'java/lang/NoSuchMethodError'{0x00000000ff4fed98}: 'java.lang.Object java.lang.invoke.Invokers$Holder.invokeExact_MT(java.lang.Object, java.lang.Object, java.lang.Object, java.lang.Object)'> (0x00000000ff4fed98) 
thrown [s\src\hotspot\share\interpreter\linkResolver.cpp, line 759]
Event: 5.359 Thread 0x0000027ade7604b0 Exception <a 'java/lang/NoSuchMethodError'{0x00000000ffea3af0}: 'void java.lang.invoke.DirectMethodHandle$Holder.invokeSpecial(java.lang.Object, java.lang.Object, java.lang.Object)'> (0x00000000ffea3af0) 
thrown [s\src\hotspot\share\interpreter\linkResolver.cpp, line 759]
Event: 5.402 Thread 0x0000027ade7604b0 Implicit null exception at 0x0000027aede0c10f to 0x0000027aede0c678
Event: 5.402 Thread 0x0000027ade7604b0 Implicit null exception at 0x0000027aeddfbe0f to 0x0000027aeddfc378
Event: 5.617 Thread 0x0000027ade7604b0 Exception <a 'java/lang/NoSuchMethodError'{0x00000000ffc0dd00}: 'java.lang.Object java.lang.invoke.DirectMethodHandle$Holder.invokeStaticInit(java.lang.Object)'> (0x00000000ffc0dd00) 
thrown [s\src\hotspot\share\interpreter\linkResolver.cpp, line 759]
Event: 5.786 Thread 0x0000027ade7604b0 Exception <a 'java/lang/NoSuchMethodError'{0x00000000ffcc18b0}: 'int java.lang.invoke.DirectMethodHandle$Holder.invokeVirtual(java.lang.Object, java.lang.Object, java.lang.Object)'> (0x00000000ffcc18b0) 
thrown [s\src\hotspot\share\interpreter\linkResolver.cpp, line 759]
Event: 5.813 Thread 0x0000027ade7604b0 Exception <a 'java/lang/NoSuchMethodError'{0x00000000ffb048e0}: 'java.lang.Object java.lang.invoke.DirectMethodHandle$Holder.invokeVirtual(java.lang.Object, java.lang.Object, java.lang.Object)'> (0x00000000ffb048e0) 
thrown [s\src\hotspot\share\interpreter\linkResolver.cpp, line 759]
Event: 5.815 Thread 0x0000027ade7604b0 Implicit null exception at 0x0000027aeddf8b72 to 0x0000027aeddf918c
Event: 6.025 Thread 0x0000027ade7604b0 Exception <a 'java/lang/NoSuchMethodError'{0x00000000ff87c038}: 'java.lang.Object java.lang.invoke.DirectMethodHandle$Holder.invokeStaticInit(java.lang.Object, int, int, int, int)'> (0x00000000ff87c038) 
thrown [s\src\hotspot\share\interpreter\linkResolver.cpp, line 759]
Event: 6.241 Thread 0x0000027ade7604b0 Exception <a 'java/lang/NoSuchMethodError'{0x00000000ff8a29d0}: 'java.lang.Object java.lang.invoke.DirectMethodHandle$Holder.invokeStaticInit(java.lang.Object, java.lang.Object, int, int, int, int)'> (0x00000000ff8a29d0) 
thrown [s\src\hotspot\share\interpreter\linkResolver.cpp, line 759]
Event: 7.199 Thread 0x0000027ade7604b0 Exception <a 'java/lang/NoSuchMethodError'{0x00000000ff8d0bb0}: 'void java.lang.invoke.DirectMethodHandle$Holder.invokeStatic(java.lang.Object, java.lang.Object, java.lang.Object)'> (0x00000000ff8d0bb0) 
thrown [s\src\hotspot\share\interpreter\linkResolver.cpp, line 759]
Event: 7.422 Thread 0x0000027ade7604b0 Implicit null exception at 0x0000027aedded972 to 0x0000027aeddedf8c
Event: 8.642 Thread 0x0000027afc758170 Exception <a 'java/lang/NoSuchMethodError'{0x00000000ff00e018}: 'void java.lang.invoke.DirectMethodHandle$Holder.invokeStatic(java.lang.Object, long)'> (0x00000000ff00e018) 
thrown [s\src\hotspot\share\interpreter\linkResolver.cpp, line 759]
Event: 8.645 Thread 0x0000027afc758170 Exception <a 'java/lang/NoSuchMethodError'{0x00000000ff013970}: 'java.lang.Object java.lang.invoke.DirectMethodHandle$Holder.newInvokeSpecial(java.lang.Object, long)'> (0x00000000ff013970) 
thrown [s\src\hotspot\share\interpreter\linkResolver.cpp, line 759]
Event: 8.648 Thread 0x0000027afc758170 Exception <a 'java/lang/NoSuchMethodError'{0x00000000ff01e508}: 'java.lang.Object java.lang.invoke.DirectMethodHandle$Holder.invokeStaticInit(java.lang.Object, java.lang.Object, long, java.lang.Object)'> (0x00000000ff01e508) 
thrown [s\src\hotspot\share\interpreter\linkResolver.cpp, line 759]
Event: 8.654 Thread 0x0000027afc758170 Exception <a 'java/lang/NoSuchMethodError'{0x00000000ff024b90}: 'java.lang.Object java.lang.invoke.DirectMethodHandle$Holder.newInvokeSpecial(java.lang.Object, java.lang.Object, long)'> (0x00000000ff024b90) 
thrown [s\src\hotspot\share\interpreter\linkResolver.cpp, line 759]
Event: 8.658 Thread 0x0000027afc758170 Exception <a 'java/lang/NoSuchMethodError'{0x00000000ff028e80}: 'java.lang.Object java.lang.invoke.Invokers$Holder.linkToTargetMethod(java.lang.Object, long, java.lang.Object)'> (0x00000000ff028e80) 
thrown [s\src\hotspot\share\interpreter\linkResolver.cpp, line 759]
Event: 148.551 Thread 0x0000027ade7604b0 Exception <a 'sun/net/ConnectionResetException'{0x00000000feefd8e8}: Connection reset> (0x00000000feefd8e8) 
thrown [s\src\hotspot\share\prims\jni.cpp, line 535]

VM Operations (20 events):
Event: 42.463 Executing VM operation: Cleanup
Event: 42.463 Executing VM operation: Cleanup done
Event: 43.473 Executing VM operation: Cleanup
Event: 43.473 Executing VM operation: Cleanup done
Event: 46.503 Executing VM operation: Cleanup
Event: 46.503 Executing VM operation: Cleanup done
Event: 50.530 Executing VM operation: Cleanup
Event: 50.530 Executing VM operation: Cleanup done
Event: 55.568 Executing VM operation: Cleanup
Event: 55.568 Executing VM operation: Cleanup done
Event: 60.116 Executing VM operation: HandshakeAllThreads
Event: 60.116 Executing VM operation: HandshakeAllThreads done
Event: 83.318 Executing VM operation: Cleanup
Event: 83.318 Executing VM operation: Cleanup done
Event: 120.313 Executing VM operation: HandshakeAllThreads
Event: 120.313 Executing VM operation: HandshakeAllThreads done
Event: 146.542 Executing VM operation: Cleanup
Event: 146.542 Executing VM operation: Cleanup done
Event: 148.557 Executing VM operation: Cleanup
Event: 148.557 Executing VM operation: Cleanup done

Memory protections (0 events):
No events

Nmethod flushes (0 events):
No events

Events (20 events):
Event: 0.249 Thread 0x0000027ade7604b0 Thread added: 0x0000027af7922780
Event: 0.249 Thread 0x0000027ade7604b0 Thread added: 0x0000027af7923600
Event: 0.282 Thread 0x0000027ade7604b0 Thread added: 0x0000027af7939230
Event: 0.282 Thread 0x0000027ade7604b0 Thread added: 0x0000027af793bb10
Event: 0.282 Thread 0x0000027ade7604b0 Thread added: 0x0000027af793c4d0
Event: 0.282 Thread 0x0000027ade7604b0 Thread added: 0x0000027af793ce90
Event: 0.283 Thread 0x0000027ade7604b0 Thread added: 0x0000027af793db80
Event: 0.298 Thread 0x0000027ade7604b0 Thread added: 0x0000027af793f640
Event: 0.302 Thread 0x0000027ade7604b0 Thread added: 0x0000027af799e370
Event: 0.366 Thread 0x0000027ade7604b0 Thread added: 0x0000027af7a81310
Event: 0.370 Thread 0x0000027ade7604b0 Thread added: 0x0000027af7a81a90
Event: 4.588 Thread 0x0000027ade7604b0 Thread added: 0x0000027afca9cf00
Event: 8.577 Thread 0x0000027ade7604b0 Thread added: 0x0000027afc758170
Event: 8.661 Thread 0x0000027afc758170 Thread added: 0x0000027af7d255d0
Event: 8.663 Thread 0x0000027afc758170 Thread added: 0x0000027afc755030
Event: 8.731 Thread 0x0000027af7d255d0 Thread exited: 0x0000027af7d255d0
Event: 22.061 Thread 0x0000027afc755030 Thread exited: 0x0000027afc755030
Event: 22.071 Thread 0x0000027afc758170 Thread exited: 0x0000027afc758170
Event: 22.631 Thread 0x0000027ade7604b0 Thread added: 0x0000027af7cad7f0
Event: 22.637 Thread 0x0000027ade7604b0 Thread added: 0x0000027af7a4f030


Dynamic libraries:
0x00007ff628720000 - 0x00007ff62872e000 	C:\Program Files\Microsoft\jdk-17.0.18.8-hotspot\bin\java.exe
0x00007ffcedbf0000 - 0x00007ffcedde8000 	C:\Windows\SYSTEM32\ntdll.dll
0x00007ffceda00000 - 0x00007ffcedac2000 	C:\Windows\System32\KERNEL32.DLL
0x00007ffceb880000 - 0x00007ffcebb76000 	C:\Windows\System32\KERNELBASE.dll
0x00007ffceb400000 - 0x00007ffceb500000 	C:\Windows\System32\ucrtbase.dll
0x00007ffcbabb0000 - 0x00007ffcbabc8000 	C:\Program Files\Microsoft\jdk-17.0.18.8-hotspot\bin\jli.dll
0x00007ffcecb70000 - 0x00007ffcecd11000 	C:\Windows\System32\USER32.dll
0x00007ffceb3d0000 - 0x00007ffceb3f2000 	C:\Windows\System32\win32u.dll
0x00007ffced940000 - 0x00007ffced96b000 	C:\Windows\System32\GDI32.dll
0x00007ffceb2b0000 - 0x00007ffceb3c9000 	C:\Windows\System32\gdi32full.dll
0x00007ffceb680000 - 0x00007ffceb71d000 	C:\Windows\System32\msvcp_win.dll
0x00007ffcbab90000 - 0x00007ffcbabae000 	C:\Program Files\Microsoft\jdk-17.0.18.8-hotspot\bin\VCRUNTIME140.dll
0x00007ffcd5770000 - 0x00007ffcd5a0b000 	C:\Windows\WinSxS\amd64_microsoft.windows.common-controls_6595b64144ccf1df_6.0.19041.6456_none_60b8a6cb71f64256\COMCTL32.dll
0x00007ffced8a0000 - 0x00007ffced93e000 	C:\Windows\System32\msvcrt.dll
0x00007ffcecd20000 - 0x00007ffcecd4f000 	C:\Windows\System32\IMM32.DLL
0x00007ffcbab80000 - 0x00007ffcbab8c000 	C:\Program Files\Microsoft\jdk-17.0.18.8-hotspot\bin\vcruntime140_1.dll
0x00007ffc9e4f0000 - 0x00007ffc9e579000 	C:\Program Files\Microsoft\jdk-17.0.18.8-hotspot\bin\msvcp140.dll
0x00007ffc76980000 - 0x00007ffc775fa000 	C:\Program Files\Microsoft\jdk-17.0.18.8-hotspot\bin\server\jvm.dll
0x00007ffcec280000 - 0x00007ffcec331000 	C:\Windows\System32\ADVAPI32.dll
0x00007ffcecab0000 - 0x00007ffcecb4f000 	C:\Windows\System32\sechost.dll
0x00007ffced5d0000 - 0x00007ffced6f0000 	C:\Windows\System32\RPCRT4.dll
0x00007ffceb280000 - 0x00007ffceb2a7000 	C:\Windows\System32\bcrypt.dll
0x00007ffcecd50000 - 0x00007ffcecdbb000 	C:\Windows\System32\WS2_32.dll
0x00007ffceb0e0000 - 0x00007ffceb12b000 	C:\Windows\SYSTEM32\POWRPROF.dll
0x00007ffcd1870000 - 0x00007ffcd1897000 	C:\Windows\SYSTEM32\WINMM.dll
0x00007ffcd5fe0000 - 0x00007ffcd5fea000 	C:\Windows\SYSTEM32\VERSION.dll
0x00007ffceb0c0000 - 0x00007ffceb0d2000 	C:\Windows\SYSTEM32\UMPDC.dll
0x00007ffce9ae0000 - 0x00007ffce9af2000 	C:\Windows\SYSTEM32\kernel.appcore.dll
0x00007ffcbab70000 - 0x00007ffcbab7a000 	C:\Program Files\Microsoft\jdk-17.0.18.8-hotspot\bin\jimage.dll
0x00007ffce4fa0000 - 0x00007ffce51a1000 	C:\Windows\SYSTEM32\DBGHELP.DLL
0x00007ffcd0a90000 - 0x00007ffcd0ac4000 	C:\Windows\SYSTEM32\dbgcore.DLL
0x00007ffcebb80000 - 0x00007ffcebc02000 	C:\Windows\System32\bcryptPrimitives.dll
0x00007ffcb62b0000 - 0x00007ffcb62d6000 	C:\Program Files\Microsoft\jdk-17.0.18.8-hotspot\bin\java.dll
0x00007ffc9e350000 - 0x00007ffc9e426000 	C:\Program Files\Microsoft\jdk-17.0.18.8-hotspot\bin\jsvml.dll
0x00007ffcec340000 - 0x00007ffcecab0000 	C:\Windows\System32\SHELL32.dll
0x00007ffce8ca0000 - 0x00007ffce9445000 	C:\Windows\SYSTEM32\windows.storage.dll
0x00007ffced270000 - 0x00007ffced5c4000 	C:\Windows\System32\combase.dll
0x00007ffceac40000 - 0x00007ffceac6b000 	C:\Windows\SYSTEM32\Wldp.dll
0x00007ffcebc10000 - 0x00007ffcebcdd000 	C:\Windows\System32\OLEAUT32.dll
0x00007ffcecec0000 - 0x00007ffcecf6d000 	C:\Windows\System32\SHCORE.dll
0x00007ffcedad0000 - 0x00007ffcedb2b000 	C:\Windows\System32\shlwapi.dll
0x00007ffceb1b0000 - 0x00007ffceb1d4000 	C:\Windows\SYSTEM32\profapi.dll
0x00007ffc9e330000 - 0x00007ffc9e34b000 	C:\Program Files\Microsoft\jdk-17.0.18.8-hotspot\bin\net.dll
0x00007ffcd8a30000 - 0x00007ffcd8b3a000 	C:\Windows\SYSTEM32\WINHTTP.dll
0x00007ffcea9a0000 - 0x00007ffceaa0a000 	C:\Windows\system32\mswsock.dll
0x00007ffc84470000 - 0x00007ffc84486000 	C:\Program Files\Microsoft\jdk-17.0.18.8-hotspot\bin\nio.dll
0x00007ffcb6290000 - 0x00007ffcb62a8000 	C:\Program Files\Microsoft\jdk-17.0.18.8-hotspot\bin\zip.dll
0x00007ffc84450000 - 0x00007ffc84460000 	C:\Program Files\Microsoft\jdk-17.0.18.8-hotspot\bin\verify.dll
0x00007ffcbb350000 - 0x00007ffcbb377000 	C:\Users\Administrator\.gradle\native\c067742578af261105cb4f569cf0c3c89f3d7b1fecec35dd04571415982c5e48\windows-amd64\native-platform.dll
0x00007ffc842f0000 - 0x00007ffc842fa000 	C:\Program Files\Microsoft\jdk-17.0.18.8-hotspot\bin\management.dll
0x00007ffc842e0000 - 0x00007ffc842ec000 	C:\Program Files\Microsoft\jdk-17.0.18.8-hotspot\bin\management_ext.dll
0x00007ffcec150000 - 0x00007ffcec158000 	C:\Windows\System32\PSAPI.DLL
0x00007ffceab90000 - 0x00007ffceaba8000 	C:\Windows\SYSTEM32\CRYPTSP.dll
0x00007ffcea2c0000 - 0x00007ffcea2f8000 	C:\Windows\system32\rsaenh.dll
0x00007ffceb170000 - 0x00007ffceb19e000 	C:\Windows\SYSTEM32\USERENV.dll
0x00007ffceabb0000 - 0x00007ffceabbc000 	C:\Windows\SYSTEM32\CRYPTBASE.dll
0x00007ffcea680000 - 0x00007ffcea6bb000 	C:\Windows\SYSTEM32\IPHLPAPI.DLL
0x00007ffcecea0000 - 0x00007ffcecea8000 	C:\Windows\System32\NSI.dll
0x00007ffcdcdd0000 - 0x00007ffcdcde7000 	C:\Windows\SYSTEM32\dhcpcsvc6.DLL
0x00007ffcdefa0000 - 0x00007ffcdefbd000 	C:\Windows\SYSTEM32\dhcpcsvc.DLL
0x00007ffcea6c0000 - 0x00007ffcea78a000 	C:\Windows\SYSTEM32\DNSAPI.dll
0x00007ffc842d0000 - 0x00007ffc842d9000 	C:\Program Files\Microsoft\jdk-17.0.18.8-hotspot\bin\extnet.dll
0x00007ffc842c0000 - 0x00007ffc842ce000 	C:\Program Files\Microsoft\jdk-17.0.18.8-hotspot\bin\sunmscapi.dll
0x00007ffceb720000 - 0x00007ffceb87d000 	C:\Windows\System32\CRYPT32.dll
0x00007ffceacb0000 - 0x00007ffceacd7000 	C:\Windows\SYSTEM32\ncrypt.dll
0x00007ffceac70000 - 0x00007ffceacab000 	C:\Windows\SYSTEM32\NTASN1.dll
0x00007ffcbb3a0000 - 0x00007ffcbb3a7000 	C:\Windows\system32\wshunix.dll

dbghelp: loaded successfully - version: 4.0.5 - missing functions: none
symbol engine: initialized successfully - sym options: 0x614 - pdb path: .;C:\Program Files\Microsoft\jdk-17.0.18.8-hotspot\bin;C:\Windows\SYSTEM32;C:\Windows\WinSxS\amd64_microsoft.windows.common-controls_6595b64144ccf1df_6.0.19041.6456_none_60b8a6cb71f64256;C:\Program Files\Microsoft\jdk-17.0.18.8-hotspot\bin\server;C:\Users\Administrator\.gradle\native\c067742578af261105cb4f569cf0c3c89f3d7b1fecec35dd04571415982c5e48\windows-amd64

VM Arguments:
jvm_args: -Xmx64m -Xms64m -Dorg.gradle.appname=gradlew 
java_command: F:\mobile\android\\gradle\wrapper\gradle-wrapper.jar app:installDebug -PreactNativeDevServerPort=8081
java_class_path (initial): F:\mobile\android\\gradle\wrapper\gradle-wrapper.jar
Launcher Type: SUN_STANDARD

[Global flags]
     intx CICompilerCount                          = 3                                         {product} {ergonomic}
     uint ConcGCThreads                            = 1                                         {product} {ergonomic}
     uint G1ConcRefinementThreads                  = 4                                         {product} {ergonomic}
   size_t G1HeapRegionSize                         = 1048576                                   {product} {ergonomic}
    uintx GCDrainStackTargetSize                   = 64                                        {product} {ergonomic}
   size_t InitialHeapSize                          = 67108864                                  {product} {command line}
   size_t MarkStackSize                            = 4194304                                   {product} {ergonomic}
   size_t MaxHeapSize                              = 67108864                                  {product} {command line}
   size_t MaxNewSize                               = 39845888                                  {product} {ergonomic}
   size_t MinHeapDeltaBytes                        = 1048576                                   {product} {ergonomic}
   size_t MinHeapSize                              = 67108864                                  {product} {command line}
    uintx NonNMethodCodeHeapSize                   = 5832780                                {pd product} {ergonomic}
    uintx NonProfiledCodeHeapSize                  = 122912730                              {pd product} {ergonomic}
    uintx ProfiledCodeHeapSize                     = 122912730                              {pd product} {ergonomic}
    uintx ReservedCodeCacheSize                    = 251658240                              {pd product} {ergonomic}
     bool SegmentedCodeCache                       = true                                      {product} {ergonomic}
   size_t SoftMaxHeapSize                          = 67108864                               {manageable} {ergonomic}
     bool UseCompressedClassPointers               = true                           {product lp64_product} {ergonomic}
     bool UseCompressedOops                        = true                           {product lp64_product} {ergonomic}
     bool UseG1GC                                  = true                                      {product} {ergonomic}
     bool UseLargePagesIndividualAllocation        = false                                  {pd product} {ergonomic}

Logging:
Log output configuration:
 #0: stdout all=warning uptime,level,tags
 #1: stderr all=off uptime,level,tags

Environment Variables:
JAVA_HOME=C:\Program Files\Microsoft\jdk-17.0.18.8-hotspot
PATH=F:\mobile\node_modules\.bin;F:\mobile\node_modules\.bin;F:\node_modules\.bin;E:\node_modules\npm\node_modules\@npmcli\run-script\lib\node-gyp-bin;F:\mobile\node_modules\.bin;F:\mobile\node_modules\.bin;F:\node_modules\.bin;E:\node_modules\npm\node_modules\@npmcli\run-script\lib\node-gyp-bin;C:\Program Files\Eclipse Adoptium\jdk-17.0.18.8-hotspot\bin;C:\Program Files\Eclipse Adoptium\jdk-25.0.2.10-hotspot\bin;C:\Program Files\Eclipse Adoptium\jdk-11.0.19.7-hotspot\bin;C:\Windows\system32;C:\Windows;C:\Windows\System32\Wbem;C:\Windows\System32\WindowsPowerShell\v1.0\;C:\Windows\System32\OpenSSH\;C:\Program Files\Git\cmd;E:\;C:\Users\Administrator\Downloads\platform-tools;C:\Users\Administrator\AppData\Local\Android\Sdk\tools;C:\Users\Administrator\AppData\Local\Programs\Python\Python314\Scripts\;C:\Users\Administrator\AppData\Local\Programs\Python\Python314\;C:\Users\Administrator\AppData\Local\Microsoft\WindowsApps;E:\Antigravity\bin;E:\Microsoft VS Code\bin;C:\Users\Administrator\AppData\Roaming\npm;C:\Users\Administrator\AppData\Local\Android\Sdk\platform-tools;C:\Users\Administrator\AppData\Local\Android\Sdk\emulator;c:\Users\Administrator\.antigravity\extensions\vscjava.vscode-java-debug-0.58.5-universal\bundled\scripts\noConfigScripts;c:\Users\Administrator\.antigravity\extensions\d-biehl.robotcode-2.2.0-universal\bundled\scripts
USERNAME=Administrator
LANG=en_US.UTF-8
OS=Windows_NT
PROCESSOR_IDENTIFIER=Intel64 Family 6 Model 142 Stepping 9, GenuineIntel
TMP=C:\Users\ADMINI~1\AppData\Local\Temp
TEMP=C:\Users\ADMINI~1\AppData\Local\Temp



Periodic native trim disabled


---------------  S Y S T E M  ---------------

OS:
 Windows 10 , 64 bit Build 19041 (10.0.19041.5915)
OS uptime: 0 days 1:53 hours

CPU: total 4 (initial active 4) (2 cores per cpu, 2 threads per core) family 6 model 142 stepping 9 microcode 0xd6, cx8, cmov, fxsr, ht, mmx, 3dnowpref, sse, sse2, sse3, ssse3, sse4.1, sse4.2, popcnt, lzcnt, tsc, tscinvbit, avx, avx2, aes, erms, clmul, bmi1, bmi2, adx, fma, vzeroupper, clflush, clflushopt
Processor Information for the first 4 processors :
  Max Mhz: 2712, Current Mhz: 2511, Mhz Limit: 2495

Memory: 4k page, system-wide physical 7843M (456M free)
TotalPageFile size 17730M (AvailPageFile size 507M)
current process WorkingSet (physical memory assigned to process): 76M, peak: 88M
current process commit charge ("private bytes"): 156M, peak: 158M

vm_info: OpenJDK 64-Bit Server VM (17.0.18+8-LTS) for windows-amd64 JRE (17.0.18+8-LTS), built on Jan 15 2026 18:50:45 by "MicrosoftCorporation" with MS VC++ 17.14 (VS2022)

END.
