#
# There is insufficient memory for the Java Runtime Environment to continue.
# Native memory allocation (malloc) failed to allocate 1828976 bytes. Error detail: Chunk::new
# Possible reasons:
#   The system is out of physical RAM or swap space
#   This process is running with CompressedOops enabled, and the Java Heap may be blocking the growth of the native heap
# Possible solutions:
#   Reduce memory load on the system
#   Increase physical memory or swap space
#   Check if swap backing store is full
#   Decrease Java heap size (-Xmx/-Xms)
#   Decrease number of Java threads
#   Decrease Java thread stack sizes (-Xss)
#   Set larger code cache with -XX:ReservedCodeCacheSize=
#   JVM is running with Unscaled Compressed Oops mode in which the Java heap is
#     placed in the first 4GB address space. The Java Heap base address is the
#     maximum limit for the native heap growth. Please use -XX:HeapBaseMinAddress
#     to set the Java Heap base and to place the Java Heap above 4GB virtual address.
# This output file may be truncated or incomplete.
#
#  Out of Memory Error (arena.cpp:191), pid=12064, tid=6216
#
# JRE version: OpenJDK Runtime Environment Microsoft-13106358 (17.0.18+8) (build 17.0.18+8-LTS)
# Java VM: OpenJDK 64-Bit Server VM Microsoft-13106358 (17.0.18+8-LTS, mixed mode, sharing, tiered, compressed oops, compressed class ptrs, g1 gc, windows-amd64)
# No core dump will be written. Minidumps are not enabled by default on client versions of Windows
#

---------------  S U M M A R Y ------------

Command Line: -XX:MaxMetaspaceSize=256m --add-opens=java.base/java.util=ALL-UNNAMED --add-opens=java.base/java.lang=ALL-UNNAMED --add-opens=java.base/java.lang.invoke=ALL-UNNAMED --add-opens=java.prefs/java.util.prefs=ALL-UNNAMED --add-opens=java.base/java.nio.charset=ALL-UNNAMED --add-opens=java.base/java.net=ALL-UNNAMED --add-opens=java.base/java.util.concurrent.atomic=ALL-UNNAMED -Xmx1024m -Dfile.encoding=windows-1252 -Duser.country=US -Duser.language=en -Duser.variant -javaagent:C:\Users\Administrator\.gradle\wrapper\dists\gradle-8.7-all\aan3ydargesu18aqyqjwhr3pc\gradle-8.7\lib\agents\gradle-instrumentation-agent-8.7.jar org.gradle.launcher.daemon.bootstrap.GradleDaemon 8.7

Host: Intel(R) Core(TM) i5-7200U CPU @ 2.50GHz, 4 cores, 7G,  Windows 10 , 64 bit Build 19041 (10.0.19041.5915)
Time: Sat Mar 14 18:08:41 2026 Egypt Standard Time elapsed time: 46.094672 seconds (0d 0h 0m 46s)

---------------  T H R E A D  ---------------

Current thread (0x000001f57706a5a0):  JavaThread "C2 CompilerThread0" daemon [_thread_in_native, id=6216, stack(0x00000043d1900000,0x00000043d1a00000)]


Current CompileTask:
C2:46094 14749       4       java.lang.Class::annotationData (44 bytes)

Stack: [0x00000043d1900000,0x00000043d1a00000]
Native frames: (J=compiled Java code, j=interpreted, Vv=VM code, C=native code)
V  [jvm.dll+0x68c879]  (no source info available)
V  [jvm.dll+0x845979]  (no source info available)
V  [jvm.dll+0x8476e8]  (no source info available)
V  [jvm.dll+0x847d73]  (no source info available)
V  [jvm.dll+0x24cf6f]  (no source info available)
V  [jvm.dll+0xaecb6]  (no source info available)
V  [jvm.dll+0xaf35c]  (no source info available)
V  [jvm.dll+0x3716ff]  (no source info available)
V  [jvm.dll+0x33b985]  (no source info available)
V  [jvm.dll+0x33adea]  (no source info available)
V  [jvm.dll+0x21df29]  (no source info available)
V  [jvm.dll+0x21d36d]  (no source info available)
V  [jvm.dll+0x1a8ce6]  (no source info available)
V  [jvm.dll+0x22db1b]  (no source info available)
V  [jvm.dll+0x22bca6]  (no source info available)
V  [jvm.dll+0x7fbabb]  (no source info available)
V  [jvm.dll+0x7f5ebc]  (no source info available)
V  [jvm.dll+0x68de17]  (no source info available)
C  [ucrtbase.dll+0x21bb2]  (no source info available)
C  [KERNEL32.DLL+0x17374]  (no source info available)
C  [ntdll.dll+0x4cc91]  (no source info available)


---------------  P R O C E S S  ---------------

Threads class SMR info:
_java_thread_list=0x000001f57cfe4f70, length=92, elements={
0x000001f55ba517c0, 0x000001f577048d40, 0x000001f577049ad0, 0x000001f577060860,
0x000001f577063240, 0x000001f577063b10, 0x000001f5770663f0, 0x000001f57706a5a0,
0x000001f577074f80, 0x000001f577078080, 0x000001f5770352e0, 0x000001f577284be0,
0x000001f57cc8cda0, 0x000001f57dae0020, 0x000001f57d6fff30, 0x000001f57c4f2350,
0x000001f57d3f6aa0, 0x000001f57cc2f060, 0x000001f57d3f7b70, 0x000001f57ce91db0,
0x000001f57c5ab480, 0x000001f57c5abea0, 0x000001f57c5acdd0, 0x000001f57c5ac3b0,
0x000001f57c5ab990, 0x000001f57c5aa040, 0x000001f57c5ad2e0, 0x000001f57c5aaf70,
0x000001f57c5ad7f0, 0x000001f57c5aa550, 0x000001f57c5aaa60, 0x000001f57d73aa80,
0x000001f57d73ec50, 0x000001f57d73c3d0, 0x000001f57d740ab0, 0x000001f57d73e230,
0x000001f57d73b4a0, 0x000001f57d73cdf0, 0x000001f57d73d300, 0x000001f57d740090,
0x000001f57d740fc0, 0x000001f57d73af90, 0x000001f57d73e740, 0x000001f57d73c8e0,
0x000001f57d73d810, 0x000001f57d73b9b0, 0x000001f57d7405a0, 0x000001f57d73f160,
0x000001f57d73f670, 0x000001f50e8168f0, 0x000001f50e819b90, 0x000001f50e819680,
0x000001f50e818c60, 0x000001f50e817820, 0x000001f50e817310, 0x000001f50e818240,
0x000001f50e817d30, 0x000001f50e8163e0, 0x000001f50e816e00, 0x000001f50e818750,
0x000001f50e819170, 0x000001f50e2ebac0, 0x000001f50e2eb0a0, 0x000001f50e2ed410,
0x000001f50e2ecf00, 0x000001f50e2eab90, 0x000001f50e2efc90, 0x000001f50e2f0bc0,
0x000001f50e2eed60, 0x000001f50e2f01a0, 0x000001f50e2ef270, 0x000001f50e2ea680,
0x000001f50e2ee850, 0x000001f50e2ed920, 0x000001f50e2ebfd0, 0x000001f50e2f15e0,
0x000001f50e2ec9f0, 0x000001f50e2ef780, 0x000001f50e2ee340, 0x000001f50e2ec4e0,
0x000001f50e2f06b0, 0x000001f50e2ede30, 0x000001f50e2ea170, 0x000001f50e2f10d0,
0x000001f50e2f1af0, 0x000001f57ecf2f70, 0x000001f57ecf2040, 0x000001f57ecf48c0,
0x000001f57ecf2550, 0x000001f57ecee890, 0x000001f57ecf1b30, 0x000001f57ecf1110
}

Java Threads: ( => current thread )
  0x000001f55ba517c0 JavaThread "main" [_thread_blocked, id=12328, stack(0x00000043d0c00000,0x00000043d0d00000)]
  0x000001f577048d40 JavaThread "Reference Handler" daemon [_thread_blocked, id=2484, stack(0x00000043d1300000,0x00000043d1400000)]
  0x000001f577049ad0 JavaThread "Finalizer" daemon [_thread_blocked, id=9220, stack(0x00000043d1400000,0x00000043d1500000)]
  0x000001f577060860 JavaThread "Signal Dispatcher" daemon [_thread_blocked, id=8092, stack(0x00000043d1500000,0x00000043d1600000)]
  0x000001f577063240 JavaThread "Attach Listener" daemon [_thread_blocked, id=13508, stack(0x00000043d1600000,0x00000043d1700000)]
  0x000001f577063b10 JavaThread "Service Thread" daemon [_thread_blocked, id=6696, stack(0x00000043d1700000,0x00000043d1800000)]
  0x000001f5770663f0 JavaThread "Monitor Deflation Thread" daemon [_thread_blocked, id=12120, stack(0x00000043d1800000,0x00000043d1900000)]
=>0x000001f57706a5a0 JavaThread "C2 CompilerThread0" daemon [_thread_in_native, id=6216, stack(0x00000043d1900000,0x00000043d1a00000)]
  0x000001f577074f80 JavaThread "C1 CompilerThread0" daemon [_thread_blocked, id=15348, stack(0x00000043d1a00000,0x00000043d1b00000)]
  0x000001f577078080 JavaThread "Sweeper thread" daemon [_thread_blocked, id=832, stack(0x00000043d1b00000,0x00000043d1c00000)]
  0x000001f5770352e0 JavaThread "Common-Cleaner" daemon [_thread_blocked, id=6716, stack(0x00000043d1c00000,0x00000043d1d00000)]
  0x000001f577284be0 JavaThread "Notification Thread" daemon [_thread_blocked, id=3372, stack(0x00000043d1d00000,0x00000043d1e00000)]
  0x000001f57cc8cda0 JavaThread "Daemon health stats" [_thread_blocked, id=8012, stack(0x00000043d2300000,0x00000043d2400000)]
  0x000001f57dae0020 JavaThread "Incoming local TCP Connector on port 62719" [_thread_in_native, id=16164, stack(0x00000043d2400000,0x00000043d2500000)]
  0x000001f57d6fff30 JavaThread "Daemon periodic checks" [_thread_blocked, id=14968, stack(0x00000043d2500000,0x00000043d2600000)]
  0x000001f57c4f2350 JavaThread "Daemon" [_thread_blocked, id=14044, stack(0x00000043d1f00000,0x00000043d2000000)]
  0x000001f57d3f6aa0 JavaThread "Handler for socket connection from /127.0.0.1:62719 to /127.0.0.1:62720" [_thread_in_native, id=10676, stack(0x00000043d2600000,0x00000043d2700000)]
  0x000001f57cc2f060 JavaThread "Cancel handler" [_thread_blocked, id=2316, stack(0x00000043d2700000,0x00000043d2800000)]
  0x000001f57d3f7b70 JavaThread "Daemon worker" [_thread_in_vm, id=2836, stack(0x00000043d2800000,0x00000043d2900000)]
  0x000001f57ce91db0 JavaThread "Asynchronous log dispatcher for DefaultDaemonConnection: socket connection from /127.0.0.1:62719 to /127.0.0.1:62720" [_thread_blocked, id=4068, stack(0x00000043d2900000,0x00000043d2a00000)]
  0x000001f57c5ab480 JavaThread "Stdin handler" [_thread_blocked, id=13812, stack(0x00000043d2a00000,0x00000043d2b00000)]
  0x000001f57c5abea0 JavaThread "Daemon client event forwarder" [_thread_blocked, id=9332, stack(0x00000043d2b00000,0x00000043d2c00000)]
  0x000001f57c5acdd0 JavaThread "Cache worker for journal cache (C:\Users\Administrator\.gradle\caches\journal-1)" [_thread_blocked, id=10624, stack(0x00000043d2c00000,0x00000043d2d00000)]
  0x000001f57c5ac3b0 JavaThread "File lock request listener" [_thread_in_native, id=14240, stack(0x00000043d2d00000,0x00000043d2e00000)]
  0x000001f57c5ab990 JavaThread "Cache worker for file hash cache (C:\Users\Administrator\.gradle\caches\8.7\fileHashes)" [_thread_blocked, id=4612, stack(0x00000043d2e00000,0x00000043d2f00000)]
  0x000001f57c5aa040 JavaThread "Cache worker for file hash cache (F:\mobile\android\.gradle\8.7\fileHashes)" [_thread_blocked, id=15000, stack(0x00000043d3000000,0x00000043d3100000)]
  0x000001f57c5ad2e0 JavaThread "File watcher server" daemon [_thread_in_native, id=9208, stack(0x00000043d3100000,0x00000043d3200000)]
  0x000001f57c5aaf70 JavaThread "File watcher consumer" daemon [_thread_blocked, id=15956, stack(0x00000043d3200000,0x00000043d3300000)]
  0x000001f57c5ad7f0 JavaThread "Cache worker for checksums cache (F:\mobile\android\.gradle\8.7\checksums)" [_thread_blocked, id=11480, stack(0x00000043d3300000,0x00000043d3400000)]
  0x000001f57c5aa550 JavaThread "Cache worker for cache directory md-supplier (C:\Users\Administrator\.gradle\caches\8.7\md-supplier)" [_thread_blocked, id=14940, stack(0x00000043d3400000,0x00000043d3500000)]
  0x000001f57c5aaa60 JavaThread "Cache worker for cache directory md-rule (C:\Users\Administrator\.gradle\caches\8.7\md-rule)" [_thread_blocked, id=2532, stack(0x00000043d2f00000,0x00000043d3000000)]
  0x000001f57d73aa80 JavaThread "Cache worker for file content cache (C:\Users\Administrator\.gradle\caches\8.7\fileContent)" [_thread_blocked, id=3268, stack(0x00000043d3500000,0x00000043d3600000)]
  0x000001f57d73ec50 JavaThread "jar transforms" [_thread_blocked, id=13596, stack(0x00000043d3700000,0x00000043d3800000)]
  0x000001f57d73c3d0 JavaThread "Unconstrained build operations" [_thread_blocked, id=9904, stack(0x00000043d3600000,0x00000043d3700000)]
  0x000001f57d740ab0 JavaThread "Unconstrained build operations Thread 2" [_thread_blocked, id=6100, stack(0x00000043d3800000,0x00000043d3900000)]
  0x000001f57d73e230 JavaThread "Unconstrained build operations Thread 3" [_thread_blocked, id=5620, stack(0x00000043d3900000,0x00000043d3a00000)]
  0x000001f57d73b4a0 JavaThread "Unconstrained build operations Thread 4" [_thread_blocked, id=11072, stack(0x00000043d3a00000,0x00000043d3b00000)]
  0x000001f57d73cdf0 JavaThread "Cache worker for Build Output Cleanup Cache (F:\mobile\node_modules\@react-native\gradle-plugin\.gradle\buildOutputCleanup)" [_thread_blocked, id=9352, stack(0x00000043d3b00000,0x00000043d3c00000)]
  0x000001f57d73d300 JavaThread "Unconstrained build operations Thread 5" [_thread_blocked, id=2516, stack(0x00000043d3c00000,0x00000043d3d00000)]
  0x000001f57d740090 JavaThread "Unconstrained build operations Thread 6" [_thread_blocked, id=14372, stack(0x00000043d3d00000,0x00000043d3e00000)]
  0x000001f57d740fc0 JavaThread "Unconstrained build operations Thread 7" [_thread_blocked, id=10964, stack(0x00000043d3e00000,0x00000043d3f00000)]
  0x000001f57d73af90 JavaThread "Unconstrained build operations Thread 8" [_thread_blocked, id=13208, stack(0x00000043d3f00000,0x00000043d4000000)]
  0x000001f57d73e740 JavaThread "Unconstrained build operations Thread 9" [_thread_blocked, id=8268, stack(0x00000043d4000000,0x00000043d4100000)]
  0x000001f57d73c8e0 JavaThread "Unconstrained build operations Thread 10" [_thread_blocked, id=5328, stack(0x00000043d4100000,0x00000043d4200000)]
  0x000001f57d73d810 JavaThread "Memory manager" [_thread_blocked, id=13784, stack(0x00000043d4200000,0x00000043d4300000)]
  0x000001f57d73b9b0 JavaThread "build event listener" [_thread_blocked, id=11488, stack(0x00000043d4300000,0x00000043d4400000)]
  0x000001f57d7405a0 JavaThread "ForkJoinPool.commonPool-worker-1" daemon [_thread_blocked, id=13064, stack(0x00000043d4400000,0x00000043d4500000)]
  0x000001f57d73f160 JavaThread "ForkJoinPool.commonPool-worker-2" daemon [_thread_blocked, id=9248, stack(0x00000043d4500000,0x00000043d4600000)]
  0x000001f57d73f670 JavaThread "ForkJoinPool.commonPool-worker-3" daemon [_thread_blocked, id=12488, stack(0x00000043d4600000,0x00000043d4700000)]
  0x000001f50e8168f0 JavaThread "Exec process" daemon [_thread_blocked, id=7244, stack(0x00000043d4700000,0x00000043d4800000)]
  0x000001f50e819b90 JavaThread "Exec process Thread 2" daemon [_thread_blocked, id=9116, stack(0x00000043d4800000,0x00000043d4900000)]
  0x000001f50e819680 JavaThread "Exec process Thread 3" daemon [_thread_blocked, id=16124, stack(0x00000043d4900000,0x00000043d4a00000)]
  0x000001f50e818c60 JavaThread "included builds" [_thread_blocked, id=8568, stack(0x00000043d4a00000,0x00000043d4b00000)]
  0x000001f50e817820 JavaThread "Execution worker" [_thread_blocked, id=15044, stack(0x00000043d4b00000,0x00000043d4c00000)]
  0x000001f50e817310 JavaThread "Execution worker Thread 2" [_thread_blocked, id=2860, stack(0x00000043d4c00000,0x00000043d4d00000)]
  0x000001f50e818240 JavaThread "Execution worker Thread 3" [_thread_blocked, id=14116, stack(0x00000043d4d00000,0x00000043d4e00000)]
  0x000001f50e817d30 JavaThread "Cache worker for execution history cache (F:\mobile\node_modules\@react-native\gradle-plugin\.gradle\8.7\executionHistory)" [_thread_blocked, id=11220, stack(0x00000043d4e00000,0x00000043d4f00000)]
  0x000001f50e8163e0 JavaThread "Unconstrained build operations Thread 11" [_thread_blocked, id=5592, stack(0x00000043d4f00000,0x00000043d5000000)]
  0x000001f50e816e00 JavaThread "Unconstrained build operations Thread 12" [_thread_blocked, id=2680, stack(0x00000043d5000000,0x00000043d5100000)]
  0x000001f50e818750 JavaThread "Unconstrained build operations Thread 13" [_thread_blocked, id=3680, stack(0x00000043d5100000,0x00000043d5200000)]
  0x000001f50e819170 JavaThread "Unconstrained build operations Thread 14" [_thread_blocked, id=5588, stack(0x00000043d5200000,0x00000043d5300000)]
  0x000001f50e2ebac0 JavaThread "Unconstrained build operations Thread 15" [_thread_blocked, id=13412, stack(0x00000043d5300000,0x00000043d5400000)]
  0x000001f50e2eb0a0 JavaThread "Unconstrained build operations Thread 16" [_thread_blocked, id=14216, stack(0x00000043d5400000,0x00000043d5500000)]
  0x000001f50e2ed410 JavaThread "Unconstrained build operations Thread 17" [_thread_blocked, id=9312, stack(0x00000043d5500000,0x00000043d5600000)]
  0x000001f50e2ecf00 JavaThread "Unconstrained build operations Thread 18" [_thread_blocked, id=9328, stack(0x00000043d5600000,0x00000043d5700000)]
  0x000001f50e2eab90 JavaThread "Unconstrained build operations Thread 19" [_thread_blocked, id=8436, stack(0x00000043d5700000,0x00000043d5800000)]
  0x000001f50e2efc90 JavaThread "Unconstrained build operations Thread 20" [_thread_blocked, id=816, stack(0x00000043d5800000,0x00000043d5900000)]
  0x000001f50e2f0bc0 JavaThread "Unconstrained build operations Thread 21" [_thread_blocked, id=14996, stack(0x00000043d5900000,0x00000043d5a00000)]
  0x000001f50e2eed60 JavaThread "Unconstrained build operations Thread 22" [_thread_blocked, id=10704, stack(0x00000043d5a00000,0x00000043d5b00000)]
  0x000001f50e2f01a0 JavaThread "Unconstrained build operations Thread 23" [_thread_blocked, id=14324, stack(0x00000043d5b00000,0x00000043d5c00000)]
  0x000001f50e2ef270 JavaThread "Unconstrained build operations Thread 24" [_thread_blocked, id=13912, stack(0x00000043d5c00000,0x00000043d5d00000)]
  0x000001f50e2ea680 JavaThread "Unconstrained build operations Thread 25" [_thread_blocked, id=11856, stack(0x00000043d5d00000,0x00000043d5e00000)]
  0x000001f50e2ee850 JavaThread "jar transforms Thread 2" [_thread_blocked, id=3120, stack(0x00000043d5e00000,0x00000043d5f00000)]
  0x000001f50e2ed920 JavaThread "Cache worker for Build Output Cleanup Cache (F:\mobile\android\.gradle\buildOutputCleanup)" [_thread_blocked, id=15988, stack(0x00000043d5f00000,0x00000043d6000000)]
  0x000001f50e2ebfd0 JavaThread "jar transforms Thread 3" [_thread_blocked, id=13248, stack(0x00000043d6000000,0x00000043d6100000)]
  0x000001f50e2f15e0 JavaThread "Unconstrained build operations Thread 26" [_thread_blocked, id=4884, stack(0x00000043d6100000,0x00000043d6200000)]
  0x000001f50e2ec9f0 JavaThread "Unconstrained build operations Thread 27" [_thread_blocked, id=1836, stack(0x00000043d6200000,0x00000043d6300000)]
  0x000001f50e2ef780 JavaThread "Unconstrained build operations Thread 28" [_thread_blocked, id=6340, stack(0x00000043d6300000,0x00000043d6400000)]
  0x000001f50e2ee340 JavaThread "Unconstrained build operations Thread 29" [_thread_blocked, id=11240, stack(0x00000043d6400000,0x00000043d6500000)]
  0x000001f50e2ec4e0 JavaThread "Unconstrained build operations Thread 30" [_thread_blocked, id=12244, stack(0x00000043d6500000,0x00000043d6600000)]
  0x000001f50e2f06b0 JavaThread "Unconstrained build operations Thread 31" [_thread_blocked, id=2996, stack(0x00000043d6600000,0x00000043d6700000)]
  0x000001f50e2ede30 JavaThread "Unconstrained build operations Thread 32" [_thread_blocked, id=3216, stack(0x00000043d6700000,0x00000043d6800000)]
  0x000001f50e2ea170 JavaThread "Unconstrained build operations Thread 33" [_thread_blocked, id=8428, stack(0x00000043d6800000,0x00000043d6900000)]
  0x000001f50e2f10d0 JavaThread "Unconstrained build operations Thread 34" [_thread_blocked, id=6692, stack(0x00000043d6900000,0x00000043d6a00000)]
  0x000001f50e2f1af0 JavaThread "Unconstrained build operations Thread 35" [_thread_blocked, id=7680, stack(0x00000043d6a00000,0x00000043d6b00000)]
  0x000001f57ecf2f70 JavaThread "Unconstrained build operations Thread 36" [_thread_blocked, id=5332, stack(0x00000043d6b00000,0x00000043d6c00000)]
  0x000001f57ecf2040 JavaThread "Unconstrained build operations Thread 37" [_thread_blocked, id=3596, stack(0x00000043d6c00000,0x00000043d6d00000)]
  0x000001f57ecf48c0 JavaThread "jar transforms Thread 4" [_thread_blocked, id=13928, stack(0x00000043d0b00000,0x00000043d0c00000)]
  0x000001f57ecf2550 JavaThread "build event listener" [_thread_blocked, id=5956, stack(0x00000043d6f00000,0x00000043d7000000)]
  0x000001f57ecee890 JavaThread "Unconstrained build operations Thread 38" [_thread_blocked, id=10156, stack(0x00000043d7000000,0x00000043d7100000)]
  0x000001f57ecf1b30 JavaThread "Unconstrained build operations Thread 39" [_thread_blocked, id=1912, stack(0x00000043d7100000,0x00000043d7200000)]
  0x000001f57ecf1110 JavaThread "Unconstrained build operations Thread 40" [_thread_blocked, id=6540, stack(0x00000043d7200000,0x00000043d7300000)]

Other Threads:
  0x000001f577043ec0 VMThread "VM Thread" [stack: 0x00000043d1200000,0x00000043d1300000] [id=16200]
  0x000001f5772c2ab0 WatcherThread [stack: 0x00000043d1e00000,0x00000043d1f00000] [id=844]
  0x000001f55ba8d430 GCTaskThread "GC Thread#0" [stack: 0x00000043d0d00000,0x00000043d0e00000] [id=5784]
  0x000001f57768d9c0 GCTaskThread "GC Thread#1" [stack: 0x00000043d2000000,0x00000043d2100000] [id=9880]
  0x000001f577612f20 GCTaskThread "GC Thread#2" [stack: 0x00000043d2100000,0x00000043d2200000] [id=8332]
  0x000001f57c30ad30 GCTaskThread "GC Thread#3" [stack: 0x00000043d2200000,0x00000043d2300000] [id=8464]
  0x000001f55ba962a0 ConcurrentGCThread "G1 Main Marker" [stack: 0x00000043d0e00000,0x00000043d0f00000] [id=6040]
  0x000001f55ba97370 ConcurrentGCThread "G1 Conc#0" [stack: 0x00000043d0f00000,0x00000043d1000000] [id=14712]
  0x000001f55bafeac0 ConcurrentGCThread "G1 Refine#0" [stack: 0x00000043d1000000,0x00000043d1100000] [id=640]
  0x000001f55baff410 ConcurrentGCThread "G1 Service" [stack: 0x00000043d1100000,0x00000043d1200000] [id=8060]

Threads with active compile tasks:
C2 CompilerThread0  46134 14749       4       java.lang.Class::annotationData (44 bytes)

VM state: not at safepoint (normal execution)

VM Mutex/Monitor currently owned by a thread: None

Heap address: 0x00000000c0000000, size: 1024 MB, Compressed Oops mode: 32-bit

CDS archive(s) mapped at: [0x000001f500000000-0x000001f500bb0000-0x000001f500bb0000), size 12255232, SharedBaseAddress: 0x000001f500000000, ArchiveRelocationMode: 1.
Compressed class space mapped at: 0x000001f501000000-0x000001f50e000000, reserved size: 218103808
Narrow klass base: 0x000001f500000000, Narrow klass shift: 0, Narrow klass range: 0x100000000

GC Precious Log:
 CPUs: 4 total, 4 available
 Memory: 7843M
 Large Page Support: Disabled
 NUMA Support: Disabled
 Compressed Oops: Enabled (32-bit)
 Heap Region Size: 1M
 Heap Min Capacity: 8M
 Heap Initial Capacity: 124M
 Heap Max Capacity: 1G
 Pre-touch: Disabled
 Parallel Workers: 4
 Concurrent Workers: 1
 Concurrent Refinement Workers: 4
 Periodic GC: Disabled

Heap:
 garbage-first heap   total 266240K, used 183379K [0x00000000c0000000, 0x0000000100000000)
  region size 1024K, 24 young (24576K), 7 survivors (7168K)
 Metaspace       used 110004K, committed 111104K, reserved 344064K
  class space    used 15280K, committed 15808K, reserved 212992K

Heap Regions: E=young(eden), S=young(survivor), O=old, HS=humongous(starts), HC=humongous(continues), CS=collection set, F=free, OA=open archive, CA=closed archive, TAMS=top-at-mark-start (previous, next)
|   0|0x00000000c0000000, 0x00000000c0100000, 0x00000000c0100000|100%| O|  |TAMS 0x00000000c0100000, 0x00000000c0000000| Untracked 
|   1|0x00000000c0100000, 0x00000000c0200000, 0x00000000c0200000|100%|HS|  |TAMS 0x00000000c0200000, 0x00000000c0100000| Complete 
|   2|0x00000000c0200000, 0x00000000c0300000, 0x00000000c0300000|100%|HC|  |TAMS 0x00000000c0300000, 0x00000000c0200000| Complete 
|   3|0x00000000c0300000, 0x00000000c0400000, 0x00000000c0400000|100%|HC|  |TAMS 0x00000000c0400000, 0x00000000c0300000| Complete 
|   4|0x00000000c0400000, 0x00000000c0500000, 0x00000000c0500000|100%|HC|  |TAMS 0x00000000c0500000, 0x00000000c0400000| Complete 
|   5|0x00000000c0500000, 0x00000000c0600000, 0x00000000c0600000|100%| O|  |TAMS 0x00000000c0600000, 0x00000000c0500000| Untracked 
|   6|0x00000000c0600000, 0x00000000c0700000, 0x00000000c0700000|100%| O|  |TAMS 0x00000000c0700000, 0x00000000c0600000| Untracked 
|   7|0x00000000c0700000, 0x00000000c0800000, 0x00000000c0800000|100%| O|  |TAMS 0x00000000c0800000, 0x00000000c0700000| Untracked 
|   8|0x00000000c0800000, 0x00000000c0900000, 0x00000000c0900000|100%| O|  |TAMS 0x00000000c0900000, 0x00000000c0800000| Untracked 
|   9|0x00000000c0900000, 0x00000000c0a00000, 0x00000000c0a00000|100%| O|  |TAMS 0x00000000c0a00000, 0x00000000c0900000| Untracked 
|  10|0x00000000c0a00000, 0x00000000c0b00000, 0x00000000c0b00000|100%| O|  |TAMS 0x00000000c0b00000, 0x00000000c0a00000| Untracked 
|  11|0x00000000c0b00000, 0x00000000c0c00000, 0x00000000c0c00000|100%| O|  |TAMS 0x00000000c0c00000, 0x00000000c0b00000| Untracked 
|  12|0x00000000c0c00000, 0x00000000c0d00000, 0x00000000c0d00000|100%| O|  |TAMS 0x00000000c0d00000, 0x00000000c0c00000| Untracked 
|  13|0x00000000c0d00000, 0x00000000c0e00000, 0x00000000c0e00000|100%| O|  |TAMS 0x00000000c0e00000, 0x00000000c0d00000| Untracked 
|  14|0x00000000c0e00000, 0x00000000c0f00000, 0x00000000c0f00000|100%| O|  |TAMS 0x00000000c0f00000, 0x00000000c0e00000| Untracked 
|  15|0x00000000c0f00000, 0x00000000c1000000, 0x00000000c1000000|100%| O|  |TAMS 0x00000000c1000000, 0x00000000c0f00000| Untracked 
|  16|0x00000000c1000000, 0x00000000c1100000, 0x00000000c1100000|100%| O|  |TAMS 0x00000000c1100000, 0x00000000c1000000| Untracked 
|  17|0x00000000c1100000, 0x00000000c1200000, 0x00000000c1200000|100%| O|  |TAMS 0x00000000c1200000, 0x00000000c1100000| Untracked 
|  18|0x00000000c1200000, 0x00000000c1300000, 0x00000000c1300000|100%| O|  |TAMS 0x00000000c1300000, 0x00000000c1200000| Untracked 
|  19|0x00000000c1300000, 0x00000000c1400000, 0x00000000c1400000|100%| O|  |TAMS 0x00000000c1400000, 0x00000000c1300000| Untracked 
|  20|0x00000000c1400000, 0x00000000c1500000, 0x00000000c1500000|100%|HS|  |TAMS 0x00000000c1500000, 0x00000000c1400000| Complete 
|  21|0x00000000c1500000, 0x00000000c1600000, 0x00000000c1600000|100%| O|  |TAMS 0x00000000c1600000, 0x00000000c1500000| Untracked 
|  22|0x00000000c1600000, 0x00000000c1700000, 0x00000000c1700000|100%| O|  |TAMS 0x00000000c1700000, 0x00000000c1600000| Untracked 
|  23|0x00000000c1700000, 0x00000000c1800000, 0x00000000c1800000|100%| O|  |TAMS 0x00000000c1800000, 0x00000000c1700000| Untracked 
|  24|0x00000000c1800000, 0x00000000c1900000, 0x00000000c1900000|100%| O|  |TAMS 0x00000000c1900000, 0x00000000c1800000| Untracked 
|  25|0x00000000c1900000, 0x00000000c1a00000, 0x00000000c1a00000|100%| O|  |TAMS 0x00000000c1a00000, 0x00000000c1900000| Untracked 
|  26|0x00000000c1a00000, 0x00000000c1b00000, 0x00000000c1b00000|100%| O|  |TAMS 0x00000000c1b00000, 0x00000000c1a00000| Untracked 
|  27|0x00000000c1b00000, 0x00000000c1c00000, 0x00000000c1c00000|100%| O|  |TAMS 0x00000000c1c00000, 0x00000000c1b00000| Untracked 
|  28|0x00000000c1c00000, 0x00000000c1d00000, 0x00000000c1d00000|100%| O|  |TAMS 0x00000000c1d00000, 0x00000000c1c00000| Untracked 
|  29|0x00000000c1d00000, 0x00000000c1e00000, 0x00000000c1e00000|100%| O|  |TAMS 0x00000000c1e00000, 0x00000000c1d00000| Untracked 
|  30|0x00000000c1e00000, 0x00000000c1f00000, 0x00000000c1f00000|100%| O|  |TAMS 0x00000000c1f00000, 0x00000000c1e00000| Untracked 
|  31|0x00000000c1f00000, 0x00000000c2000000, 0x00000000c2000000|100%| O|  |TAMS 0x00000000c2000000, 0x00000000c1f00000| Untracked 
|  32|0x00000000c2000000, 0x00000000c2100000, 0x00000000c2100000|100%| O|  |TAMS 0x00000000c2100000, 0x00000000c2000000| Untracked 
|  33|0x00000000c2100000, 0x00000000c2200000, 0x00000000c2200000|100%| O|  |TAMS 0x00000000c2200000, 0x00000000c2100000| Untracked 
|  34|0x00000000c2200000, 0x00000000c2300000, 0x00000000c2300000|100%| O|  |TAMS 0x00000000c2300000, 0x00000000c2200000| Untracked 
|  35|0x00000000c2300000, 0x00000000c2400000, 0x00000000c2400000|100%| O|  |TAMS 0x00000000c2400000, 0x00000000c2300000| Untracked 
|  36|0x00000000c2400000, 0x00000000c2500000, 0x00000000c2500000|100%| O|  |TAMS 0x00000000c2500000, 0x00000000c2400000| Untracked 
|  37|0x00000000c2500000, 0x00000000c2600000, 0x00000000c2600000|100%|HS|  |TAMS 0x00000000c2600000, 0x00000000c2500000| Complete 
|  38|0x00000000c2600000, 0x00000000c2700000, 0x00000000c2700000|100%|HC|  |TAMS 0x00000000c2700000, 0x00000000c2600000| Complete 
|  39|0x00000000c2700000, 0x00000000c2800000, 0x00000000c2800000|100%| O|  |TAMS 0x00000000c2800000, 0x00000000c2700000| Untracked 
|  40|0x00000000c2800000, 0x00000000c2900000, 0x00000000c2900000|100%| O|  |TAMS 0x00000000c2900000, 0x00000000c2800000| Untracked 
|  41|0x00000000c2900000, 0x00000000c2a00000, 0x00000000c2a00000|100%|HS|  |TAMS 0x00000000c2a00000, 0x00000000c2900000| Complete 
|  42|0x00000000c2a00000, 0x00000000c2b00000, 0x00000000c2b00000|100%|HC|  |TAMS 0x00000000c2b00000, 0x00000000c2a00000| Complete 
|  43|0x00000000c2b00000, 0x00000000c2c00000, 0x00000000c2c00000|100%| O|  |TAMS 0x00000000c2c00000, 0x00000000c2b00000| Untracked 
|  44|0x00000000c2c00000, 0x00000000c2d00000, 0x00000000c2d00000|100%| O|  |TAMS 0x00000000c2d00000, 0x00000000c2c00000| Untracked 
|  45|0x00000000c2d00000, 0x00000000c2e00000, 0x00000000c2e00000|100%|HS|  |TAMS 0x00000000c2e00000, 0x00000000c2d00000| Complete 
|  46|0x00000000c2e00000, 0x00000000c2f00000, 0x00000000c2f00000|100%|HC|  |TAMS 0x00000000c2f00000, 0x00000000c2e00000| Complete 
|  47|0x00000000c2f00000, 0x00000000c3000000, 0x00000000c3000000|100%|HC|  |TAMS 0x00000000c3000000, 0x00000000c2f00000| Complete 
|  48|0x00000000c3000000, 0x00000000c3100000, 0x00000000c3100000|100%|HC|  |TAMS 0x00000000c3100000, 0x00000000c3000000| Complete 
|  49|0x00000000c3100000, 0x00000000c3200000, 0x00000000c3200000|100%|HS|  |TAMS 0x00000000c3200000, 0x00000000c3100000| Complete 
|  50|0x00000000c3200000, 0x00000000c3300000, 0x00000000c3300000|100%|HC|  |TAMS 0x00000000c3300000, 0x00000000c3200000| Complete 
|  51|0x00000000c3300000, 0x00000000c3400000, 0x00000000c3400000|100%|HC|  |TAMS 0x00000000c3400000, 0x00000000c3300000| Complete 
|  52|0x00000000c3400000, 0x00000000c3500000, 0x00000000c3500000|100%|HC|  |TAMS 0x00000000c3500000, 0x00000000c3400000| Complete 
|  53|0x00000000c3500000, 0x00000000c3600000, 0x00000000c3600000|100%| O|  |TAMS 0x00000000c3600000, 0x00000000c3500000| Untracked 
|  54|0x00000000c3600000, 0x00000000c3700000, 0x00000000c3700000|100%| O|  |TAMS 0x00000000c3700000, 0x00000000c3600000| Untracked 
|  55|0x00000000c3700000, 0x00000000c3800000, 0x00000000c3800000|100%| O|  |TAMS 0x00000000c3800000, 0x00000000c3700000| Untracked 
|  56|0x00000000c3800000, 0x00000000c3900000, 0x00000000c3900000|100%| O|  |TAMS 0x00000000c3900000, 0x00000000c3800000| Untracked 
|  57|0x00000000c3900000, 0x00000000c3a00000, 0x00000000c3a00000|100%| O|  |TAMS 0x00000000c3a00000, 0x00000000c3900000| Untracked 
|  58|0x00000000c3a00000, 0x00000000c3b00000, 0x00000000c3b00000|100%| O|  |TAMS 0x00000000c3b00000, 0x00000000c3a00000| Untracked 
|  59|0x00000000c3b00000, 0x00000000c3c00000, 0x00000000c3c00000|100%| O|  |TAMS 0x00000000c3c00000, 0x00000000c3b00000| Untracked 
|  60|0x00000000c3c00000, 0x00000000c3d00000, 0x00000000c3d00000|100%| O|  |TAMS 0x00000000c3d00000, 0x00000000c3c00000| Untracked 
|  61|0x00000000c3d00000, 0x00000000c3e00000, 0x00000000c3e00000|100%| O|  |TAMS 0x00000000c3e00000, 0x00000000c3d00000| Untracked 
|  62|0x00000000c3e00000, 0x00000000c3f00000, 0x00000000c3f00000|100%| O|  |TAMS 0x00000000c3f00000, 0x00000000c3e00000| Untracked 
|  63|0x00000000c3f00000, 0x00000000c4000000, 0x00000000c4000000|100%| O|  |TAMS 0x00000000c4000000, 0x00000000c3f00000| Untracked 
|  64|0x00000000c4000000, 0x00000000c4100000, 0x00000000c4100000|100%| O|  |TAMS 0x00000000c4100000, 0x00000000c4000000| Untracked 
|  65|0x00000000c4100000, 0x00000000c4200000, 0x00000000c4200000|100%| O|  |TAMS 0x00000000c4200000, 0x00000000c4100000| Untracked 
|  66|0x00000000c4200000, 0x00000000c4300000, 0x00000000c4300000|100%| O|  |TAMS 0x00000000c4300000, 0x00000000c4200000| Untracked 
|  67|0x00000000c4300000, 0x00000000c4400000, 0x00000000c4400000|100%| O|  |TAMS 0x00000000c4400000, 0x00000000c4300000| Untracked 
|  68|0x00000000c4400000, 0x00000000c4500000, 0x00000000c4500000|100%| O|  |TAMS 0x00000000c4500000, 0x00000000c4400000| Untracked 
|  69|0x00000000c4500000, 0x00000000c4600000, 0x00000000c4600000|100%| O|  |TAMS 0x00000000c4600000, 0x00000000c4500000| Untracked 
|  70|0x00000000c4600000, 0x00000000c4700000, 0x00000000c4700000|100%| O|  |TAMS 0x00000000c4700000, 0x00000000c4600000| Untracked 
|  71|0x00000000c4700000, 0x00000000c4800000, 0x00000000c4800000|100%| O|  |TAMS 0x00000000c4800000, 0x00000000c4700000| Untracked 
|  72|0x00000000c4800000, 0x00000000c4900000, 0x00000000c4900000|100%| O|  |TAMS 0x00000000c4900000, 0x00000000c4800000| Untracked 
|  73|0x00000000c4900000, 0x00000000c4a00000, 0x00000000c4a00000|100%| O|  |TAMS 0x00000000c4a00000, 0x00000000c4900000| Untracked 
|  74|0x00000000c4a00000, 0x00000000c4b00000, 0x00000000c4b00000|100%| O|  |TAMS 0x00000000c4b00000, 0x00000000c4a00000| Untracked 
|  75|0x00000000c4b00000, 0x00000000c4c00000, 0x00000000c4c00000|100%|HS|  |TAMS 0x00000000c4c00000, 0x00000000c4b00000| Complete 
|  76|0x00000000c4c00000, 0x00000000c4d00000, 0x00000000c4d00000|100%|HC|  |TAMS 0x00000000c4d00000, 0x00000000c4c00000| Complete 
|  77|0x00000000c4d00000, 0x00000000c4e00000, 0x00000000c4e00000|100%|HS|  |TAMS 0x00000000c4e00000, 0x00000000c4d00000| Complete 
|  78|0x00000000c4e00000, 0x00000000c4f00000, 0x00000000c4f00000|100%|HS|  |TAMS 0x00000000c4f00000, 0x00000000c4e00000| Complete 
|  79|0x00000000c4f00000, 0x00000000c5000000, 0x00000000c5000000|100%|HS|  |TAMS 0x00000000c5000000, 0x00000000c4f00000| Complete 
|  80|0x00000000c5000000, 0x00000000c5100000, 0x00000000c5100000|100%|HC|  |TAMS 0x00000000c5100000, 0x00000000c5000000| Complete 
|  81|0x00000000c5100000, 0x00000000c5200000, 0x00000000c5200000|100%|HC|  |TAMS 0x00000000c5200000, 0x00000000c5100000| Complete 
|  82|0x00000000c5200000, 0x00000000c5300000, 0x00000000c5300000|100%|HS|  |TAMS 0x00000000c5300000, 0x00000000c5200000| Complete 
|  83|0x00000000c5300000, 0x00000000c5400000, 0x00000000c5400000|100%|HS|  |TAMS 0x00000000c5400000, 0x00000000c5300000| Complete 
|  84|0x00000000c5400000, 0x00000000c5500000, 0x00000000c5500000|100%|HS|  |TAMS 0x00000000c5500000, 0x00000000c5400000| Complete 
|  85|0x00000000c5500000, 0x00000000c5600000, 0x00000000c5600000|100%|HC|  |TAMS 0x00000000c5600000, 0x00000000c5500000| Complete 
|  86|0x00000000c5600000, 0x00000000c5700000, 0x00000000c5700000|100%|HS|  |TAMS 0x00000000c5700000, 0x00000000c5600000| Complete 
|  87|0x00000000c5700000, 0x00000000c5800000, 0x00000000c5800000|100%| O|  |TAMS 0x00000000c5800000, 0x00000000c5700000| Untracked 
|  88|0x00000000c5800000, 0x00000000c5900000, 0x00000000c5900000|100%| O|  |TAMS 0x00000000c5900000, 0x00000000c5800000| Untracked 
|  89|0x00000000c5900000, 0x00000000c5a00000, 0x00000000c5a00000|100%| O|  |TAMS 0x00000000c5a00000, 0x00000000c5900000| Untracked 
|  90|0x00000000c5a00000, 0x00000000c5b00000, 0x00000000c5b00000|100%| O|  |TAMS 0x00000000c5b00000, 0x00000000c5a00000| Untracked 
|  91|0x00000000c5b00000, 0x00000000c5c00000, 0x00000000c5c00000|100%| O|  |TAMS 0x00000000c5c00000, 0x00000000c5b00000| Untracked 
|  92|0x00000000c5c00000, 0x00000000c5d00000, 0x00000000c5d00000|100%| O|  |TAMS 0x00000000c5d00000, 0x00000000c5c00000| Untracked 
|  93|0x00000000c5d00000, 0x00000000c5e00000, 0x00000000c5e00000|100%| O|  |TAMS 0x00000000c5e00000, 0x00000000c5d00000| Untracked 
|  94|0x00000000c5e00000, 0x00000000c5f00000, 0x00000000c5f00000|100%| O|  |TAMS 0x00000000c5f00000, 0x00000000c5e00000| Untracked 
|  95|0x00000000c5f00000, 0x00000000c6000000, 0x00000000c6000000|100%| O|  |TAMS 0x00000000c6000000, 0x00000000c5f00000| Untracked 
|  96|0x00000000c6000000, 0x00000000c6100000, 0x00000000c6100000|100%| O|  |TAMS 0x00000000c6100000, 0x00000000c6000000| Untracked 
|  97|0x00000000c6100000, 0x00000000c6200000, 0x00000000c6200000|100%| O|  |TAMS 0x00000000c6200000, 0x00000000c6100000| Untracked 
|  98|0x00000000c6200000, 0x00000000c6300000, 0x00000000c6300000|100%| O|  |TAMS 0x00000000c6300000, 0x00000000c6200000| Untracked 
|  99|0x00000000c6300000, 0x00000000c6400000, 0x00000000c6400000|100%| O|  |TAMS 0x00000000c6400000, 0x00000000c6300000| Untracked 
| 100|0x00000000c6400000, 0x00000000c6500000, 0x00000000c6500000|100%|HS|  |TAMS 0x00000000c6500000, 0x00000000c6400000| Complete 
| 101|0x00000000c6500000, 0x00000000c6600000, 0x00000000c6600000|100%| O|  |TAMS 0x00000000c6600000, 0x00000000c6500000| Untracked 
| 102|0x00000000c6600000, 0x00000000c6700000, 0x00000000c6700000|100%| O|  |TAMS 0x00000000c6700000, 0x00000000c6600000| Untracked 
| 103|0x00000000c6700000, 0x00000000c6800000, 0x00000000c6800000|100%| O|  |TAMS 0x00000000c6800000, 0x00000000c6700000| Untracked 
| 104|0x00000000c6800000, 0x00000000c6900000, 0x00000000c6900000|100%| O|  |TAMS 0x00000000c6900000, 0x00000000c6800000| Untracked 
| 105|0x00000000c6900000, 0x00000000c6a00000, 0x00000000c6a00000|100%| O|  |TAMS 0x00000000c6a00000, 0x00000000c6900000| Untracked 
| 106|0x00000000c6a00000, 0x00000000c6b00000, 0x00000000c6b00000|100%|HS|  |TAMS 0x00000000c6b00000, 0x00000000c6a00000| Complete 
| 107|0x00000000c6b00000, 0x00000000c6c00000, 0x00000000c6c00000|100%|HC|  |TAMS 0x00000000c6c00000, 0x00000000c6b00000| Complete 
| 108|0x00000000c6c00000, 0x00000000c6d00000, 0x00000000c6d00000|100%|HC|  |TAMS 0x00000000c6d00000, 0x00000000c6c00000| Complete 
| 109|0x00000000c6d00000, 0x00000000c6e00000, 0x00000000c6e00000|100%| O|  |TAMS 0x00000000c6e00000, 0x00000000c6d00000| Untracked 
| 110|0x00000000c6e00000, 0x00000000c6f00000, 0x00000000c6f00000|100%| O|  |TAMS 0x00000000c6f00000, 0x00000000c6e00000| Untracked 
| 111|0x00000000c6f00000, 0x00000000c7000000, 0x00000000c7000000|100%| O|  |TAMS 0x00000000c7000000, 0x00000000c6f00000| Untracked 
| 112|0x00000000c7000000, 0x00000000c7100000, 0x00000000c7100000|100%| O|  |TAMS 0x00000000c7100000, 0x00000000c7000000| Untracked 
| 113|0x00000000c7100000, 0x00000000c7200000, 0x00000000c7200000|100%| O|  |TAMS 0x00000000c7200000, 0x00000000c7100000| Untracked 
| 114|0x00000000c7200000, 0x00000000c7200000, 0x00000000c7300000|  0%| F|  |TAMS 0x00000000c7200000, 0x00000000c7200000| Untracked 
| 115|0x00000000c7300000, 0x00000000c7400000, 0x00000000c7400000|100%| O|  |TAMS 0x00000000c7400000, 0x00000000c7300000| Untracked 
| 116|0x00000000c7400000, 0x00000000c7500000, 0x00000000c7500000|100%| O|  |TAMS 0x00000000c7472000, 0x00000000c7400000| Untracked 
| 117|0x00000000c7500000, 0x00000000c7600000, 0x00000000c7600000|100%|HS|  |TAMS 0x00000000c7600000, 0x00000000c7500000| Complete 
| 118|0x00000000c7600000, 0x00000000c7700000, 0x00000000c7700000|100%|HC|  |TAMS 0x00000000c7700000, 0x00000000c7600000| Complete 
| 119|0x00000000c7700000, 0x00000000c7800000, 0x00000000c7800000|100%|HS|  |TAMS 0x00000000c7800000, 0x00000000c7700000| Complete 
| 120|0x00000000c7800000, 0x00000000c7900000, 0x00000000c7900000|100%|HS|  |TAMS 0x00000000c7900000, 0x00000000c7800000| Complete 
| 121|0x00000000c7900000, 0x00000000c7a00000, 0x00000000c7a00000|100%|HC|  |TAMS 0x00000000c7a00000, 0x00000000c7900000| Complete 
| 122|0x00000000c7a00000, 0x00000000c7b00000, 0x00000000c7b00000|100%|HC|  |TAMS 0x00000000c7b00000, 0x00000000c7a00000| Complete 
| 123|0x00000000c7b00000, 0x00000000c7c00000, 0x00000000c7c00000|100%|HC|  |TAMS 0x00000000c7c00000, 0x00000000c7b00000| Complete 
| 124|0x00000000c7c00000, 0x00000000c7d00000, 0x00000000c7d00000|100%|HS|  |TAMS 0x00000000c7d00000, 0x00000000c7c00000| Complete 
| 125|0x00000000c7d00000, 0x00000000c7e00000, 0x00000000c7e00000|100%| O|  |TAMS 0x00000000c7d00000, 0x00000000c7d00000| Untracked 
| 126|0x00000000c7e00000, 0x00000000c7f00000, 0x00000000c7f00000|100%| O|  |TAMS 0x00000000c7e00000, 0x00000000c7e00000| Untracked 
| 127|0x00000000c7f00000, 0x00000000c8000000, 0x00000000c8000000|100%| O|  |TAMS 0x00000000c7f00000, 0x00000000c7f00000| Untracked 
| 128|0x00000000c8000000, 0x00000000c8100000, 0x00000000c8100000|100%| O|  |TAMS 0x00000000c8000000, 0x00000000c8000000| Untracked 
| 129|0x00000000c8100000, 0x00000000c8200000, 0x00000000c8200000|100%| O|  |TAMS 0x00000000c8100000, 0x00000000c8100000| Untracked 
| 130|0x00000000c8200000, 0x00000000c8300000, 0x00000000c8300000|100%| O|  |TAMS 0x00000000c8200000, 0x00000000c8200000| Untracked 
| 131|0x00000000c8300000, 0x00000000c8400000, 0x00000000c8400000|100%| O|  |TAMS 0x00000000c8300000, 0x00000000c8300000| Untracked 
| 132|0x00000000c8400000, 0x00000000c8500000, 0x00000000c8500000|100%|HS|  |TAMS 0x00000000c8400000, 0x00000000c8400000| Complete 
| 133|0x00000000c8500000, 0x00000000c8600000, 0x00000000c8600000|100%|HC|  |TAMS 0x00000000c8500000, 0x00000000c8500000| Complete 
| 134|0x00000000c8600000, 0x00000000c8700000, 0x00000000c8700000|100%| O|  |TAMS 0x00000000c8600000, 0x00000000c8600000| Untracked 
| 135|0x00000000c8700000, 0x00000000c8800000, 0x00000000c8800000|100%| O|  |TAMS 0x00000000c8700000, 0x00000000c8700000| Untracked 
| 136|0x00000000c8800000, 0x00000000c8900000, 0x00000000c8900000|100%| O|  |TAMS 0x00000000c8800000, 0x00000000c8800000| Untracked 
| 137|0x00000000c8900000, 0x00000000c8a00000, 0x00000000c8a00000|100%| O|  |TAMS 0x00000000c8900000, 0x00000000c8900000| Untracked 
| 138|0x00000000c8a00000, 0x00000000c8b00000, 0x00000000c8b00000|100%| O|  |TAMS 0x00000000c8a00000, 0x00000000c8a00000| Untracked 
| 139|0x00000000c8b00000, 0x00000000c8c00000, 0x00000000c8c00000|100%|HS|  |TAMS 0x00000000c8b00000, 0x00000000c8b00000| Complete 
| 140|0x00000000c8c00000, 0x00000000c8d00000, 0x00000000c8d00000|100%|HS|  |TAMS 0x00000000c8c00000, 0x00000000c8c00000| Complete 
| 141|0x00000000c8d00000, 0x00000000c8e00000, 0x00000000c8e00000|100%|HS|  |TAMS 0x00000000c8d00000, 0x00000000c8d00000| Complete 
| 142|0x00000000c8e00000, 0x00000000c8f00000, 0x00000000c8f00000|100%| O|  |TAMS 0x00000000c8e00000, 0x00000000c8e00000| Untracked 
| 143|0x00000000c8f00000, 0x00000000c9000000, 0x00000000c9000000|100%| O|  |TAMS 0x00000000c8f00000, 0x00000000c8f00000| Untracked 
| 144|0x00000000c9000000, 0x00000000c9100000, 0x00000000c9100000|100%| O|  |TAMS 0x00000000c9000000, 0x00000000c9000000| Untracked 
| 145|0x00000000c9100000, 0x00000000c9200000, 0x00000000c9200000|100%| O|  |TAMS 0x00000000c9100000, 0x00000000c9100000| Untracked 
| 146|0x00000000c9200000, 0x00000000c9300000, 0x00000000c9300000|100%| O|  |TAMS 0x00000000c9200000, 0x00000000c9200000| Untracked 
| 147|0x00000000c9300000, 0x00000000c9400000, 0x00000000c9400000|100%| O|  |TAMS 0x00000000c9300000, 0x00000000c9300000| Untracked 
| 148|0x00000000c9400000, 0x00000000c9500000, 0x00000000c9500000|100%| O|  |TAMS 0x00000000c9400000, 0x00000000c9400000| Untracked 
| 149|0x00000000c9500000, 0x00000000c9600000, 0x00000000c9600000|100%| O|  |TAMS 0x00000000c9500000, 0x00000000c9500000| Untracked 
| 150|0x00000000c9600000, 0x00000000c9700000, 0x00000000c9700000|100%| O|  |TAMS 0x00000000c9600000, 0x00000000c9600000| Untracked 
| 151|0x00000000c9700000, 0x00000000c9800000, 0x00000000c9800000|100%| O|  |TAMS 0x00000000c9700000, 0x00000000c9700000| Untracked 
| 152|0x00000000c9800000, 0x00000000c9900000, 0x00000000c9900000|100%| O|  |TAMS 0x00000000c9800000, 0x00000000c9800000| Untracked 
| 153|0x00000000c9900000, 0x00000000c9a00000, 0x00000000c9a00000|100%| O|  |TAMS 0x00000000c9900000, 0x00000000c9900000| Untracked 
| 154|0x00000000c9a00000, 0x00000000c9b00000, 0x00000000c9b00000|100%| O|  |TAMS 0x00000000c9a00000, 0x00000000c9a00000| Untracked 
| 155|0x00000000c9b00000, 0x00000000c9c00000, 0x00000000c9c00000|100%| O|  |TAMS 0x00000000c9b00000, 0x00000000c9b00000| Untracked 
| 156|0x00000000c9c00000, 0x00000000c9d00000, 0x00000000c9d00000|100%| O|  |TAMS 0x00000000c9c00000, 0x00000000c9c00000| Untracked 
| 157|0x00000000c9d00000, 0x00000000c9d9e000, 0x00000000c9e00000| 61%| O|  |TAMS 0x00000000c9d00000, 0x00000000c9d00000| Untracked 
| 158|0x00000000c9e00000, 0x00000000c9e00000, 0x00000000c9f00000|  0%| F|  |TAMS 0x00000000c9e00000, 0x00000000c9e00000| Untracked 
| 159|0x00000000c9f00000, 0x00000000c9f00000, 0x00000000ca000000|  0%| F|  |TAMS 0x00000000c9f00000, 0x00000000c9f00000| Untracked 
| 160|0x00000000ca000000, 0x00000000ca000000, 0x00000000ca100000|  0%| F|  |TAMS 0x00000000ca000000, 0x00000000ca000000| Untracked 
| 161|0x00000000ca100000, 0x00000000ca100000, 0x00000000ca200000|  0%| F|  |TAMS 0x00000000ca100000, 0x00000000ca100000| Untracked 
| 162|0x00000000ca200000, 0x00000000ca200000, 0x00000000ca300000|  0%| F|  |TAMS 0x00000000ca200000, 0x00000000ca200000| Untracked 
| 163|0x00000000ca300000, 0x00000000ca300000, 0x00000000ca400000|  0%| F|  |TAMS 0x00000000ca300000, 0x00000000ca300000| Untracked 
| 164|0x00000000ca400000, 0x00000000ca400000, 0x00000000ca500000|  0%| F|  |TAMS 0x00000000ca400000, 0x00000000ca400000| Untracked 
| 165|0x00000000ca500000, 0x00000000ca500000, 0x00000000ca600000|  0%| F|  |TAMS 0x00000000ca500000, 0x00000000ca500000| Untracked 
| 166|0x00000000ca600000, 0x00000000ca600000, 0x00000000ca700000|  0%| F|  |TAMS 0x00000000ca600000, 0x00000000ca600000| Untracked 
| 167|0x00000000ca700000, 0x00000000ca700000, 0x00000000ca800000|  0%| F|  |TAMS 0x00000000ca700000, 0x00000000ca700000| Untracked 
| 168|0x00000000ca800000, 0x00000000ca800000, 0x00000000ca900000|  0%| F|  |TAMS 0x00000000ca800000, 0x00000000ca800000| Untracked 
| 169|0x00000000ca900000, 0x00000000ca900000, 0x00000000caa00000|  0%| F|  |TAMS 0x00000000ca900000, 0x00000000ca900000| Untracked 
| 170|0x00000000caa00000, 0x00000000caa00000, 0x00000000cab00000|  0%| F|  |TAMS 0x00000000caa00000, 0x00000000caa00000| Untracked 
| 171|0x00000000cab00000, 0x00000000cab00000, 0x00000000cac00000|  0%| F|  |TAMS 0x00000000cab00000, 0x00000000cab00000| Untracked 
| 172|0x00000000cac00000, 0x00000000cac00000, 0x00000000cad00000|  0%| F|  |TAMS 0x00000000cac00000, 0x00000000cac00000| Untracked 
| 173|0x00000000cad00000, 0x00000000cad00000, 0x00000000cae00000|  0%| F|  |TAMS 0x00000000cad00000, 0x00000000cad00000| Untracked 
| 174|0x00000000cae00000, 0x00000000cae00000, 0x00000000caf00000|  0%| F|  |TAMS 0x00000000cae00000, 0x00000000cae00000| Untracked 
| 175|0x00000000caf00000, 0x00000000caf00000, 0x00000000cb000000|  0%| F|  |TAMS 0x00000000caf00000, 0x00000000caf00000| Untracked 
| 176|0x00000000cb000000, 0x00000000cb000000, 0x00000000cb100000|  0%| F|  |TAMS 0x00000000cb000000, 0x00000000cb000000| Untracked 
| 177|0x00000000cb100000, 0x00000000cb100000, 0x00000000cb200000|  0%| F|  |TAMS 0x00000000cb100000, 0x00000000cb100000| Untracked 
| 178|0x00000000cb200000, 0x00000000cb200000, 0x00000000cb300000|  0%| F|  |TAMS 0x00000000cb200000, 0x00000000cb200000| Untracked 
| 179|0x00000000cb300000, 0x00000000cb300000, 0x00000000cb400000|  0%| F|  |TAMS 0x00000000cb300000, 0x00000000cb300000| Untracked 
| 180|0x00000000cb400000, 0x00000000cb400000, 0x00000000cb500000|  0%| F|  |TAMS 0x00000000cb400000, 0x00000000cb400000| Untracked 
| 181|0x00000000cb500000, 0x00000000cb500000, 0x00000000cb600000|  0%| F|  |TAMS 0x00000000cb500000, 0x00000000cb500000| Untracked 
| 182|0x00000000cb600000, 0x00000000cb600000, 0x00000000cb700000|  0%| F|  |TAMS 0x00000000cb600000, 0x00000000cb600000| Untracked 
| 183|0x00000000cb700000, 0x00000000cb700000, 0x00000000cb800000|  0%| F|  |TAMS 0x00000000cb700000, 0x00000000cb700000| Untracked 
| 184|0x00000000cb800000, 0x00000000cb800000, 0x00000000cb900000|  0%| F|  |TAMS 0x00000000cb800000, 0x00000000cb800000| Untracked 
| 185|0x00000000cb900000, 0x00000000cb900000, 0x00000000cba00000|  0%| F|  |TAMS 0x00000000cb900000, 0x00000000cb900000| Untracked 
| 186|0x00000000cba00000, 0x00000000cba00000, 0x00000000cbb00000|  0%| F|  |TAMS 0x00000000cba00000, 0x00000000cba00000| Untracked 
| 187|0x00000000cbb00000, 0x00000000cbb00000, 0x00000000cbc00000|  0%| F|  |TAMS 0x00000000cbb00000, 0x00000000cbb00000| Untracked 
| 188|0x00000000cbc00000, 0x00000000cbc00000, 0x00000000cbd00000|  0%| F|  |TAMS 0x00000000cbc00000, 0x00000000cbc00000| Untracked 
| 189|0x00000000cbd00000, 0x00000000cbd00000, 0x00000000cbe00000|  0%| F|  |TAMS 0x00000000cbd00000, 0x00000000cbd00000| Untracked 
| 190|0x00000000cbe00000, 0x00000000cbe00000, 0x00000000cbf00000|  0%| F|  |TAMS 0x00000000cbe00000, 0x00000000cbe00000| Untracked 
| 191|0x00000000cbf00000, 0x00000000cbf00000, 0x00000000cc000000|  0%| F|  |TAMS 0x00000000cbf00000, 0x00000000cbf00000| Untracked 
| 192|0x00000000cc000000, 0x00000000cc000000, 0x00000000cc100000|  0%| F|  |TAMS 0x00000000cc000000, 0x00000000cc000000| Untracked 
| 193|0x00000000cc100000, 0x00000000cc100000, 0x00000000cc200000|  0%| F|  |TAMS 0x00000000cc100000, 0x00000000cc100000| Untracked 
| 194|0x00000000cc200000, 0x00000000cc276d58, 0x00000000cc300000| 46%| S|CS|TAMS 0x00000000cc200000, 0x00000000cc200000| Complete 
| 195|0x00000000cc300000, 0x00000000cc400000, 0x00000000cc400000|100%| S|CS|TAMS 0x00000000cc300000, 0x00000000cc300000| Complete 
| 196|0x00000000cc400000, 0x00000000cc500000, 0x00000000cc500000|100%| S|CS|TAMS 0x00000000cc400000, 0x00000000cc400000| Complete 
| 197|0x00000000cc500000, 0x00000000cc600000, 0x00000000cc600000|100%| S|CS|TAMS 0x00000000cc500000, 0x00000000cc500000| Complete 
| 198|0x00000000cc600000, 0x00000000cc700000, 0x00000000cc700000|100%| S|CS|TAMS 0x00000000cc600000, 0x00000000cc600000| Complete 
| 199|0x00000000cc700000, 0x00000000cc700000, 0x00000000cc800000|  0%| F|  |TAMS 0x00000000cc700000, 0x00000000cc700000| Untracked 
| 200|0x00000000cc800000, 0x00000000cc800000, 0x00000000cc900000|  0%| F|  |TAMS 0x00000000cc800000, 0x00000000cc800000| Untracked 
| 201|0x00000000cc900000, 0x00000000cc900000, 0x00000000cca00000|  0%| F|  |TAMS 0x00000000cc900000, 0x00000000cc900000| Untracked 
| 202|0x00000000cca00000, 0x00000000cca00000, 0x00000000ccb00000|  0%| F|  |TAMS 0x00000000cca00000, 0x00000000cca00000| Untracked 
| 203|0x00000000ccb00000, 0x00000000ccc00000, 0x00000000ccc00000|100%| S|CS|TAMS 0x00000000ccb00000, 0x00000000ccb00000| Complete 
| 204|0x00000000ccc00000, 0x00000000ccd00000, 0x00000000ccd00000|100%| S|CS|TAMS 0x00000000ccc00000, 0x00000000ccc00000| Complete 
| 205|0x00000000ccd00000, 0x00000000ccd00000, 0x00000000cce00000|  0%| F|  |TAMS 0x00000000ccd00000, 0x00000000ccd00000| Untracked 
| 206|0x00000000cce00000, 0x00000000cce00000, 0x00000000ccf00000|  0%| F|  |TAMS 0x00000000cce00000, 0x00000000cce00000| Untracked 
| 207|0x00000000ccf00000, 0x00000000ccf00000, 0x00000000cd000000|  0%| F|  |TAMS 0x00000000ccf00000, 0x00000000ccf00000| Untracked 
| 208|0x00000000cd000000, 0x00000000cd000000, 0x00000000cd100000|  0%| F|  |TAMS 0x00000000cd000000, 0x00000000cd000000| Untracked 
| 209|0x00000000cd100000, 0x00000000cd100000, 0x00000000cd200000|  0%| F|  |TAMS 0x00000000cd100000, 0x00000000cd100000| Untracked 
| 210|0x00000000cd200000, 0x00000000cd200000, 0x00000000cd300000|  0%| F|  |TAMS 0x00000000cd200000, 0x00000000cd200000| Untracked 
| 211|0x00000000cd300000, 0x00000000cd300000, 0x00000000cd400000|  0%| F|  |TAMS 0x00000000cd300000, 0x00000000cd300000| Untracked 
| 212|0x00000000cd400000, 0x00000000cd400000, 0x00000000cd500000|  0%| F|  |TAMS 0x00000000cd400000, 0x00000000cd400000| Untracked 
| 213|0x00000000cd500000, 0x00000000cd500000, 0x00000000cd600000|  0%| F|  |TAMS 0x00000000cd500000, 0x00000000cd500000| Untracked 
| 214|0x00000000cd600000, 0x00000000cd600000, 0x00000000cd700000|  0%| F|  |TAMS 0x00000000cd600000, 0x00000000cd600000| Untracked 
| 215|0x00000000cd700000, 0x00000000cd700000, 0x00000000cd800000|  0%| F|  |TAMS 0x00000000cd700000, 0x00000000cd700000| Untracked 
| 216|0x00000000cd800000, 0x00000000cd800000, 0x00000000cd900000|  0%| F|  |TAMS 0x00000000cd800000, 0x00000000cd800000| Untracked 
| 217|0x00000000cd900000, 0x00000000cd900000, 0x00000000cda00000|  0%| F|  |TAMS 0x00000000cd900000, 0x00000000cd900000| Untracked 
| 218|0x00000000cda00000, 0x00000000cda00000, 0x00000000cdb00000|  0%| F|  |TAMS 0x00000000cda00000, 0x00000000cda00000| Untracked 
| 219|0x00000000cdb00000, 0x00000000cdb00000, 0x00000000cdc00000|  0%| F|  |TAMS 0x00000000cdb00000, 0x00000000cdb00000| Untracked 
| 220|0x00000000cdc00000, 0x00000000cdc00000, 0x00000000cdd00000|  0%| F|  |TAMS 0x00000000cdc00000, 0x00000000cdc00000| Untracked 
| 221|0x00000000cdd00000, 0x00000000cdd00000, 0x00000000cde00000|  0%| F|  |TAMS 0x00000000cdd00000, 0x00000000cdd00000| Untracked 
| 222|0x00000000cde00000, 0x00000000cde00000, 0x00000000cdf00000|  0%| F|  |TAMS 0x00000000cde00000, 0x00000000cde00000| Untracked 
| 223|0x00000000cdf00000, 0x00000000cdf00000, 0x00000000ce000000|  0%| F|  |TAMS 0x00000000cdf00000, 0x00000000cdf00000| Untracked 
| 224|0x00000000ce000000, 0x00000000ce000000, 0x00000000ce100000|  0%| F|  |TAMS 0x00000000ce000000, 0x00000000ce000000| Untracked 
| 225|0x00000000ce100000, 0x00000000ce100000, 0x00000000ce200000|  0%| F|  |TAMS 0x00000000ce100000, 0x00000000ce100000| Untracked 
| 226|0x00000000ce200000, 0x00000000ce200000, 0x00000000ce300000|  0%| F|  |TAMS 0x00000000ce200000, 0x00000000ce200000| Untracked 
| 227|0x00000000ce300000, 0x00000000ce300000, 0x00000000ce400000|  0%| F|  |TAMS 0x00000000ce300000, 0x00000000ce300000| Untracked 
| 228|0x00000000ce400000, 0x00000000ce400000, 0x00000000ce500000|  0%| F|  |TAMS 0x00000000ce400000, 0x00000000ce400000| Untracked 
| 229|0x00000000ce500000, 0x00000000ce500000, 0x00000000ce600000|  0%| F|  |TAMS 0x00000000ce500000, 0x00000000ce500000| Untracked 
| 230|0x00000000ce600000, 0x00000000ce600000, 0x00000000ce700000|  0%| F|  |TAMS 0x00000000ce600000, 0x00000000ce600000| Untracked 
| 231|0x00000000ce700000, 0x00000000ce700000, 0x00000000ce800000|  0%| F|  |TAMS 0x00000000ce700000, 0x00000000ce700000| Untracked 
| 232|0x00000000ce800000, 0x00000000ce800000, 0x00000000ce900000|  0%| F|  |TAMS 0x00000000ce800000, 0x00000000ce800000| Untracked 
| 233|0x00000000ce900000, 0x00000000ce900000, 0x00000000cea00000|  0%| F|  |TAMS 0x00000000ce900000, 0x00000000ce900000| Untracked 
| 234|0x00000000cea00000, 0x00000000cea00000, 0x00000000ceb00000|  0%| F|  |TAMS 0x00000000cea00000, 0x00000000cea00000| Untracked 
| 235|0x00000000ceb00000, 0x00000000ceb00000, 0x00000000cec00000|  0%| F|  |TAMS 0x00000000ceb00000, 0x00000000ceb00000| Untracked 
| 236|0x00000000cec00000, 0x00000000cec00000, 0x00000000ced00000|  0%| F|  |TAMS 0x00000000cec00000, 0x00000000cec00000| Untracked 
| 237|0x00000000ced00000, 0x00000000ced00000, 0x00000000cee00000|  0%| F|  |TAMS 0x00000000ced00000, 0x00000000ced00000| Untracked 
| 238|0x00000000cee00000, 0x00000000cee00000, 0x00000000cef00000|  0%| F|  |TAMS 0x00000000cee00000, 0x00000000cee00000| Untracked 
| 239|0x00000000cef00000, 0x00000000cef00000, 0x00000000cf000000|  0%| F|  |TAMS 0x00000000cef00000, 0x00000000cef00000| Untracked 
| 240|0x00000000cf000000, 0x00000000cf000000, 0x00000000cf100000|  0%| F|  |TAMS 0x00000000cf000000, 0x00000000cf000000| Untracked 
| 241|0x00000000cf100000, 0x00000000cf100000, 0x00000000cf200000|  0%| F|  |TAMS 0x00000000cf100000, 0x00000000cf100000| Untracked 
| 242|0x00000000cf200000, 0x00000000cf200000, 0x00000000cf300000|  0%| F|  |TAMS 0x00000000cf200000, 0x00000000cf200000| Untracked 
| 243|0x00000000cf300000, 0x00000000cf380000, 0x00000000cf400000| 50%| E|  |TAMS 0x00000000cf300000, 0x00000000cf300000| Complete 
| 244|0x00000000cf400000, 0x00000000cf500000, 0x00000000cf500000|100%| E|CS|TAMS 0x00000000cf400000, 0x00000000cf400000| Complete 
| 245|0x00000000cf500000, 0x00000000cf600000, 0x00000000cf600000|100%| E|CS|TAMS 0x00000000cf500000, 0x00000000cf500000| Complete 
| 246|0x00000000cf600000, 0x00000000cf700000, 0x00000000cf700000|100%| E|CS|TAMS 0x00000000cf600000, 0x00000000cf600000| Complete 
| 247|0x00000000cf700000, 0x00000000cf800000, 0x00000000cf800000|100%| E|CS|TAMS 0x00000000cf700000, 0x00000000cf700000| Complete 
| 248|0x00000000cf800000, 0x00000000cf900000, 0x00000000cf900000|100%| E|CS|TAMS 0x00000000cf800000, 0x00000000cf800000| Complete 
| 249|0x00000000cf900000, 0x00000000cfa00000, 0x00000000cfa00000|100%| E|CS|TAMS 0x00000000cf900000, 0x00000000cf900000| Complete 
| 250|0x00000000cfa00000, 0x00000000cfb00000, 0x00000000cfb00000|100%| E|CS|TAMS 0x00000000cfa00000, 0x00000000cfa00000| Complete 
| 251|0x00000000cfb00000, 0x00000000cfc00000, 0x00000000cfc00000|100%| E|CS|TAMS 0x00000000cfb00000, 0x00000000cfb00000| Complete 
| 252|0x00000000cfc00000, 0x00000000cfd00000, 0x00000000cfd00000|100%| E|CS|TAMS 0x00000000cfc00000, 0x00000000cfc00000| Complete 
| 253|0x00000000cfd00000, 0x00000000cfe00000, 0x00000000cfe00000|100%| E|CS|TAMS 0x00000000cfd00000, 0x00000000cfd00000| Complete 
| 254|0x00000000cfe00000, 0x00000000cff00000, 0x00000000cff00000|100%| E|CS|TAMS 0x00000000cfe00000, 0x00000000cfe00000| Complete 
| 255|0x00000000cff00000, 0x00000000d0000000, 0x00000000d0000000|100%| E|CS|TAMS 0x00000000cff00000, 0x00000000cff00000| Complete 
| 256|0x00000000d0000000, 0x00000000d0100000, 0x00000000d0100000|100%| E|CS|TAMS 0x00000000d0000000, 0x00000000d0000000| Complete 
| 257|0x00000000d0100000, 0x00000000d0200000, 0x00000000d0200000|100%| E|CS|TAMS 0x00000000d0100000, 0x00000000d0100000| Complete 
| 258|0x00000000d0200000, 0x00000000d0300000, 0x00000000d0300000|100%| E|CS|TAMS 0x00000000d0200000, 0x00000000d0200000| Complete 
| 259|0x00000000d0300000, 0x00000000d0400000, 0x00000000d0400000|100%| E|CS|TAMS 0x00000000d0300000, 0x00000000d0300000| Complete 

Card table byte_map: [0x000001f5727d0000,0x000001f5729d0000] _byte_map_base: 0x000001f5721d0000

Marking Bits (Prev, Next): (CMBitMap*) 0x000001f55ba8d9b0, (CMBitMap*) 0x000001f55ba8d970
 Prev Bits: [0x000001f573bd0000, 0x000001f574bd0000)
 Next Bits: [0x000001f572bd0000, 0x000001f573bd0000)

Polling page: 0x000001f559780000

Metaspace:

Usage:
  Non-class:     92.53 MB used.
      Class:     14.92 MB used.
       Both:    107.45 MB used.

Virtual space:
  Non-class space:      128.00 MB reserved,      93.12 MB ( 73%) committed,  2 nodes.
      Class space:      208.00 MB reserved,      15.44 MB (  7%) committed,  1 nodes.
             Both:      336.00 MB reserved,     108.56 MB ( 32%) committed. 

Chunk freelists:
   Non-Class:  2.67 MB
       Class:  464.00 KB
        Both:  3.12 MB

MaxMetaspaceSize: 256.00 MB
CompressedClassSpaceSize: 208.00 MB
Initial GC threshold: 21.00 MB
Current GC threshold: 164.06 MB
CDS: on
MetaspaceReclaimPolicy: balanced
 - commit_granule_bytes: 65536.
 - commit_granule_words: 8192.
 - virtual_space_node_default_size: 8388608.
 - enlarge_chunks_in_place: 1.
 - new_chunks_are_fully_committed: 0.
 - uncommit_free_chunks: 1.
 - use_allocation_guard: 0.
 - handle_deallocations: 1.


Internal statistics:

num_allocs_failed_limit: 6.
num_arena_births: 1428.
num_arena_deaths: 2.
num_vsnodes_births: 3.
num_vsnodes_deaths: 0.
num_space_committed: 1737.
num_space_uncommitted: 0.
num_chunks_returned_to_freelist: 9.
num_chunks_taken_from_freelist: 6304.
num_chunk_merges: 6.
num_chunk_splits: 4103.
num_chunks_enlarged: 2639.
num_inconsistent_stats: 0.

CodeHeap 'non-profiled nmethods': size=120000Kb used=6452Kb max_used=6452Kb free=113547Kb
 bounds [0x000001f56b0a0000, 0x000001f56b6f0000, 0x000001f5725d0000]
CodeHeap 'profiled nmethods': size=120000Kb used=25115Kb max_used=25115Kb free=94884Kb
 bounds [0x000001f5635d0000, 0x000001f564e60000, 0x000001f56ab00000]
CodeHeap 'non-nmethods': size=5760Kb used=2434Kb max_used=2489Kb free=3325Kb
 bounds [0x000001f56ab00000, 0x000001f56ad90000, 0x000001f56b0a0000]
 total_blobs=13942 nmethods=12970 adapters=883
 compilation: enabled
              stopped_count=0, restarted_count=0
 full_count=0

Compilation events (20 events):
Event: 46.075 Thread 0x000001f577074f80 14898   !   2       org.gradle.api.internal.provider.TransformBackedProvider::getProducer (49 bytes)
Event: 46.076 Thread 0x000001f577074f80 nmethod 14898 0x000001f564e4d090 code [0x000001f564e4d280, 0x000001f564e4d558]
Event: 46.076 Thread 0x000001f577074f80 14900       2       org.gradle.internal.reflect.annotations.impl.DefaultTypeAnnotationMetadataStore::extractPropertiesFrom (84 bytes)
Event: 46.077 Thread 0x000001f577074f80 nmethod 14900 0x000001f564e4d810 code [0x000001f564e4da20, 0x000001f564e4de68]
Event: 46.077 Thread 0x000001f577074f80 14901       2       java.util.TimSort::ensureCapacity (77 bytes)
Event: 46.078 Thread 0x000001f577074f80 nmethod 14901 0x000001f564e4e190 code [0x000001f564e4e360, 0x000001f564e4e628]
Event: 46.078 Thread 0x000001f577074f80 14902       2       org.gradle.model.internal.type.ParameterizedTypeWrapper::hashCode (63 bytes)
Event: 46.078 Thread 0x000001f577074f80 nmethod 14902 0x000001f564e4e790 code [0x000001f564e4e940, 0x000001f564e4eb58]
Event: 46.079 Thread 0x000001f577074f80 14903       3       org.gradle.internal.reflect.annotations.impl.DefaultTypeAnnotationMetadataStore::processMethodAnnotations (239 bytes)
Event: 46.084 Thread 0x000001f577074f80 nmethod 14903 0x000001f564e4ed10 code [0x000001f564e4f3a0, 0x000001f564e53288]
Event: 46.084 Thread 0x000001f577074f80 14906       2       org.gradle.internal.execution.model.annotations.AbstractInputFilePropertyAnnotationHandler::visitPropertyValue (63 bytes)
Event: 46.086 Thread 0x000001f577074f80 nmethod 14906 0x000001f564e54510 code [0x000001f564e54760, 0x000001f564e54ee8]
Event: 46.086 Thread 0x000001f577074f80 14907       2       org.gradle.internal.properties.annotations.DefaultTypeMetadataStore$DefaultPropertyMetadata::getAnnotationForCategory (20 bytes)
Event: 46.086 Thread 0x000001f577074f80 nmethod 14907 0x000001f564e55390 code [0x000001f564e55540, 0x000001f564e557c8]
Event: 46.086 Thread 0x000001f577074f80 14908       2       org.gradle.internal.execution.model.annotations.AbstractInputFilePropertyAnnotationHandler::determineBehavior (38 bytes)
Event: 46.087 Thread 0x000001f577074f80 nmethod 14908 0x000001f564e55910 code [0x000001f564e55ae0, 0x000001f564e55d98]
Event: 46.087 Thread 0x000001f577074f80 14904       1       org.gradle.internal.properties.annotations.DefaultTypeMetadataStore$DefaultTypeMetadata::getType (5 bytes)
Event: 46.087 Thread 0x000001f577074f80 nmethod 14904 0x000001f56b6ecd90 code [0x000001f56b6ecf20, 0x000001f56b6ecff8]
Event: 46.087 Thread 0x000001f577074f80 14905       1       org.gradle.internal.properties.bean.DefaultPropertyWalker::access$000 (5 bytes)
Event: 46.087 Thread 0x000001f577074f80 nmethod 14905 0x000001f56b6ed090 code [0x000001f56b6ed220, 0x000001f56b6ed2d8]

GC Heap History (20 events):
Event: 37.260 GC heap before
{Heap before GC invocations=50 (full 0):
 garbage-first heap   total 193536K, used 160995K [0x00000000c0000000, 0x0000000100000000)
  region size 1024K, 49 young (50176K), 6 survivors (6144K)
 Metaspace       used 93001K, committed 93952K, reserved 344064K
  class space    used 12824K, committed 13248K, reserved 212992K
}
Event: 37.270 GC heap after
{Heap after GC invocations=51 (full 0):
 garbage-first heap   total 193536K, used 117576K [0x00000000c0000000, 0x0000000100000000)
  region size 1024K, 6 young (6144K), 6 survivors (6144K)
 Metaspace       used 93001K, committed 93952K, reserved 344064K
  class space    used 12824K, committed 13248K, reserved 212992K
}
Event: 38.162 GC heap before
{Heap before GC invocations=51 (full 0):
 garbage-first heap   total 193536K, used 161608K [0x00000000c0000000, 0x0000000100000000)
  region size 1024K, 49 young (50176K), 6 survivors (6144K)
 Metaspace       used 96150K, committed 97152K, reserved 344064K
  class space    used 13442K, committed 13888K, reserved 212992K
}
Event: 38.171 GC heap after
{Heap after GC invocations=52 (full 0):
 garbage-first heap   total 193536K, used 119473K [0x00000000c0000000, 0x0000000100000000)
  region size 1024K, 4 young (4096K), 4 survivors (4096K)
 Metaspace       used 96150K, committed 97152K, reserved 344064K
  class space    used 13442K, committed 13888K, reserved 212992K
}
Event: 38.959 GC heap before
{Heap before GC invocations=52 (full 0):
 garbage-first heap   total 193536K, used 162481K [0x00000000c0000000, 0x0000000100000000)
  region size 1024K, 46 young (47104K), 4 survivors (4096K)
 Metaspace       used 98821K, committed 99840K, reserved 344064K
  class space    used 13815K, committed 14272K, reserved 212992K
}
Event: 38.969 GC heap after
{Heap after GC invocations=53 (full 0):
 garbage-first heap   total 193536K, used 121733K [0x00000000c0000000, 0x0000000100000000)
  region size 1024K, 4 young (4096K), 4 survivors (4096K)
 Metaspace       used 98821K, committed 99840K, reserved 344064K
  class space    used 13815K, committed 14272K, reserved 212992K
}
Event: 39.662 GC heap before
{Heap before GC invocations=53 (full 0):
 garbage-first heap   total 193536K, used 163717K [0x00000000c0000000, 0x0000000100000000)
  region size 1024K, 46 young (47104K), 4 survivors (4096K)
 Metaspace       used 99313K, committed 100352K, reserved 344064K
  class space    used 13843K, committed 14336K, reserved 212992K
}
Event: 39.676 GC heap after
{Heap after GC invocations=54 (full 0):
 garbage-first heap   total 193536K, used 124725K [0x00000000c0000000, 0x0000000100000000)
  region size 1024K, 6 young (6144K), 6 survivors (6144K)
 Metaspace       used 99313K, committed 100352K, reserved 344064K
  class space    used 13843K, committed 14336K, reserved 212992K
}
Event: 39.943 GC heap before
{Heap before GC invocations=54 (full 0):
 garbage-first heap   total 193536K, used 148277K [0x00000000c0000000, 0x0000000100000000)
  region size 1024K, 22 young (22528K), 6 survivors (6144K)
 Metaspace       used 99575K, committed 100608K, reserved 344064K
  class space    used 13871K, committed 14336K, reserved 212992K
}
Event: 39.954 GC heap after
{Heap after GC invocations=55 (full 0):
 garbage-first heap   total 193536K, used 139340K [0x00000000c0000000, 0x0000000100000000)
  region size 1024K, 6 young (6144K), 6 survivors (6144K)
 Metaspace       used 99575K, committed 100608K, reserved 344064K
  class space    used 13871K, committed 14336K, reserved 212992K
}
Event: 40.355 GC heap before
{Heap before GC invocations=55 (full 0):
 garbage-first heap   total 266240K, used 164940K [0x00000000c0000000, 0x0000000100000000)
  region size 1024K, 29 young (29696K), 6 survivors (6144K)
 Metaspace       used 100006K, committed 101056K, reserved 344064K
  class space    used 13956K, committed 14464K, reserved 212992K
}
Event: 40.365 GC heap after
{Heap after GC invocations=56 (full 0):
 garbage-first heap   total 266240K, used 146285K [0x00000000c0000000, 0x0000000100000000)
  region size 1024K, 4 young (4096K), 4 survivors (4096K)
 Metaspace       used 100006K, committed 101056K, reserved 344064K
  class space    used 13956K, committed 14464K, reserved 212992K
}
Event: 42.980 GC heap before
{Heap before GC invocations=57 (full 0):
 garbage-first heap   total 266240K, used 222061K [0x00000000c0000000, 0x0000000100000000)
  region size 1024K, 74 young (75776K), 4 survivors (4096K)
 Metaspace       used 101651K, committed 102784K, reserved 344064K
  class space    used 14202K, committed 14720K, reserved 212992K
}
Event: 43.002 GC heap after
{Heap after GC invocations=58 (full 0):
 garbage-first heap   total 266240K, used 160378K [0x00000000c0000000, 0x0000000100000000)
  region size 1024K, 10 young (10240K), 10 survivors (10240K)
 Metaspace       used 101651K, committed 102784K, reserved 344064K
  class space    used 14202K, committed 14720K, reserved 212992K
}
Event: 43.081 GC heap before
{Heap before GC invocations=58 (full 0):
 garbage-first heap   total 266240K, used 163450K [0x00000000c0000000, 0x0000000100000000)
  region size 1024K, 13 young (13312K), 10 survivors (10240K)
 Metaspace       used 101895K, committed 102976K, reserved 344064K
  class space    used 14232K, committed 14720K, reserved 212992K
}
Event: 43.097 GC heap after
{Heap after GC invocations=59 (full 0):
 garbage-first heap   total 266240K, used 161739K [0x00000000c0000000, 0x0000000100000000)
  region size 1024K, 2 young (2048K), 2 survivors (2048K)
 Metaspace       used 101895K, committed 102976K, reserved 344064K
  class space    used 14232K, committed 14720K, reserved 212992K
}
Event: 44.511 GC heap before
{Heap before GC invocations=59 (full 0):
 garbage-first heap   total 266240K, used 218059K [0x00000000c0000000, 0x0000000100000000)
  region size 1024K, 57 young (58368K), 2 survivors (2048K)
 Metaspace       used 104622K, committed 105728K, reserved 344064K
  class space    used 14579K, committed 15104K, reserved 212992K
}
Event: 44.522 GC heap after
{Heap after GC invocations=60 (full 0):
 garbage-first heap   total 266240K, used 164244K [0x00000000c0000000, 0x0000000100000000)
  region size 1024K, 4 young (4096K), 4 survivors (4096K)
 Metaspace       used 104622K, committed 105728K, reserved 344064K
  class space    used 14579K, committed 15104K, reserved 212992K
}
Event: 45.787 GC heap before
{Heap before GC invocations=60 (full 0):
 garbage-first heap   total 266240K, used 220564K [0x00000000c0000000, 0x0000000100000000)
  region size 1024K, 59 young (60416K), 4 survivors (4096K)
 Metaspace       used 109318K, committed 110464K, reserved 344064K
  class space    used 15188K, committed 15744K, reserved 212992K
}
Event: 45.800 GC heap after
{Heap after GC invocations=61 (full 0):
 garbage-first heap   total 266240K, used 166995K [0x00000000c0000000, 0x0000000100000000)
  region size 1024K, 7 young (7168K), 7 survivors (7168K)
 Metaspace       used 109318K, committed 110464K, reserved 344064K
  class space    used 15188K, committed 15744K, reserved 212992K
}

Dll operation events (15 events):
Event: 0.008 Loaded shared library C:\Program Files\Microsoft\jdk-17.0.18.8-hotspot\bin\java.dll
Event: 0.030 Loaded shared library C:\Program Files\Microsoft\jdk-17.0.18.8-hotspot\bin\jsvml.dll
Event: 0.127 Loaded shared library C:\Program Files\Microsoft\jdk-17.0.18.8-hotspot\bin\zip.dll
Event: 0.130 Loaded shared library C:\Program Files\Microsoft\jdk-17.0.18.8-hotspot\bin\instrument.dll
Event: 0.138 Loaded shared library C:\Program Files\Microsoft\jdk-17.0.18.8-hotspot\bin\net.dll
Event: 0.140 Loaded shared library C:\Program Files\Microsoft\jdk-17.0.18.8-hotspot\bin\nio.dll
Event: 0.144 Loaded shared library C:\Program Files\Microsoft\jdk-17.0.18.8-hotspot\bin\zip.dll
Event: 0.510 Loaded shared library C:\Program Files\Microsoft\jdk-17.0.18.8-hotspot\bin\jimage.dll
Event: 0.650 Loaded shared library C:\Program Files\Microsoft\jdk-17.0.18.8-hotspot\bin\verify.dll
Event: 0.961 Loaded shared library C:\Users\Administrator\.gradle\native\c067742578af261105cb4f569cf0c3c89f3d7b1fecec35dd04571415982c5e48\windows-amd64\native-platform.dll
Event: 0.993 Loaded shared library C:\Users\Administrator\.gradle\native\38dada09dfb8b06ba9b0570ebf7e218e3eb74d4ef43ca46872605cf95ebc2f47\windows-amd64\native-platform-file-events.dll
Event: 2.760 Loaded shared library C:\Program Files\Microsoft\jdk-17.0.18.8-hotspot\bin\management.dll
Event: 2.767 Loaded shared library C:\Program Files\Microsoft\jdk-17.0.18.8-hotspot\bin\management_ext.dll
Event: 3.156 Loaded shared library C:\Program Files\Microsoft\jdk-17.0.18.8-hotspot\bin\extnet.dll
Event: 3.797 Loaded shared library C:\Program Files\Microsoft\jdk-17.0.18.8-hotspot\bin\sunmscapi.dll

Deoptimization events (20 events):
Event: 45.636 Thread 0x000001f57d3f7b70 Uncommon trap: trap_request=0xffffffd6 fr.pc=0x000001f56b6e6664 relative=0x00000000000003a4
Event: 45.636 Thread 0x000001f57d3f7b70 Uncommon trap: reason=array_check action=maybe_recompile pc=0x000001f56b6e6664 method=java.util.AbstractCollection.toArray([Ljava/lang/Object;)[Ljava/lang/Object; @ 116 c2
Event: 45.636 Thread 0x000001f57d3f7b70 DEOPT PACKING pc=0x000001f56b6e6664 sp=0x00000043d28f71a0
Event: 45.636 Thread 0x000001f57d3f7b70 DEOPT UNPACKING pc=0x000001f56ab569a3 sp=0x00000043d28f7140 mode 2
Event: 45.636 Thread 0x000001f57d3f7b70 Uncommon trap: trap_request=0xffffffd6 fr.pc=0x000001f56b6e6664 relative=0x00000000000003a4
Event: 45.636 Thread 0x000001f57d3f7b70 Uncommon trap: reason=array_check action=maybe_recompile pc=0x000001f56b6e6664 method=java.util.AbstractCollection.toArray([Ljava/lang/Object;)[Ljava/lang/Object; @ 116 c2
Event: 45.636 Thread 0x000001f57d3f7b70 DEOPT PACKING pc=0x000001f56b6e6664 sp=0x00000043d28f71a0
Event: 45.636 Thread 0x000001f57d3f7b70 DEOPT UNPACKING pc=0x000001f56ab569a3 sp=0x00000043d28f7140 mode 2
Event: 45.660 Thread 0x000001f57d3f7b70 DEOPT PACKING pc=0x000001f564af4948 sp=0x00000043d28f70a0
Event: 45.660 Thread 0x000001f57d3f7b70 DEOPT UNPACKING pc=0x000001f56ab57143 sp=0x00000043d28f65b8 mode 0
Event: 45.744 Thread 0x000001f57d3f7b70 DEOPT PACKING pc=0x000001f564beee90 sp=0x00000043d28f7b70
Event: 45.744 Thread 0x000001f57d3f7b70 DEOPT UNPACKING pc=0x000001f56ab57143 sp=0x00000043d28f7078 mode 0
Event: 45.801 Thread 0x000001f577049ad0 Uncommon trap: trap_request=0xffffff45 fr.pc=0x000001f56b561ee8 relative=0x00000000000006a8
Event: 45.801 Thread 0x000001f577049ad0 Uncommon trap: reason=unstable_if action=reinterpret pc=0x000001f56b561ee8 method=java.lang.ThreadLocal.remove()V @ 9 c2
Event: 45.801 Thread 0x000001f577049ad0 DEOPT PACKING pc=0x000001f56b561ee8 sp=0x00000043d14ff4e0
Event: 45.801 Thread 0x000001f577049ad0 DEOPT UNPACKING pc=0x000001f56ab569a3 sp=0x00000043d14ff4a8 mode 2
Event: 45.917 Thread 0x000001f57d3f7b70 DEOPT PACKING pc=0x000001f564beee90 sp=0x00000043d28f6f30
Event: 45.917 Thread 0x000001f57d3f7b70 DEOPT UNPACKING pc=0x000001f56ab57143 sp=0x00000043d28f6438 mode 0
Event: 45.964 Thread 0x000001f57d3f7b70 DEOPT PACKING pc=0x000001f564beee90 sp=0x00000043d28f7ac0
Event: 45.964 Thread 0x000001f57d3f7b70 DEOPT UNPACKING pc=0x000001f56ab57143 sp=0x00000043d28f6fc8 mode 0

Classes loaded (20 events):
Event: 45.265 Loading class com/sun/org/apache/xerces/internal/impl/Constants$ArrayEnumeration
Event: 45.265 Loading class com/sun/org/apache/xerces/internal/impl/Constants$ArrayEnumeration done
Event: 45.267 Loading class org/xml/sax/helpers/AttributesImpl
Event: 45.267 Loading class org/xml/sax/helpers/AttributesImpl done
Event: 45.268 Loading class java/util/regex/Pattern$Behind
Event: 45.269 Loading class java/util/regex/Pattern$Behind done
Event: 45.269 Loading class java/util/regex/Pattern$Neg
Event: 45.269 Loading class java/util/regex/Pattern$Neg done
Event: 45.286 Loading class javax/xml/datatype/DatatypeConfigurationException
Event: 45.287 Loading class javax/xml/datatype/DatatypeConfigurationException done
Event: 45.288 Loading class jdk/internal/reflect/UnsafeBooleanFieldAccessorImpl
Event: 45.290 Loading class jdk/internal/reflect/UnsafeBooleanFieldAccessorImpl done
Event: 45.290 Loading class jdk/internal/reflect/UnsafeIntegerFieldAccessorImpl
Event: 45.291 Loading class jdk/internal/reflect/UnsafeIntegerFieldAccessorImpl done
Event: 45.293 Loading class com/sun/org/apache/xerces/internal/impl/io/MalformedByteSequenceException
Event: 45.293 Loading class java/io/CharConversionException
Event: 45.294 Loading class java/io/CharConversionException done
Event: 45.294 Loading class com/sun/org/apache/xerces/internal/impl/io/MalformedByteSequenceException done
Event: 45.843 Loading class java/io/NotSerializableException
Event: 45.843 Loading class java/io/NotSerializableException done

Classes unloaded (1 events):
Event: 30.650 Thread 0x000001f577043ec0 Unloading class 0x000001f50199c400 'java/lang/invoke/LambdaForm$DMH+0x000001f50199c400'

Classes redefined (0 events):
No events

Internal exceptions (20 events):
Event: 42.720 Thread 0x000001f57d3f7b70 Exception <a 'java/lang/ClassNotFoundException'{0x00000000cc329820}: build_69yr0abhcnw3aleak1gbsirm0$_run_closure2Customizer> (0x00000000cc329820) 
thrown [s\src\hotspot\share\classfile\systemDictionary.cpp, line 256]
Event: 42.744 Thread 0x000001f57d3f7b70 Exception <a 'java/lang/ClassNotFoundException'{0x00000000cc2399c8}: org/gradle/api/internal/artifacts/dsl/dependencies/DefaultDependencyConstraintHandler_DecoratedBeanInfo> (0x00000000cc2399c8) 
thrown [s\src\hotspot\share\classfile\systemDictionary.cpp, line 256]
Event: 42.746 Thread 0x000001f57d3f7b70 Exception <a 'java/lang/ClassNotFoundException'{0x00000000cc2582e8}: org/gradle/api/internal/artifacts/dsl/dependencies/DefaultDependencyConstraintHandlerBeanInfo> (0x00000000cc2582e8) 
thrown [s\src\hotspot\share\classfile\systemDictionary.cpp, line 256]
Event: 42.747 Thread 0x000001f57d3f7b70 Exception <a 'java/lang/ClassNotFoundException'{0x00000000cc276eb0}: org/gradle/api/internal/artifacts/dsl/dependencies/DefaultDependencyConstraintHandlerCustomizer> (0x00000000cc276eb0) 
thrown [s\src\hotspot\share\classfile\systemDictionary.cpp, line 256]
Event: 42.749 Thread 0x000001f57d3f7b70 Exception <a 'java/lang/ClassNotFoundException'{0x00000000cc29f518}: org/gradle/api/internal/artifacts/dsl/dependencies/DefaultDependencyConstraintHandler_DecoratedCustomizer> (0x00000000cc29f518) 
thrown [s\src\hotspot\share\classfile\systemDictionary.cpp, line 256]
Event: 42.755 Thread 0x000001f57d3f7b70 Exception <a 'java/lang/ClassNotFoundException'{0x00000000cc2fb988}: org/gradle/api/internal/artifacts/dependencies/DefaultDependencyConstraint_DecoratedBeanInfo> (0x00000000cc2fb988) 
thrown [s\src\hotspot\share\classfile\systemDictionary.cpp, line 256]
Event: 42.757 Thread 0x000001f57d3f7b70 Exception <a 'java/lang/ClassNotFoundException'{0x00000000cc11c6a8}: org/gradle/api/internal/artifacts/dependencies/DefaultDependencyConstraintBeanInfo> (0x00000000cc11c6a8) 
thrown [s\src\hotspot\share\classfile\systemDictionary.cpp, line 256]
Event: 42.760 Thread 0x000001f57d3f7b70 Exception <a 'java/lang/ClassNotFoundException'{0x00000000cc13d108}: org/gradle/api/internal/artifacts/dependencies/DefaultDependencyConstraintCustomizer> (0x00000000cc13d108) 
thrown [s\src\hotspot\share\classfile\systemDictionary.cpp, line 256]
Event: 42.763 Thread 0x000001f57d3f7b70 Exception <a 'java/lang/ClassNotFoundException'{0x00000000cc170638}: org/gradle/api/internal/artifacts/dependencies/DefaultDependencyConstraint_DecoratedCustomizer> (0x00000000cc170638) 
thrown [s\src\hotspot\share\classfile\systemDictionary.cpp, line 256]
Event: 42.954 Thread 0x000001f57d3f7b70 Implicit null exception at 0x000001f56b145ad3 to 0x000001f56b145d10
Event: 42.955 Thread 0x000001f57d3f7b70 Exception <a 'java/lang/NoSuchMethodError'{0x00000000cbbeed30}: 'int java.lang.invoke.DirectMethodHandle$Holder.invokeStatic(java.lang.Object, java.lang.Object, int)'> (0x00000000cbbeed30) 
thrown [s\src\hotspot\share\interpreter\linkResolver.cpp, line 759]
Event: 42.956 Thread 0x000001f57d3f7b70 Exception <a 'java/lang/NoSuchMethodError'{0x00000000cbbf3ae0}: 'int java.lang.invoke.DirectMethodHandle$Holder.invokeSpecial(java.lang.Object, java.lang.Object, java.lang.Object, int)'> (0x00000000cbbf3ae0) 
thrown [s\src\hotspot\share\interpreter\linkResolver.cpp, line 759]
Event: 44.097 Thread 0x000001f57d3f7b70 Implicit null exception at 0x000001f56b16db20 to 0x000001f56b16dc18
Event: 44.375 Thread 0x000001f57d3f7b70 Exception <a 'sun/nio/fs/WindowsException'{0x00000000cd0b21d0}> (0x00000000cd0b21d0) 
thrown [s\src\hotspot\share\prims\jni.cpp, line 516]
Event: 44.375 Thread 0x000001f57d3f7b70 Exception <a 'sun/nio/fs/WindowsException'{0x00000000cd0b3840}> (0x00000000cd0b3840) 
thrown [s\src\hotspot\share\prims\jni.cpp, line 516]
Event: 44.375 Thread 0x000001f57d3f7b70 Exception <a 'sun/nio/fs/WindowsException'{0x00000000cd0b4f00}> (0x00000000cd0b4f00) 
thrown [s\src\hotspot\share\prims\jni.cpp, line 516]
Event: 44.375 Thread 0x000001f57d3f7b70 Exception <a 'sun/nio/fs/WindowsException'{0x00000000cd0b65c0}> (0x00000000cd0b65c0) 
thrown [s\src\hotspot\share\prims\jni.cpp, line 516]
Event: 44.672 Thread 0x000001f57d3f7b70 Exception <a 'java/lang/NullPointerException'{0x00000000cfd99580}> (0x00000000cfd99580) 
thrown [s\src\hotspot\share\interpreter\linkResolver.cpp, line 1433]
Event: 44.910 Thread 0x000001f57d3f7b70 Implicit null exception at 0x000001f56b21924d to 0x000001f56b21a814
Event: 45.801 Thread 0x000001f577049ad0 Implicit null exception at 0x000001f56b561880 to 0x000001f56b561ed8

VM Operations (20 events):
Event: 43.716 Executing VM operation: ICBufferFull
Event: 43.716 Executing VM operation: ICBufferFull done
Event: 44.274 Executing VM operation: HandshakeAllThreads
Event: 44.274 Executing VM operation: HandshakeAllThreads done
Event: 44.289 Executing VM operation: ICBufferFull
Event: 44.289 Executing VM operation: ICBufferFull done
Event: 44.511 Executing VM operation: G1CollectForAllocation
Event: 44.522 Executing VM operation: G1CollectForAllocation done
Event: 44.575 Executing VM operation: HandshakeAllThreads
Event: 44.576 Executing VM operation: HandshakeAllThreads done
Event: 44.576 Executing VM operation: HandshakeAllThreads
Event: 44.576 Executing VM operation: HandshakeAllThreads done
Event: 44.980 Executing VM operation: ICBufferFull
Event: 44.980 Executing VM operation: ICBufferFull done
Event: 45.218 Executing VM operation: HandshakeAllThreads
Event: 45.219 Executing VM operation: HandshakeAllThreads done
Event: 45.787 Executing VM operation: G1CollectForAllocation
Event: 45.800 Executing VM operation: G1CollectForAllocation done
Event: 45.845 Executing VM operation: HandshakeAllThreads
Event: 45.845 Executing VM operation: HandshakeAllThreads done

Memory protections (0 events):
No events

Nmethod flushes (20 events):
Event: 44.587 Thread 0x000001f577078080 flushing  nmethod 0x000001f563cefa90
Event: 44.587 Thread 0x000001f577078080 flushing  nmethod 0x000001f563d47810
Event: 44.587 Thread 0x000001f577078080 flushing  nmethod 0x000001f563d6f710
Event: 44.587 Thread 0x000001f577078080 flushing  nmethod 0x000001f563d7cd90
Event: 44.587 Thread 0x000001f577078080 flushing  nmethod 0x000001f563d92090
Event: 44.587 Thread 0x000001f577078080 flushing  nmethod 0x000001f563da4610
Event: 44.587 Thread 0x000001f577078080 flushing  nmethod 0x000001f563da8210
Event: 44.587 Thread 0x000001f577078080 flushing  nmethod 0x000001f563da9810
Event: 44.591 Thread 0x000001f577078080 flushing  nmethod 0x000001f56415b910
Event: 44.592 Thread 0x000001f577078080 flushing  nmethod 0x000001f5641d5710
Event: 44.592 Thread 0x000001f577078080 flushing  nmethod 0x000001f5641dd390
Event: 44.592 Thread 0x000001f577078080 flushing  nmethod 0x000001f56425b590
Event: 44.592 Thread 0x000001f577078080 flushing  nmethod 0x000001f56425bd90
Event: 44.594 Thread 0x000001f577078080 flushing  nmethod 0x000001f5643bd210
Event: 44.594 Thread 0x000001f577078080 flushing  nmethod 0x000001f564424690
Event: 44.595 Thread 0x000001f577078080 flushing  nmethod 0x000001f564468810
Event: 44.595 Thread 0x000001f577078080 flushing osr nmethod 0x000001f564504a10
Event: 44.597 Thread 0x000001f577078080 flushing  nmethod 0x000001f564778a90
Event: 44.598 Thread 0x000001f577078080 flushing  nmethod 0x000001f564836390
Event: 44.599 Thread 0x000001f577078080 flushing  nmethod 0x000001f564904710

Events (20 events):
Event: 27.941 Thread 0x000001f57d3f7b70 Thread added: 0x000001f50e2ee850
Event: 28.245 Thread 0x000001f57d3f7b70 Thread added: 0x000001f50e2ed920
Event: 28.257 Thread 0x000001f57d3f7b70 Thread added: 0x000001f50e2ebfd0
Event: 28.598 Thread 0x000001f50e817310 Thread added: 0x000001f50e2f15e0
Event: 28.598 Thread 0x000001f50e817310 Thread added: 0x000001f50e2ec9f0
Event: 28.598 Thread 0x000001f50e817310 Thread added: 0x000001f50e2ef780
Event: 28.618 Thread 0x000001f50e817310 Thread added: 0x000001f50e2ee340
Event: 28.618 Thread 0x000001f50e817310 Thread added: 0x000001f50e2ec4e0
Event: 28.619 Thread 0x000001f50e817310 Thread added: 0x000001f50e2f06b0
Event: 29.785 Thread 0x000001f57d3f7b70 Thread added: 0x000001f50e2ede30
Event: 29.785 Thread 0x000001f57d3f7b70 Thread added: 0x000001f50e2ea170
Event: 29.785 Thread 0x000001f57d3f7b70 Thread added: 0x000001f50e2f10d0
Event: 29.841 Thread 0x000001f57d3f7b70 Thread added: 0x000001f50e2f1af0
Event: 29.843 Thread 0x000001f57d3f7b70 Thread added: 0x000001f57ecf2f70
Event: 29.844 Thread 0x000001f57d3f7b70 Thread added: 0x000001f57ecf2040
Event: 30.407 Thread 0x000001f57d3f7b70 Thread added: 0x000001f57ecf48c0
Event: 34.593 Thread 0x000001f57d3f7b70 Thread added: 0x000001f57ecf2550
Event: 39.254 Thread 0x000001f57d3f7b70 Thread added: 0x000001f57ecee890
Event: 39.254 Thread 0x000001f57d3f7b70 Thread added: 0x000001f57ecf1b30
Event: 39.255 Thread 0x000001f57d3f7b70 Thread added: 0x000001f57ecf1110


Dynamic libraries:
0x00007ff7fd240000 - 0x00007ff7fd24e000 	C:\Program Files\Microsoft\jdk-17.0.18.8-hotspot\bin\java.exe
0x00007ffcedbf0000 - 0x00007ffcedde8000 	C:\Windows\SYSTEM32\ntdll.dll
0x00007ffceda00000 - 0x00007ffcedac2000 	C:\Windows\System32\KERNEL32.DLL
0x00007ffceb880000 - 0x00007ffcebb76000 	C:\Windows\System32\KERNELBASE.dll
0x00007ffceb400000 - 0x00007ffceb500000 	C:\Windows\System32\ucrtbase.dll
0x00007ffcd5d40000 - 0x00007ffcd5d5e000 	C:\Program Files\Microsoft\jdk-17.0.18.8-hotspot\bin\VCRUNTIME140.dll
0x00007ffce1e50000 - 0x00007ffce1e68000 	C:\Program Files\Microsoft\jdk-17.0.18.8-hotspot\bin\jli.dll
0x00007ffcecb70000 - 0x00007ffcecd11000 	C:\Windows\System32\USER32.dll
0x00007ffceb3d0000 - 0x00007ffceb3f2000 	C:\Windows\System32\win32u.dll
0x00007ffced940000 - 0x00007ffced96b000 	C:\Windows\System32\GDI32.dll
0x00007ffceb2b0000 - 0x00007ffceb3c9000 	C:\Windows\System32\gdi32full.dll
0x00007ffcd5770000 - 0x00007ffcd5a0b000 	C:\Windows\WinSxS\amd64_microsoft.windows.common-controls_6595b64144ccf1df_6.0.19041.6456_none_60b8a6cb71f64256\COMCTL32.dll
0x00007ffced8a0000 - 0x00007ffced93e000 	C:\Windows\System32\msvcrt.dll
0x00007ffceb680000 - 0x00007ffceb71d000 	C:\Windows\System32\msvcp_win.dll
0x00007ffcecd20000 - 0x00007ffcecd4f000 	C:\Windows\System32\IMM32.DLL
0x00007ffce3630000 - 0x00007ffce363c000 	C:\Program Files\Microsoft\jdk-17.0.18.8-hotspot\bin\vcruntime140_1.dll
0x00007ffcc3f30000 - 0x00007ffcc3fb9000 	C:\Program Files\Microsoft\jdk-17.0.18.8-hotspot\bin\msvcp140.dll
0x00007ffc8ca70000 - 0x00007ffc8d6ea000 	C:\Program Files\Microsoft\jdk-17.0.18.8-hotspot\bin\server\jvm.dll
0x00007ffcec280000 - 0x00007ffcec331000 	C:\Windows\System32\ADVAPI32.dll
0x00007ffcecab0000 - 0x00007ffcecb4f000 	C:\Windows\System32\sechost.dll
0x00007ffced5d0000 - 0x00007ffced6f0000 	C:\Windows\System32\RPCRT4.dll
0x00007ffceb280000 - 0x00007ffceb2a7000 	C:\Windows\System32\bcrypt.dll
0x00007ffcecd50000 - 0x00007ffcecdbb000 	C:\Windows\System32\WS2_32.dll
0x00007ffceb0e0000 - 0x00007ffceb12b000 	C:\Windows\SYSTEM32\POWRPROF.dll
0x00007ffcd1870000 - 0x00007ffcd1897000 	C:\Windows\SYSTEM32\WINMM.dll
0x00007ffcd5fe0000 - 0x00007ffcd5fea000 	C:\Windows\SYSTEM32\VERSION.dll
0x00007ffceb0c0000 - 0x00007ffceb0d2000 	C:\Windows\SYSTEM32\UMPDC.dll
0x00007ffce9ae0000 - 0x00007ffce9af2000 	C:\Windows\SYSTEM32\kernel.appcore.dll
0x00007ffce1e00000 - 0x00007ffce1e0a000 	C:\Program Files\Microsoft\jdk-17.0.18.8-hotspot\bin\jimage.dll
0x00007ffce4fa0000 - 0x00007ffce51a1000 	C:\Windows\SYSTEM32\DBGHELP.DLL
0x00007ffcd0a90000 - 0x00007ffcd0ac4000 	C:\Windows\SYSTEM32\dbgcore.DLL
0x00007ffcebb80000 - 0x00007ffcebc02000 	C:\Windows\System32\bcryptPrimitives.dll
0x00007ffce35e0000 - 0x00007ffce35ef000 	C:\Program Files\Microsoft\jdk-17.0.18.8-hotspot\bin\instrument.dll
0x00007ffcc6300000 - 0x00007ffcc6326000 	C:\Program Files\Microsoft\jdk-17.0.18.8-hotspot\bin\java.dll
0x00007ffc9d6b0000 - 0x00007ffc9d786000 	C:\Program Files\Microsoft\jdk-17.0.18.8-hotspot\bin\jsvml.dll
0x00007ffcec340000 - 0x00007ffcecab0000 	C:\Windows\System32\SHELL32.dll
0x00007ffce8ca0000 - 0x00007ffce9445000 	C:\Windows\SYSTEM32\windows.storage.dll
0x00007ffced270000 - 0x00007ffced5c4000 	C:\Windows\System32\combase.dll
0x00007ffceac40000 - 0x00007ffceac6b000 	C:\Windows\SYSTEM32\Wldp.dll
0x00007ffcebc10000 - 0x00007ffcebcdd000 	C:\Windows\System32\OLEAUT32.dll
0x00007ffcecec0000 - 0x00007ffcecf6d000 	C:\Windows\System32\SHCORE.dll
0x00007ffcedad0000 - 0x00007ffcedb2b000 	C:\Windows\System32\shlwapi.dll
0x00007ffceb1b0000 - 0x00007ffceb1d4000 	C:\Windows\SYSTEM32\profapi.dll
0x00007ffcc4730000 - 0x00007ffcc4748000 	C:\Program Files\Microsoft\jdk-17.0.18.8-hotspot\bin\zip.dll
0x00007ffcc4770000 - 0x00007ffcc478b000 	C:\Program Files\Microsoft\jdk-17.0.18.8-hotspot\bin\net.dll
0x00007ffcd8a30000 - 0x00007ffcd8b3a000 	C:\Windows\SYSTEM32\WINHTTP.dll
0x00007ffcea9a0000 - 0x00007ffceaa0a000 	C:\Windows\system32\mswsock.dll
0x00007ffcc4750000 - 0x00007ffcc4766000 	C:\Program Files\Microsoft\jdk-17.0.18.8-hotspot\bin\nio.dll
0x00007ffce1db0000 - 0x00007ffce1dc0000 	C:\Program Files\Microsoft\jdk-17.0.18.8-hotspot\bin\verify.dll
0x00007ffcbb350000 - 0x00007ffcbb377000 	C:\Users\Administrator\.gradle\native\c067742578af261105cb4f569cf0c3c89f3d7b1fecec35dd04571415982c5e48\windows-amd64\native-platform.dll
0x00007ffcb89b0000 - 0x00007ffcb8af4000 	C:\Users\Administrator\.gradle\native\38dada09dfb8b06ba9b0570ebf7e218e3eb74d4ef43ca46872605cf95ebc2f47\windows-amd64\native-platform-file-events.dll
0x00007ffce0080000 - 0x00007ffce008a000 	C:\Program Files\Microsoft\jdk-17.0.18.8-hotspot\bin\management.dll
0x00007ffcd5d10000 - 0x00007ffcd5d1c000 	C:\Program Files\Microsoft\jdk-17.0.18.8-hotspot\bin\management_ext.dll
0x00007ffcec150000 - 0x00007ffcec158000 	C:\Windows\System32\PSAPI.DLL
0x00007ffceab90000 - 0x00007ffceaba8000 	C:\Windows\SYSTEM32\CRYPTSP.dll
0x00007ffcea2c0000 - 0x00007ffcea2f8000 	C:\Windows\system32\rsaenh.dll
0x00007ffceb170000 - 0x00007ffceb19e000 	C:\Windows\SYSTEM32\USERENV.dll
0x00007ffceabb0000 - 0x00007ffceabbc000 	C:\Windows\SYSTEM32\CRYPTBASE.dll
0x00007ffcea680000 - 0x00007ffcea6bb000 	C:\Windows\SYSTEM32\IPHLPAPI.DLL
0x00007ffcecea0000 - 0x00007ffcecea8000 	C:\Windows\System32\NSI.dll
0x00007ffcdcdd0000 - 0x00007ffcdcde7000 	C:\Windows\SYSTEM32\dhcpcsvc6.DLL
0x00007ffcdefa0000 - 0x00007ffcdefbd000 	C:\Windows\SYSTEM32\dhcpcsvc.DLL
0x00007ffcea6c0000 - 0x00007ffcea78a000 	C:\Windows\SYSTEM32\DNSAPI.dll
0x00007ffcd4460000 - 0x00007ffcd4469000 	C:\Program Files\Microsoft\jdk-17.0.18.8-hotspot\bin\extnet.dll
0x00007ffce35d0000 - 0x00007ffce35de000 	C:\Program Files\Microsoft\jdk-17.0.18.8-hotspot\bin\sunmscapi.dll
0x00007ffceb720000 - 0x00007ffceb87d000 	C:\Windows\System32\CRYPT32.dll
0x00007ffceacb0000 - 0x00007ffceacd7000 	C:\Windows\SYSTEM32\ncrypt.dll
0x00007ffceac70000 - 0x00007ffceacab000 	C:\Windows\SYSTEM32\NTASN1.dll
0x00007ffcbb3a0000 - 0x00007ffcbb3a7000 	C:\Windows\system32\wshunix.dll
0x00007ffccc7a0000 - 0x00007ffccc7b7000 	C:\Windows\system32\napinsp.dll
0x00007ffcc90f0000 - 0x00007ffcc910b000 	C:\Windows\system32\pnrpnsp.dll
0x00007ffce4370000 - 0x00007ffce438d000 	C:\Windows\system32\wshbth.dll
0x00007ffce34e0000 - 0x00007ffce34fd000 	C:\Windows\system32\NLAapi.dll
0x00007ffcc94d0000 - 0x00007ffcc94e2000 	C:\Windows\System32\winrnr.dll
0x00007ffcd38d0000 - 0x00007ffcd38da000 	C:\Windows\System32\rasadhlp.dll
0x00007ffcd4ec0000 - 0x00007ffcd4f40000 	C:\Windows\System32\fwpuclnt.dll

dbghelp: loaded successfully - version: 4.0.5 - missing functions: none
symbol engine: initialized successfully - sym options: 0x614 - pdb path: .;C:\Program Files\Microsoft\jdk-17.0.18.8-hotspot\bin;C:\Windows\SYSTEM32;C:\Windows\WinSxS\amd64_microsoft.windows.common-controls_6595b64144ccf1df_6.0.19041.6456_none_60b8a6cb71f64256;C:\Program Files\Microsoft\jdk-17.0.18.8-hotspot\bin\server;C:\Users\Administrator\.gradle\native\c067742578af261105cb4f569cf0c3c89f3d7b1fecec35dd04571415982c5e48\windows-amd64;C:\Users\Administrator\.gradle\native\38dada09dfb8b06ba9b0570ebf7e218e3eb74d4ef43ca46872605cf95ebc2f47\windows-amd64

VM Arguments:
jvm_args: -XX:MaxMetaspaceSize=256m --add-opens=java.base/java.util=ALL-UNNAMED --add-opens=java.base/java.lang=ALL-UNNAMED --add-opens=java.base/java.lang.invoke=ALL-UNNAMED --add-opens=java.prefs/java.util.prefs=ALL-UNNAMED --add-opens=java.base/java.nio.charset=ALL-UNNAMED --add-opens=java.base/java.net=ALL-UNNAMED --add-opens=java.base/java.util.concurrent.atomic=ALL-UNNAMED -Xmx1024m -Dfile.encoding=windows-1252 -Duser.country=US -Duser.language=en -Duser.variant -javaagent:C:\Users\Administrator\.gradle\wrapper\dists\gradle-8.7-all\aan3ydargesu18aqyqjwhr3pc\gradle-8.7\lib\agents\gradle-instrumentation-agent-8.7.jar 
java_command: org.gradle.launcher.daemon.bootstrap.GradleDaemon 8.7
java_class_path (initial): C:\Users\Administrator\.gradle\wrapper\dists\gradle-8.7-all\aan3ydargesu18aqyqjwhr3pc\gradle-8.7\lib\gradle-launcher-8.7.jar
Launcher Type: SUN_STANDARD

[Global flags]
     intx CICompilerCount                          = 3                                         {product} {ergonomic}
   size_t CompressedClassSpaceSize                 = 218103808                                 {product} {ergonomic}
     uint ConcGCThreads                            = 1                                         {product} {ergonomic}
     uint G1ConcRefinementThreads                  = 4                                         {product} {ergonomic}
   size_t G1HeapRegionSize                         = 1048576                                   {product} {ergonomic}
    uintx GCDrainStackTargetSize                   = 64                                        {product} {ergonomic}
   size_t InitialHeapSize                          = 130023424                                 {product} {ergonomic}
   size_t MarkStackSize                            = 4194304                                   {product} {ergonomic}
   size_t MaxHeapSize                              = 1073741824                                {product} {command line}
   size_t MaxMetaspaceSize                         = 268435456                                 {product} {command line}
   size_t MaxNewSize                               = 643825664                                 {product} {ergonomic}
   size_t MinHeapDeltaBytes                        = 1048576                                   {product} {ergonomic}
   size_t MinHeapSize                              = 8388608                                   {product} {ergonomic}
    uintx NonNMethodCodeHeapSize                   = 5832780                                {pd product} {ergonomic}
    uintx NonProfiledCodeHeapSize                  = 122912730                              {pd product} {ergonomic}
    uintx ProfiledCodeHeapSize                     = 122912730                              {pd product} {ergonomic}
    uintx ReservedCodeCacheSize                    = 251658240                              {pd product} {ergonomic}
     bool SegmentedCodeCache                       = true                                      {product} {ergonomic}
   size_t SoftMaxHeapSize                          = 1073741824                             {manageable} {ergonomic}
     bool UseCompressedClassPointers               = true                           {product lp64_product} {ergonomic}
     bool UseCompressedOops                        = true                           {product lp64_product} {ergonomic}
     bool UseG1GC                                  = true                                      {product} {ergonomic}
     bool UseLargePagesIndividualAllocation        = false                                  {pd product} {ergonomic}

Logging:
Log output configuration:
 #0: stdout all=warning uptime,level,tags
 #1: stderr all=off uptime,level,tags

Environment Variables:
JAVA_HOME=C:\Program Files\Microsoft\jdk-17.0.18.8-hotspot
PATH=C:\Program Files\Eclipse Adoptium\jdk-17.0.18.8-hotspot\bin;C:\Program Files\Eclipse Adoptium\jdk-25.0.2.10-hotspot\bin;C:\Program Files\Eclipse Adoptium\jdk-11.0.19.7-hotspot\bin;C:\Windows\system32;C:\Windows;C:\Windows\System32\Wbem;C:\Windows\System32\WindowsPowerShell\v1.0\;C:\Windows\System32\OpenSSH\;C:\Program Files\Git\cmd;E:\;C:\Users\Administrator\Downloads\platform-tools;C:\Users\Administrator\AppData\Local\Android\Sdk\tools;C:\Users\Administrator\AppData\Local\Programs\Python\Python314\Scripts\;C:\Users\Administrator\AppData\Local\Programs\Python\Python314\;C:\Users\Administrator\AppData\Local\Microsoft\WindowsApps;E:\Antigravity\bin;E:\Microsoft VS Code\bin;C:\Users\Administrator\AppData\Roaming\npm;C:\Users\Administrator\AppData\Local\Android\Sdk\platform-tools;C:\Users\Administrator\AppData\Local\Android\Sdk\emulator;c:\Users\Administrator\.antigravity\extensions\vscjava.vscode-java-debug-0.58.5-universal\bundled\scripts\noConfigScripts;c:\Users\Administrator\.antigravity\extensions\d-biehl.robotcode-2.2.0-universal\bundled\scripts
USERNAME=Administrator
LANG=en_US.UTF-8
OS=Windows_NT
PROCESSOR_IDENTIFIER=Intel64 Family 6 Model 142 Stepping 9, GenuineIntel
TMP=C:\Users\ADMINI~1\AppData\Local\Temp
TEMP=C:\Users\ADMINI~1\AppData\Local\Temp



Periodic native trim disabled


---------------  S Y S T E M  ---------------

OS:
 Windows 10 , 64 bit Build 19041 (10.0.19041.5915)
OS uptime: 0 days 20:26 hours

CPU: total 4 (initial active 4) (2 cores per cpu, 2 threads per core) family 6 model 142 stepping 9 microcode 0xd6, cx8, cmov, fxsr, ht, mmx, 3dnowpref, sse, sse2, sse3, ssse3, sse4.1, sse4.2, popcnt, lzcnt, tsc, tscinvbit, avx, avx2, aes, erms, clmul, bmi1, bmi2, adx, fma, vzeroupper, clflush, clflushopt
Processor Information for processor 0
  Max Mhz: 2712, Current Mhz: 2511, Mhz Limit: 2495
Processor Information for processor 1
  Max Mhz: 2712, Current Mhz: 2511, Mhz Limit: 2495
Processor Information for processor 2
  Max Mhz: 2712, Current Mhz: 2511, Mhz Limit: 2495
Processor Information for processor 3
  Max Mhz: 2712, Current Mhz: 1406, Mhz Limit: 2495

Memory: 4k page, system-wide physical 7843M (271M free)
TotalPageFile size 17730M (AvailPageFile size 6M)
current process WorkingSet (physical memory assigned to process): 522M, peak: 522M
current process commit charge ("private bytes"): 583M, peak: 585M

vm_info: OpenJDK 64-Bit Server VM (17.0.18+8-LTS) for windows-amd64 JRE (17.0.18+8-LTS), built on Jan 15 2026 18:50:45 by "MicrosoftCorporation" with MS VC++ 17.14 (VS2022)

END.
