#
# There is insufficient memory for the Java Runtime Environment to continue.
# Native memory allocation (malloc) failed to allocate 1114976 bytes. Error detail: Chunk::new
# Possible reasons:
#   The system is out of physical RAM or swap space
#   This process is running with CompressedOops enabled, and the Java Heap may be blocking the growth of the native heap
# Possible solutions:
#   Reduce memory load on the system
#   Increase physical memory or swap space
#   Check if swap backing store is full
#   Decrease Java heap size (-Xmx/-Xms)
#   Decrease number of Java threads
#   Decrease Java thread stack sizes (-Xss)
#   Set larger code cache with -XX:ReservedCodeCacheSize=
#   JVM is running with Unscaled Compressed Oops mode in which the Java heap is
#     placed in the first 4GB address space. The Java Heap base address is the
#     maximum limit for the native heap growth. Please use -XX:HeapBaseMinAddress
#     to set the Java Heap base and to place the Java Heap above 4GB virtual address.
# This output file may be truncated or incomplete.
#
#  Out of Memory Error (arena.cpp:191), pid=5124, tid=13864
#
# JRE version: OpenJDK Runtime Environment Microsoft-13106358 (17.0.18+8) (build 17.0.18+8-LTS)
# Java VM: OpenJDK 64-Bit Server VM Microsoft-13106358 (17.0.18+8-LTS, mixed mode, sharing, tiered, compressed oops, compressed class ptrs, g1 gc, windows-amd64)
# No core dump will be written. Minidumps are not enabled by default on client versions of Windows
#

---------------  S U M M A R Y ------------

Command Line: -XX:MaxMetaspaceSize=256m --add-opens=java.base/java.util=ALL-UNNAMED --add-opens=java.base/java.lang=ALL-UNNAMED --add-opens=java.base/java.lang.invoke=ALL-UNNAMED --add-opens=java.prefs/java.util.prefs=ALL-UNNAMED --add-opens=java.base/java.nio.charset=ALL-UNNAMED --add-opens=java.base/java.net=ALL-UNNAMED --add-opens=java.base/java.util.concurrent.atomic=ALL-UNNAMED -Xmx1024m -Dfile.encoding=windows-1252 -Duser.country=US -Duser.language=en -Duser.variant -javaagent:C:\Users\Administrator\.gradle\wrapper\dists\gradle-8.7-all\aan3ydargesu18aqyqjwhr3pc\gradle-8.7\lib\agents\gradle-instrumentation-agent-8.7.jar org.gradle.launcher.daemon.bootstrap.GradleDaemon 8.7

Host: Intel(R) Core(TM) i5-7200U CPU @ 2.50GHz, 4 cores, 7G,  Windows 10 , 64 bit Build 19041 (10.0.19041.5915)
Time: Sat Mar 14 18:11:11 2026 Egypt Standard Time elapsed time: 30.321675 seconds (0d 0h 0m 30s)

---------------  T H R E A D  ---------------

Current thread (0x000001975c940aa0):  JavaThread "C2 CompilerThread0" daemon [_thread_in_native, id=13864, stack(0x0000007cd3000000,0x0000007cd3100000)]


Current CompileTask:
C2:30321 10733 % !   4       java.util.jar.Attributes::read @ 214 (494 bytes)

Stack: [0x0000007cd3000000,0x0000007cd3100000]
Native frames: (J=compiled Java code, j=interpreted, Vv=VM code, C=native code)
V  [jvm.dll+0x68c879]  (no source info available)
V  [jvm.dll+0x845979]  (no source info available)
V  [jvm.dll+0x8476e8]  (no source info available)
V  [jvm.dll+0x847d73]  (no source info available)
V  [jvm.dll+0x24cf6f]  (no source info available)
V  [jvm.dll+0xaecb6]  (no source info available)
V  [jvm.dll+0xaf35c]  (no source info available)
V  [jvm.dll+0x37174e]  (no source info available)
V  [jvm.dll+0x33b985]  (no source info available)
V  [jvm.dll+0x33adea]  (no source info available)
V  [jvm.dll+0x21df29]  (no source info available)
V  [jvm.dll+0x21d36d]  (no source info available)
V  [jvm.dll+0x1a8ce6]  (no source info available)
V  [jvm.dll+0x22db1b]  (no source info available)
V  [jvm.dll+0x22bca6]  (no source info available)
V  [jvm.dll+0x7fbabb]  (no source info available)
V  [jvm.dll+0x7f5ebc]  (no source info available)
V  [jvm.dll+0x68de17]  (no source info available)
C  [ucrtbase.dll+0x21bb2]  (no source info available)
C  [KERNEL32.DLL+0x17374]  (no source info available)
C  [ntdll.dll+0x4cc91]  (no source info available)


---------------  P R O C E S S  ---------------

Threads class SMR info:
_java_thread_list=0x0000019773beedd0, length=88, elements={
0x0000019741324060, 0x000001975c91e450, 0x000001975c91f1e0, 0x000001975c9358f0,
0x000001975c9382d0, 0x000001975c938ba0, 0x000001975c93d510, 0x000001975c940aa0,
0x000001975c949470, 0x000001975c96e590, 0x000001975ca642e0, 0x000001975cb5d270,
0x000001977109aba0, 0x0000019770989820, 0x00000197704ebd60, 0x00000197704f8e90,
0x0000019770985c10, 0x000001975cbbdb00, 0x000001975cbc0890, 0x000001975cbbef40,
0x000001975cbbf450, 0x000001975cbbd0e0, 0x000001975cbbd5f0, 0x000001975cbbfe70,
0x000001975cbbe010, 0x0000019770fd4490, 0x0000019770fd9590, 0x0000019770fd8150,
0x0000019770fd8660, 0x0000019770fd7730, 0x0000019770fd9fb0, 0x0000019770fd9aa0,
0x0000019770fd8b70, 0x0000019770fd5de0, 0x0000019770fd62f0, 0x0000019770fd3f80,
0x0000019770fd6800, 0x0000019770fdb900, 0x000001975cbbea30, 0x000001977216d3d0,
0x000001977216d8e0, 0x0000019772167dc0, 0x00000197721682d0, 0x000001977216b570,
0x000001977216e300, 0x0000019772169200, 0x000001977216cec0, 0x000001977216e810,
0x00000197721673a0, 0x000001977216a640, 0x0000019772168cf0, 0x000001977216ed20,
0x00000197721687e0, 0x0000019772169c20, 0x000001977216ab50, 0x0000019772169710,
0x000001977216a130, 0x000001977216ba80, 0x000001976f1d8640, 0x000001976f1d9060,
0x000001976f1d9570, 0x000001976f1d9f90, 0x000001976f1d9a80, 0x000001976f1d4e90,
0x000001976f1d6cf0, 0x000001976f1d2b20, 0x000001976f1d53a0, 0x000001976f1d4470,
0x000001976f1d3f60, 0x000001976f1d58b0, 0x000001976f1d67e0, 0x000001976f1d5dc0,
0x000001976f1d8130, 0x000001976f1da4a0, 0x000001976f1d4980, 0x000001976f1d3030,
0x000001976f1d7c20, 0x000001976f1d3540, 0x000001976f1d3a50, 0x000001976f1d8b50,
0x0000019771cb7010, 0x0000019771cb7520, 0x0000019771cb7a30, 0x0000019771cba2b0,
0x0000019771cb9380, 0x0000019771cb8e70, 0x0000019771cb8450, 0x0000019771cb9890
}

Java Threads: ( => current thread )
  0x0000019741324060 JavaThread "main" [_thread_blocked, id=9592, stack(0x0000007cd2300000,0x0000007cd2400000)]
  0x000001975c91e450 JavaThread "Reference Handler" daemon [_thread_blocked, id=5140, stack(0x0000007cd2a00000,0x0000007cd2b00000)]
  0x000001975c91f1e0 JavaThread "Finalizer" daemon [_thread_blocked, id=5476, stack(0x0000007cd2b00000,0x0000007cd2c00000)]
  0x000001975c9358f0 JavaThread "Signal Dispatcher" daemon [_thread_blocked, id=15672, stack(0x0000007cd2c00000,0x0000007cd2d00000)]
  0x000001975c9382d0 JavaThread "Attach Listener" daemon [_thread_blocked, id=5940, stack(0x0000007cd2d00000,0x0000007cd2e00000)]
  0x000001975c938ba0 JavaThread "Service Thread" daemon [_thread_blocked, id=1468, stack(0x0000007cd2e00000,0x0000007cd2f00000)]
  0x000001975c93d510 JavaThread "Monitor Deflation Thread" daemon [_thread_blocked, id=16364, stack(0x0000007cd2f00000,0x0000007cd3000000)]
=>0x000001975c940aa0 JavaThread "C2 CompilerThread0" daemon [_thread_in_native, id=13864, stack(0x0000007cd3000000,0x0000007cd3100000)]
  0x000001975c949470 JavaThread "C1 CompilerThread0" daemon [_thread_blocked, id=6400, stack(0x0000007cd3100000,0x0000007cd3200000)]
  0x000001975c96e590 JavaThread "Sweeper thread" daemon [_thread_blocked, id=10992, stack(0x0000007cd3200000,0x0000007cd3300000)]
  0x000001975ca642e0 JavaThread "Common-Cleaner" daemon [_thread_blocked, id=3356, stack(0x0000007cd3300000,0x0000007cd3400000)]
  0x000001975cb5d270 JavaThread "Notification Thread" daemon [_thread_blocked, id=2120, stack(0x0000007cd3400000,0x0000007cd3500000)]
  0x000001977109aba0 JavaThread "Daemon health stats" [_thread_blocked, id=16284, stack(0x0000007cd3a00000,0x0000007cd3b00000)]
  0x0000019770989820 JavaThread "Incoming local TCP Connector on port 62805" [_thread_in_native, id=11244, stack(0x0000007cd3600000,0x0000007cd3700000)]
  0x00000197704ebd60 JavaThread "Daemon periodic checks" [_thread_blocked, id=3316, stack(0x0000007cd3b00000,0x0000007cd3c00000)]
  0x00000197704f8e90 JavaThread "Daemon" [_thread_blocked, id=16052, stack(0x0000007cd3c00000,0x0000007cd3d00000)]
  0x0000019770985c10 JavaThread "Handler for socket connection from /127.0.0.1:62805 to /127.0.0.1:62806" [_thread_in_native, id=2076, stack(0x0000007cd3d00000,0x0000007cd3e00000)]
  0x000001975cbbdb00 JavaThread "Cancel handler" [_thread_blocked, id=13452, stack(0x0000007cd3e00000,0x0000007cd3f00000)]
  0x000001975cbc0890 JavaThread "Daemon worker" [_thread_in_vm, id=14620, stack(0x0000007cd3f00000,0x0000007cd4000000)]
  0x000001975cbbef40 JavaThread "Asynchronous log dispatcher for DefaultDaemonConnection: socket connection from /127.0.0.1:62805 to /127.0.0.1:62806" [_thread_blocked, id=6276, stack(0x0000007cd4000000,0x0000007cd4100000)]
  0x000001975cbbf450 JavaThread "Stdin handler" [_thread_blocked, id=2320, stack(0x0000007cd4100000,0x0000007cd4200000)]
  0x000001975cbbd0e0 JavaThread "Daemon client event forwarder" [_thread_blocked, id=12248, stack(0x0000007cd4200000,0x0000007cd4300000)]
  0x000001975cbbd5f0 JavaThread "Cache worker for journal cache (C:\Users\Administrator\.gradle\caches\journal-1)" [_thread_blocked, id=10360, stack(0x0000007cd4300000,0x0000007cd4400000)]
  0x000001975cbbfe70 JavaThread "File lock request listener" [_thread_in_native, id=6856, stack(0x0000007cd4400000,0x0000007cd4500000)]
  0x000001975cbbe010 JavaThread "Cache worker for file hash cache (C:\Users\Administrator\.gradle\caches\8.7\fileHashes)" [_thread_blocked, id=1784, stack(0x0000007cd4500000,0x0000007cd4600000)]
  0x0000019770fd4490 JavaThread "Cache worker for file hash cache (F:\mobile\android\.gradle\8.7\fileHashes)" [_thread_blocked, id=8472, stack(0x0000007cd4700000,0x0000007cd4800000)]
  0x0000019770fd9590 JavaThread "File watcher server" daemon [_thread_in_native, id=6944, stack(0x0000007cd4600000,0x0000007cd4700000)]
  0x0000019770fd8150 JavaThread "File watcher consumer" daemon [_thread_blocked, id=2772, stack(0x0000007cd4800000,0x0000007cd4900000)]
  0x0000019770fd8660 JavaThread "Cache worker for checksums cache (F:\mobile\android\.gradle\8.7\checksums)" [_thread_blocked, id=14616, stack(0x0000007cd4900000,0x0000007cd4a00000)]
  0x0000019770fd7730 JavaThread "Cache worker for cache directory md-supplier (C:\Users\Administrator\.gradle\caches\8.7\md-supplier)" [_thread_blocked, id=7608, stack(0x0000007cd4a00000,0x0000007cd4b00000)]
  0x0000019770fd9fb0 JavaThread "Cache worker for cache directory md-rule (C:\Users\Administrator\.gradle\caches\8.7\md-rule)" [_thread_blocked, id=9732, stack(0x0000007cd4b00000,0x0000007cd4c00000)]
  0x0000019770fd9aa0 JavaThread "Cache worker for file content cache (C:\Users\Administrator\.gradle\caches\8.7\fileContent)" [_thread_blocked, id=6380, stack(0x0000007cd4c00000,0x0000007cd4d00000)]
  0x0000019770fd8b70 JavaThread "jar transforms" [_thread_blocked, id=14464, stack(0x0000007cd4e00000,0x0000007cd4f00000)]
  0x0000019770fd5de0 JavaThread "Unconstrained build operations" [_thread_blocked, id=8212, stack(0x0000007cd4d00000,0x0000007cd4e00000)]
  0x0000019770fd62f0 JavaThread "Unconstrained build operations Thread 2" [_thread_blocked, id=7044, stack(0x0000007cd4f00000,0x0000007cd5000000)]
  0x0000019770fd3f80 JavaThread "Unconstrained build operations Thread 3" [_thread_blocked, id=1212, stack(0x0000007cd5000000,0x0000007cd5100000)]
  0x0000019770fd6800 JavaThread "Unconstrained build operations Thread 4" [_thread_blocked, id=10820, stack(0x0000007cd5100000,0x0000007cd5200000)]
  0x0000019770fdb900 JavaThread "Cache worker for Build Output Cleanup Cache (F:\mobile\node_modules\@react-native\gradle-plugin\.gradle\buildOutputCleanup)" [_thread_blocked, id=15808, stack(0x0000007cd5300000,0x0000007cd5400000)]
  0x000001975cbbea30 JavaThread "Unconstrained build operations Thread 5" [_thread_blocked, id=1444, stack(0x0000007cd5400000,0x0000007cd5500000)]
  0x000001977216d3d0 JavaThread "Unconstrained build operations Thread 6" [_thread_blocked, id=14784, stack(0x0000007cd5500000,0x0000007cd5600000)]
  0x000001977216d8e0 JavaThread "Unconstrained build operations Thread 7" [_thread_blocked, id=10864, stack(0x0000007cd5600000,0x0000007cd5700000)]
  0x0000019772167dc0 JavaThread "Unconstrained build operations Thread 8" [_thread_blocked, id=7672, stack(0x0000007cd5700000,0x0000007cd5800000)]
  0x00000197721682d0 JavaThread "Unconstrained build operations Thread 9" [_thread_blocked, id=8104, stack(0x0000007cd5800000,0x0000007cd5900000)]
  0x000001977216b570 JavaThread "Unconstrained build operations Thread 10" [_thread_blocked, id=740, stack(0x0000007cd5900000,0x0000007cd5a00000)]
  0x000001977216e300 JavaThread "Memory manager" [_thread_blocked, id=2028, stack(0x0000007cd5a00000,0x0000007cd5b00000)]
  0x0000019772169200 JavaThread "build event listener" [_thread_blocked, id=11440, stack(0x0000007cd5200000,0x0000007cd5300000)]
  0x000001977216cec0 JavaThread "ForkJoinPool.commonPool-worker-1" daemon [_thread_blocked, id=12824, stack(0x0000007cd5c00000,0x0000007cd5d00000)]
  0x000001977216e810 JavaThread "ForkJoinPool.commonPool-worker-2" daemon [_thread_blocked, id=15656, stack(0x0000007cd5d00000,0x0000007cd5e00000)]
  0x00000197721673a0 JavaThread "ForkJoinPool.commonPool-worker-3" daemon [_thread_blocked, id=2944, stack(0x0000007cd5e00000,0x0000007cd5f00000)]
  0x000001977216a640 JavaThread "Exec process" [_thread_blocked, id=13096, stack(0x0000007cd5f00000,0x0000007cd6000000)]
  0x0000019772168cf0 JavaThread "Exec process Thread 2" [_thread_blocked, id=1400, stack(0x0000007cd6000000,0x0000007cd6100000)]
  0x000001977216ed20 JavaThread "Exec process Thread 3" [_thread_blocked, id=14656, stack(0x0000007cd6100000,0x0000007cd6200000)]
  0x00000197721687e0 JavaThread "included builds" [_thread_blocked, id=16324, stack(0x0000007cd6200000,0x0000007cd6300000)]
  0x0000019772169c20 JavaThread "Execution worker" [_thread_blocked, id=14736, stack(0x0000007cd6300000,0x0000007cd6400000)]
  0x000001977216ab50 JavaThread "Execution worker Thread 2" [_thread_blocked, id=9436, stack(0x0000007cd6400000,0x0000007cd6500000)]
  0x0000019772169710 JavaThread "Execution worker Thread 3" [_thread_blocked, id=1960, stack(0x0000007cd6500000,0x0000007cd6600000)]
  0x000001977216a130 JavaThread "Cache worker for execution history cache (F:\mobile\node_modules\@react-native\gradle-plugin\.gradle\8.7\executionHistory)" [_thread_blocked, id=13880, stack(0x0000007cd6600000,0x0000007cd6700000)]
  0x000001977216ba80 JavaThread "Unconstrained build operations Thread 11" [_thread_blocked, id=8992, stack(0x0000007cd6700000,0x0000007cd6800000)]
  0x000001976f1d8640 JavaThread "Unconstrained build operations Thread 12" [_thread_blocked, id=6044, stack(0x0000007cd6800000,0x0000007cd6900000)]
  0x000001976f1d9060 JavaThread "Unconstrained build operations Thread 13" [_thread_blocked, id=12544, stack(0x0000007cd6900000,0x0000007cd6a00000)]
  0x000001976f1d9570 JavaThread "Unconstrained build operations Thread 14" [_thread_blocked, id=15012, stack(0x0000007cd6a00000,0x0000007cd6b00000)]
  0x000001976f1d9f90 JavaThread "Unconstrained build operations Thread 15" [_thread_blocked, id=7988, stack(0x0000007cd6b00000,0x0000007cd6c00000)]
  0x000001976f1d9a80 JavaThread "Unconstrained build operations Thread 16" [_thread_blocked, id=15932, stack(0x0000007cd6c00000,0x0000007cd6d00000)]
  0x000001976f1d4e90 JavaThread "Unconstrained build operations Thread 17" [_thread_blocked, id=13852, stack(0x0000007cd6d00000,0x0000007cd6e00000)]
  0x000001976f1d6cf0 JavaThread "Unconstrained build operations Thread 18" [_thread_blocked, id=13504, stack(0x0000007cd6e00000,0x0000007cd6f00000)]
  0x000001976f1d2b20 JavaThread "Unconstrained build operations Thread 19" [_thread_blocked, id=9220, stack(0x0000007cd6f00000,0x0000007cd7000000)]
  0x000001976f1d53a0 JavaThread "Unconstrained build operations Thread 20" [_thread_blocked, id=8092, stack(0x0000007cd7000000,0x0000007cd7100000)]
  0x000001976f1d4470 JavaThread "Unconstrained build operations Thread 21" [_thread_blocked, id=13508, stack(0x0000007cd7100000,0x0000007cd7200000)]
  0x000001976f1d3f60 JavaThread "Unconstrained build operations Thread 22" [_thread_blocked, id=6696, stack(0x0000007cd7200000,0x0000007cd7300000)]
  0x000001976f1d58b0 JavaThread "Unconstrained build operations Thread 23" [_thread_blocked, id=15000, stack(0x0000007cd7300000,0x0000007cd7400000)]
  0x000001976f1d67e0 JavaThread "Unconstrained build operations Thread 24" [_thread_blocked, id=9208, stack(0x0000007cd7400000,0x0000007cd7500000)]
  0x000001976f1d5dc0 JavaThread "Unconstrained build operations Thread 25" [_thread_blocked, id=15956, stack(0x0000007cd7500000,0x0000007cd7600000)]
  0x000001976f1d8130 JavaThread "jar transforms Thread 2" [_thread_blocked, id=3268, stack(0x0000007cd7600000,0x0000007cd7700000)]
  0x000001976f1da4a0 JavaThread "Cache worker for Build Output Cleanup Cache (F:\mobile\android\.gradle\buildOutputCleanup)" [_thread_blocked, id=6100, stack(0x0000007cd7700000,0x0000007cd7800000)]
  0x000001976f1d4980 JavaThread "jar transforms Thread 3" [_thread_blocked, id=5620, stack(0x0000007cd7800000,0x0000007cd7900000)]
  0x000001976f1d3030 JavaThread "Unconstrained build operations Thread 26" [_thread_blocked, id=9116, stack(0x0000007cd7900000,0x0000007cd7a00000)]
  0x000001976f1d7c20 JavaThread "Unconstrained build operations Thread 27" [_thread_blocked, id=16124, stack(0x0000007cd7a00000,0x0000007cd7b00000)]
  0x000001976f1d3540 JavaThread "Unconstrained build operations Thread 28" [_thread_blocked, id=9312, stack(0x0000007cd7b00000,0x0000007cd7c00000)]
  0x000001976f1d3a50 JavaThread "Unconstrained build operations Thread 29" [_thread_blocked, id=9328, stack(0x0000007cd7c00000,0x0000007cd7d00000)]
  0x000001976f1d8b50 JavaThread "Unconstrained build operations Thread 30" [_thread_blocked, id=11220, stack(0x0000007cd7d00000,0x0000007cd7e00000)]
  0x0000019771cb7010 JavaThread "Unconstrained build operations Thread 31" [_thread_blocked, id=8568, stack(0x0000007cd7e00000,0x0000007cd7f00000)]
  0x0000019771cb7520 JavaThread "Unconstrained build operations Thread 32" [_thread_blocked, id=14216, stack(0x0000007cd7f00000,0x0000007cd8000000)]
  0x0000019771cb7a30 JavaThread "Unconstrained build operations Thread 33" [_thread_blocked, id=5592, stack(0x0000007cd8000000,0x0000007cd8100000)]
  0x0000019771cba2b0 JavaThread "Unconstrained build operations Thread 34" [_thread_blocked, id=2680, stack(0x0000007cd8100000,0x0000007cd8200000)]
  0x0000019771cb9380 JavaThread "Unconstrained build operations Thread 35" [_thread_blocked, id=816, stack(0x0000007cd8200000,0x0000007cd8300000)]
  0x0000019771cb8e70 JavaThread "Unconstrained build operations Thread 36" [_thread_blocked, id=14996, stack(0x0000007cd8300000,0x0000007cd8400000)]
  0x0000019771cb8450 JavaThread "Unconstrained build operations Thread 37" [_thread_blocked, id=8436, stack(0x0000007cd8400000,0x0000007cd8500000)]
  0x0000019771cb9890 JavaThread "jar transforms Thread 4" [_thread_blocked, id=11856, stack(0x0000007cd8500000,0x0000007cd8600000)]

Other Threads:
  0x000001975c91a5e0 VMThread "VM Thread" [stack: 0x0000007cd2900000,0x0000007cd2a00000] [id=12132]
  0x000001975caee3c0 WatcherThread [stack: 0x0000007cd3500000,0x0000007cd3600000] [id=10080]
  0x000001974135fcd0 GCTaskThread "GC Thread#0" [stack: 0x0000007cd2400000,0x0000007cd2500000] [id=10356]
  0x000001975cd76930 GCTaskThread "GC Thread#1" [stack: 0x0000007cd3700000,0x0000007cd3800000] [id=2312]
  0x000001975cce6560 GCTaskThread "GC Thread#2" [stack: 0x0000007cd3800000,0x0000007cd3900000] [id=11508]
  0x000001975cca63b0 GCTaskThread "GC Thread#3" [stack: 0x0000007cd3900000,0x0000007cd3a00000] [id=5684]
  0x0000019741368b40 ConcurrentGCThread "G1 Main Marker" [stack: 0x0000007cd2500000,0x0000007cd2600000] [id=12496]
  0x0000019741369c10 ConcurrentGCThread "G1 Conc#0" [stack: 0x0000007cd2600000,0x0000007cd2700000] [id=10160]
  0x00000197413d0ad0 ConcurrentGCThread "G1 Refine#0" [stack: 0x0000007cd2700000,0x0000007cd2800000] [id=2460]
  0x00000197413d3430 ConcurrentGCThread "G1 Service" [stack: 0x0000007cd2800000,0x0000007cd2900000] [id=11052]

Threads with active compile tasks:
C2 CompilerThread0  30356 10733 % !   4       java.util.jar.Attributes::read @ 214 (494 bytes)

VM state: not at safepoint (normal execution)

VM Mutex/Monitor currently owned by a thread: None

Heap address: 0x00000000c0000000, size: 1024 MB, Compressed Oops mode: 32-bit

CDS archive(s) mapped at: [0x000001975d000000-0x000001975dbb0000-0x000001975dbb0000), size 12255232, SharedBaseAddress: 0x000001975d000000, ArchiveRelocationMode: 1.
Compressed class space mapped at: 0x000001975e000000-0x000001976b000000, reserved size: 218103808
Narrow klass base: 0x000001975d000000, Narrow klass shift: 0, Narrow klass range: 0x100000000

GC Precious Log:
 CPUs: 4 total, 4 available
 Memory: 7843M
 Large Page Support: Disabled
 NUMA Support: Disabled
 Compressed Oops: Enabled (32-bit)
 Heap Region Size: 1M
 Heap Min Capacity: 8M
 Heap Initial Capacity: 124M
 Heap Max Capacity: 1G
 Pre-touch: Disabled
 Parallel Workers: 4
 Concurrent Workers: 1
 Concurrent Refinement Workers: 4
 Periodic GC: Disabled

Heap:
 garbage-first heap   total 212992K, used 103423K [0x00000000c0000000, 0x0000000100000000)
  region size 1024K, 8 young (8192K), 2 survivors (2048K)
 Metaspace       used 77705K, committed 78592K, reserved 344064K
  class space    used 10755K, committed 11200K, reserved 212992K

Heap Regions: E=young(eden), S=young(survivor), O=old, HS=humongous(starts), HC=humongous(continues), CS=collection set, F=free, OA=open archive, CA=closed archive, TAMS=top-at-mark-start (previous, next)
|   0|0x00000000c0000000, 0x00000000c0100000, 0x00000000c0100000|100%| O|  |TAMS 0x00000000c0100000, 0x00000000c0100000| Untracked 
|   1|0x00000000c0100000, 0x00000000c0200000, 0x00000000c0200000|100%|HS|  |TAMS 0x00000000c0200000, 0x00000000c0200000| Complete 
|   2|0x00000000c0200000, 0x00000000c0300000, 0x00000000c0300000|100%|HC|  |TAMS 0x00000000c0300000, 0x00000000c0300000| Complete 
|   3|0x00000000c0300000, 0x00000000c0400000, 0x00000000c0400000|100%|HC|  |TAMS 0x00000000c0400000, 0x00000000c0400000| Complete 
|   4|0x00000000c0400000, 0x00000000c0500000, 0x00000000c0500000|100%|HC|  |TAMS 0x00000000c0500000, 0x00000000c0500000| Complete 
|   5|0x00000000c0500000, 0x00000000c0600000, 0x00000000c0600000|100%| O|  |TAMS 0x00000000c0600000, 0x00000000c0600000| Untracked 
|   6|0x00000000c0600000, 0x00000000c0700000, 0x00000000c0700000|100%| O|  |TAMS 0x00000000c0700000, 0x00000000c0700000| Untracked 
|   7|0x00000000c0700000, 0x00000000c0800000, 0x00000000c0800000|100%| O|  |TAMS 0x00000000c0800000, 0x00000000c0800000| Untracked 
|   8|0x00000000c0800000, 0x00000000c0900000, 0x00000000c0900000|100%|HS|  |TAMS 0x00000000c0900000, 0x00000000c0900000| Complete 
|   9|0x00000000c0900000, 0x00000000c0a00000, 0x00000000c0a00000|100%| O|  |TAMS 0x00000000c0a00000, 0x00000000c0a00000| Untracked 
|  10|0x00000000c0a00000, 0x00000000c0b00000, 0x00000000c0b00000|100%| O|  |TAMS 0x00000000c0b00000, 0x00000000c0b00000| Untracked 
|  11|0x00000000c0b00000, 0x00000000c0c00000, 0x00000000c0c00000|100%| O|  |TAMS 0x00000000c0c00000, 0x00000000c0c00000| Untracked 
|  12|0x00000000c0c00000, 0x00000000c0d00000, 0x00000000c0d00000|100%| O|  |TAMS 0x00000000c0d00000, 0x00000000c0d00000| Untracked 
|  13|0x00000000c0d00000, 0x00000000c0e00000, 0x00000000c0e00000|100%| O|  |TAMS 0x00000000c0e00000, 0x00000000c0e00000| Untracked 
|  14|0x00000000c0e00000, 0x00000000c0f00000, 0x00000000c0f00000|100%| O|  |TAMS 0x00000000c0f00000, 0x00000000c0f00000| Untracked 
|  15|0x00000000c0f00000, 0x00000000c1000000, 0x00000000c1000000|100%| O|  |TAMS 0x00000000c1000000, 0x00000000c1000000| Untracked 
|  16|0x00000000c1000000, 0x00000000c1100000, 0x00000000c1100000|100%| O|  |TAMS 0x00000000c1100000, 0x00000000c1100000| Untracked 
|  17|0x00000000c1100000, 0x00000000c1200000, 0x00000000c1200000|100%| O|  |TAMS 0x00000000c1200000, 0x00000000c1200000| Untracked 
|  18|0x00000000c1200000, 0x00000000c1300000, 0x00000000c1300000|100%| O|  |TAMS 0x00000000c1300000, 0x00000000c1300000| Untracked 
|  19|0x00000000c1300000, 0x00000000c13dea00, 0x00000000c1400000| 86%| O|  |TAMS 0x00000000c13dea00, 0x00000000c13dea00| Untracked 
|  20|0x00000000c1400000, 0x00000000c1500000, 0x00000000c1500000|100%| O|  |TAMS 0x00000000c1500000, 0x00000000c1500000| Untracked 
|  21|0x00000000c1500000, 0x00000000c1600000, 0x00000000c1600000|100%| O|  |TAMS 0x00000000c1600000, 0x00000000c1600000| Untracked 
|  22|0x00000000c1600000, 0x00000000c1700000, 0x00000000c1700000|100%| O|  |TAMS 0x00000000c1700000, 0x00000000c1700000| Untracked 
|  23|0x00000000c1700000, 0x00000000c1800000, 0x00000000c1800000|100%| O|  |TAMS 0x00000000c1800000, 0x00000000c1800000| Untracked 
|  24|0x00000000c1800000, 0x00000000c1900000, 0x00000000c1900000|100%| O|  |TAMS 0x00000000c1900000, 0x00000000c1900000| Untracked 
|  25|0x00000000c1900000, 0x00000000c1a00000, 0x00000000c1a00000|100%| O|  |TAMS 0x00000000c1a00000, 0x00000000c1a00000| Untracked 
|  26|0x00000000c1a00000, 0x00000000c1b00000, 0x00000000c1b00000|100%| O|  |TAMS 0x00000000c1b00000, 0x00000000c1b00000| Untracked 
|  27|0x00000000c1b00000, 0x00000000c1c00000, 0x00000000c1c00000|100%| O|  |TAMS 0x00000000c1c00000, 0x00000000c1c00000| Untracked 
|  28|0x00000000c1c00000, 0x00000000c1d00000, 0x00000000c1d00000|100%| O|  |TAMS 0x00000000c1d00000, 0x00000000c1d00000| Untracked 
|  29|0x00000000c1d00000, 0x00000000c1e00000, 0x00000000c1e00000|100%| O|  |TAMS 0x00000000c1e00000, 0x00000000c1e00000| Untracked 
|  30|0x00000000c1e00000, 0x00000000c1f00000, 0x00000000c1f00000|100%| O|  |TAMS 0x00000000c1f00000, 0x00000000c1f00000| Untracked 
|  31|0x00000000c1f00000, 0x00000000c2000000, 0x00000000c2000000|100%| O|  |TAMS 0x00000000c2000000, 0x00000000c2000000| Untracked 
|  32|0x00000000c2000000, 0x00000000c2100000, 0x00000000c2100000|100%| O|  |TAMS 0x00000000c2100000, 0x00000000c2100000| Untracked 
|  33|0x00000000c2100000, 0x00000000c2200000, 0x00000000c2200000|100%| O|  |TAMS 0x00000000c2200000, 0x00000000c2200000| Untracked 
|  34|0x00000000c2200000, 0x00000000c2300000, 0x00000000c2300000|100%| O|  |TAMS 0x00000000c2300000, 0x00000000c2300000| Untracked 
|  35|0x00000000c2300000, 0x00000000c2400000, 0x00000000c2400000|100%| O|  |TAMS 0x00000000c2400000, 0x00000000c2400000| Untracked 
|  36|0x00000000c2400000, 0x00000000c2500000, 0x00000000c2500000|100%|HS|  |TAMS 0x00000000c2500000, 0x00000000c2500000| Complete 
|  37|0x00000000c2500000, 0x00000000c2600000, 0x00000000c2600000|100%|HC|  |TAMS 0x00000000c2600000, 0x00000000c2600000| Complete 
|  38|0x00000000c2600000, 0x00000000c2700000, 0x00000000c2700000|100%| O|  |TAMS 0x00000000c2700000, 0x00000000c2700000| Untracked 
|  39|0x00000000c2700000, 0x00000000c2800000, 0x00000000c2800000|100%| O|  |TAMS 0x00000000c2800000, 0x00000000c2800000| Untracked 
|  40|0x00000000c2800000, 0x00000000c2900000, 0x00000000c2900000|100%| O|  |TAMS 0x00000000c2900000, 0x00000000c2900000| Untracked 
|  41|0x00000000c2900000, 0x00000000c2a00000, 0x00000000c2a00000|100%| O|  |TAMS 0x00000000c2a00000, 0x00000000c2a00000| Untracked 
|  42|0x00000000c2a00000, 0x00000000c2b00000, 0x00000000c2b00000|100%|HS|  |TAMS 0x00000000c2b00000, 0x00000000c2b00000| Complete 
|  43|0x00000000c2b00000, 0x00000000c2c00000, 0x00000000c2c00000|100%|HC|  |TAMS 0x00000000c2c00000, 0x00000000c2c00000| Complete 
|  44|0x00000000c2c00000, 0x00000000c2d00000, 0x00000000c2d00000|100%|HS|  |TAMS 0x00000000c2d00000, 0x00000000c2d00000| Complete 
|  45|0x00000000c2d00000, 0x00000000c2e00000, 0x00000000c2e00000|100%|HC|  |TAMS 0x00000000c2e00000, 0x00000000c2e00000| Complete 
|  46|0x00000000c2e00000, 0x00000000c2f00000, 0x00000000c2f00000|100%|HC|  |TAMS 0x00000000c2f00000, 0x00000000c2f00000| Complete 
|  47|0x00000000c2f00000, 0x00000000c3000000, 0x00000000c3000000|100%|HC|  |TAMS 0x00000000c3000000, 0x00000000c3000000| Complete 
|  48|0x00000000c3000000, 0x00000000c3100000, 0x00000000c3100000|100%|HS|  |TAMS 0x00000000c3100000, 0x00000000c3100000| Complete 
|  49|0x00000000c3100000, 0x00000000c3200000, 0x00000000c3200000|100%|HC|  |TAMS 0x00000000c3200000, 0x00000000c3200000| Complete 
|  50|0x00000000c3200000, 0x00000000c3300000, 0x00000000c3300000|100%|HC|  |TAMS 0x00000000c3300000, 0x00000000c3300000| Complete 
|  51|0x00000000c3300000, 0x00000000c3400000, 0x00000000c3400000|100%|HC|  |TAMS 0x00000000c3400000, 0x00000000c3400000| Complete 
|  52|0x00000000c3400000, 0x00000000c3500000, 0x00000000c3500000|100%| O|  |TAMS 0x00000000c3500000, 0x00000000c3500000| Untracked 
|  53|0x00000000c3500000, 0x00000000c3600000, 0x00000000c3600000|100%| O|  |TAMS 0x00000000c3600000, 0x00000000c3600000| Untracked 
|  54|0x00000000c3600000, 0x00000000c3700000, 0x00000000c3700000|100%| O|  |TAMS 0x00000000c3700000, 0x00000000c3700000| Untracked 
|  55|0x00000000c3700000, 0x00000000c3800000, 0x00000000c3800000|100%| O|  |TAMS 0x00000000c3800000, 0x00000000c3800000| Untracked 
|  56|0x00000000c3800000, 0x00000000c3900000, 0x00000000c3900000|100%| O|  |TAMS 0x00000000c3900000, 0x00000000c3900000| Untracked 
|  57|0x00000000c3900000, 0x00000000c3a00000, 0x00000000c3a00000|100%| O|  |TAMS 0x00000000c3a00000, 0x00000000c3a00000| Untracked 
|  58|0x00000000c3a00000, 0x00000000c3b00000, 0x00000000c3b00000|100%| O|  |TAMS 0x00000000c3b00000, 0x00000000c3b00000| Untracked 
|  59|0x00000000c3b00000, 0x00000000c3c00000, 0x00000000c3c00000|100%| O|  |TAMS 0x00000000c3c00000, 0x00000000c3c00000| Untracked 
|  60|0x00000000c3c00000, 0x00000000c3d00000, 0x00000000c3d00000|100%| O|  |TAMS 0x00000000c3d00000, 0x00000000c3d00000| Untracked 
|  61|0x00000000c3d00000, 0x00000000c3e00000, 0x00000000c3e00000|100%| O|  |TAMS 0x00000000c3e00000, 0x00000000c3e00000| Untracked 
|  62|0x00000000c3e00000, 0x00000000c3f00000, 0x00000000c3f00000|100%| O|  |TAMS 0x00000000c3f00000, 0x00000000c3f00000| Untracked 
|  63|0x00000000c3f00000, 0x00000000c4000000, 0x00000000c4000000|100%| O|  |TAMS 0x00000000c4000000, 0x00000000c4000000| Untracked 
|  64|0x00000000c4000000, 0x00000000c4100000, 0x00000000c4100000|100%| O|  |TAMS 0x00000000c4100000, 0x00000000c4100000| Untracked 
|  65|0x00000000c4100000, 0x00000000c4200000, 0x00000000c4200000|100%| O|  |TAMS 0x00000000c4200000, 0x00000000c4200000| Untracked 
|  66|0x00000000c4200000, 0x00000000c4200000, 0x00000000c4300000|  0%| F|  |TAMS 0x00000000c4200000, 0x00000000c4200000| Untracked 
|  67|0x00000000c4300000, 0x00000000c4400000, 0x00000000c4400000|100%| O|  |TAMS 0x00000000c4400000, 0x00000000c4400000| Untracked 
|  68|0x00000000c4400000, 0x00000000c4500000, 0x00000000c4500000|100%| O|  |TAMS 0x00000000c4500000, 0x00000000c4500000| Untracked 
|  69|0x00000000c4500000, 0x00000000c4600000, 0x00000000c4600000|100%| O|  |TAMS 0x00000000c4600000, 0x00000000c4600000| Untracked 
|  70|0x00000000c4600000, 0x00000000c4700000, 0x00000000c4700000|100%| O|  |TAMS 0x00000000c4700000, 0x00000000c4700000| Untracked 
|  71|0x00000000c4700000, 0x00000000c4800000, 0x00000000c4800000|100%| O|  |TAMS 0x00000000c4800000, 0x00000000c4800000| Untracked 
|  72|0x00000000c4800000, 0x00000000c4900000, 0x00000000c4900000|100%|HS|  |TAMS 0x00000000c4800000, 0x00000000c4900000| Complete 
|  73|0x00000000c4900000, 0x00000000c4a00000, 0x00000000c4a00000|100%|HS|  |TAMS 0x00000000c4a00000, 0x00000000c4a00000| Complete 
|  74|0x00000000c4a00000, 0x00000000c4b00000, 0x00000000c4b00000|100%|HS|  |TAMS 0x00000000c4b00000, 0x00000000c4b00000| Complete 
|  75|0x00000000c4b00000, 0x00000000c4c00000, 0x00000000c4c00000|100%|HC|  |TAMS 0x00000000c4c00000, 0x00000000c4c00000| Complete 
|  76|0x00000000c4c00000, 0x00000000c4d00000, 0x00000000c4d00000|100%|HS|  |TAMS 0x00000000c4d00000, 0x00000000c4d00000| Complete 
|  77|0x00000000c4d00000, 0x00000000c4e00000, 0x00000000c4e00000|100%|HS|  |TAMS 0x00000000c4e00000, 0x00000000c4e00000| Complete 
|  78|0x00000000c4e00000, 0x00000000c4f00000, 0x00000000c4f00000|100%| O|  |TAMS 0x00000000c4f00000, 0x00000000c4f00000| Untracked 
|  79|0x00000000c4f00000, 0x00000000c5000000, 0x00000000c5000000|100%| O|  |TAMS 0x00000000c5000000, 0x00000000c5000000| Untracked 
|  80|0x00000000c5000000, 0x00000000c5100000, 0x00000000c5100000|100%| O|  |TAMS 0x00000000c5100000, 0x00000000c5100000| Untracked 
|  81|0x00000000c5100000, 0x00000000c5200000, 0x00000000c5200000|100%|HS|  |TAMS 0x00000000c5200000, 0x00000000c5200000| Complete 
|  82|0x00000000c5200000, 0x00000000c5300000, 0x00000000c5300000|100%|HC|  |TAMS 0x00000000c5300000, 0x00000000c5300000| Complete 
|  83|0x00000000c5300000, 0x00000000c5400000, 0x00000000c5400000|100%|HC|  |TAMS 0x00000000c5400000, 0x00000000c5400000| Complete 
|  84|0x00000000c5400000, 0x00000000c5500000, 0x00000000c5500000|100%| O|  |TAMS 0x00000000c5500000, 0x00000000c5500000| Untracked 
|  85|0x00000000c5500000, 0x00000000c5600000, 0x00000000c5600000|100%|HS|  |TAMS 0x00000000c5600000, 0x00000000c5600000| Complete 
|  86|0x00000000c5600000, 0x00000000c5700000, 0x00000000c5700000|100%|HC|  |TAMS 0x00000000c5700000, 0x00000000c5700000| Complete 
|  87|0x00000000c5700000, 0x00000000c5800000, 0x00000000c5800000|100%|HS|  |TAMS 0x00000000c5800000, 0x00000000c5800000| Complete 
|  88|0x00000000c5800000, 0x00000000c5900000, 0x00000000c5900000|100%| O|  |TAMS 0x00000000c5900000, 0x00000000c5900000| Untracked 
|  89|0x00000000c5900000, 0x00000000c5a00000, 0x00000000c5a00000|100%| O|  |TAMS 0x00000000c5a00000, 0x00000000c5a00000| Untracked 
|  90|0x00000000c5a00000, 0x00000000c5b00000, 0x00000000c5b00000|100%| O|  |TAMS 0x00000000c5b00000, 0x00000000c5b00000| Untracked 
|  91|0x00000000c5b00000, 0x00000000c5c00000, 0x00000000c5c00000|100%| O|  |TAMS 0x00000000c5c00000, 0x00000000c5c00000| Untracked 
|  92|0x00000000c5c00000, 0x00000000c5d00000, 0x00000000c5d00000|100%| O|  |TAMS 0x00000000c5d00000, 0x00000000c5d00000| Untracked 
|  93|0x00000000c5d00000, 0x00000000c5e00000, 0x00000000c5e00000|100%| O|  |TAMS 0x00000000c5d0ce00, 0x00000000c5e00000| Untracked 
|  94|0x00000000c5e00000, 0x00000000c5f00000, 0x00000000c5f00000|100%| O|  |TAMS 0x00000000c5e00000, 0x00000000c5f00000| Untracked 
|  95|0x00000000c5f00000, 0x00000000c5f61800, 0x00000000c6000000| 38%| O|  |TAMS 0x00000000c5f00000, 0x00000000c5f61800| Untracked 
|  96|0x00000000c6000000, 0x00000000c6000000, 0x00000000c6100000|  0%| F|  |TAMS 0x00000000c6000000, 0x00000000c6000000| Untracked 
|  97|0x00000000c6100000, 0x00000000c6100000, 0x00000000c6200000|  0%| F|  |TAMS 0x00000000c6100000, 0x00000000c6100000| Untracked 
|  98|0x00000000c6200000, 0x00000000c6200000, 0x00000000c6300000|  0%| F|  |TAMS 0x00000000c6200000, 0x00000000c6200000| Untracked 
|  99|0x00000000c6300000, 0x00000000c6300000, 0x00000000c6400000|  0%| F|  |TAMS 0x00000000c6300000, 0x00000000c6300000| Untracked 
| 100|0x00000000c6400000, 0x00000000c6400000, 0x00000000c6500000|  0%| F|  |TAMS 0x00000000c6400000, 0x00000000c6400000| Untracked 
| 101|0x00000000c6500000, 0x00000000c6500000, 0x00000000c6600000|  0%| F|  |TAMS 0x00000000c6500000, 0x00000000c6500000| Untracked 
| 102|0x00000000c6600000, 0x00000000c6600000, 0x00000000c6700000|  0%| F|  |TAMS 0x00000000c6600000, 0x00000000c6600000| Untracked 
| 103|0x00000000c6700000, 0x00000000c6700000, 0x00000000c6800000|  0%| F|  |TAMS 0x00000000c6700000, 0x00000000c6700000| Untracked 
| 104|0x00000000c6800000, 0x00000000c6800000, 0x00000000c6900000|  0%| F|  |TAMS 0x00000000c6800000, 0x00000000c6800000| Untracked 
| 105|0x00000000c6900000, 0x00000000c6900000, 0x00000000c6a00000|  0%| F|  |TAMS 0x00000000c6900000, 0x00000000c6900000| Untracked 
| 106|0x00000000c6a00000, 0x00000000c6a00000, 0x00000000c6b00000|  0%| F|  |TAMS 0x00000000c6a00000, 0x00000000c6a00000| Untracked 
| 107|0x00000000c6b00000, 0x00000000c6b00000, 0x00000000c6c00000|  0%| F|  |TAMS 0x00000000c6b00000, 0x00000000c6b00000| Untracked 
| 108|0x00000000c6c00000, 0x00000000c6c00000, 0x00000000c6d00000|  0%| F|  |TAMS 0x00000000c6c00000, 0x00000000c6c00000| Untracked 
| 109|0x00000000c6d00000, 0x00000000c6d00000, 0x00000000c6e00000|  0%| F|  |TAMS 0x00000000c6d00000, 0x00000000c6d00000| Untracked 
| 110|0x00000000c6e00000, 0x00000000c6e00000, 0x00000000c6f00000|  0%| F|  |TAMS 0x00000000c6e00000, 0x00000000c6e00000| Untracked 
| 111|0x00000000c6f00000, 0x00000000c6f00000, 0x00000000c7000000|  0%| F|  |TAMS 0x00000000c6f00000, 0x00000000c6f00000| Untracked 
| 112|0x00000000c7000000, 0x00000000c7000000, 0x00000000c7100000|  0%| F|  |TAMS 0x00000000c7000000, 0x00000000c7000000| Untracked 
| 113|0x00000000c7100000, 0x00000000c7100000, 0x00000000c7200000|  0%| F|  |TAMS 0x00000000c7100000, 0x00000000c7100000| Untracked 
| 114|0x00000000c7200000, 0x00000000c7200000, 0x00000000c7300000|  0%| F|  |TAMS 0x00000000c7200000, 0x00000000c7200000| Untracked 
| 115|0x00000000c7300000, 0x00000000c7300000, 0x00000000c7400000|  0%| F|  |TAMS 0x00000000c7300000, 0x00000000c7300000| Untracked 
| 116|0x00000000c7400000, 0x00000000c7400000, 0x00000000c7500000|  0%| F|  |TAMS 0x00000000c7400000, 0x00000000c7400000| Untracked 
| 117|0x00000000c7500000, 0x00000000c7500000, 0x00000000c7600000|  0%| F|  |TAMS 0x00000000c7500000, 0x00000000c7500000| Untracked 
| 118|0x00000000c7600000, 0x00000000c7600000, 0x00000000c7700000|  0%| F|  |TAMS 0x00000000c7600000, 0x00000000c7600000| Untracked 
| 119|0x00000000c7700000, 0x00000000c7700000, 0x00000000c7800000|  0%| F|  |TAMS 0x00000000c7700000, 0x00000000c7700000| Untracked 
| 120|0x00000000c7800000, 0x00000000c7800000, 0x00000000c7900000|  0%| F|  |TAMS 0x00000000c7800000, 0x00000000c7800000| Untracked 
| 121|0x00000000c7900000, 0x00000000c7900000, 0x00000000c7a00000|  0%| F|  |TAMS 0x00000000c7900000, 0x00000000c7900000| Untracked 
| 122|0x00000000c7a00000, 0x00000000c7a00000, 0x00000000c7b00000|  0%| F|  |TAMS 0x00000000c7a00000, 0x00000000c7a00000| Untracked 
| 123|0x00000000c7b00000, 0x00000000c7b00000, 0x00000000c7c00000|  0%| F|  |TAMS 0x00000000c7b00000, 0x00000000c7b00000| Untracked 
| 124|0x00000000c7c00000, 0x00000000c7c00000, 0x00000000c7d00000|  0%| F|  |TAMS 0x00000000c7c00000, 0x00000000c7c00000| Untracked 
| 125|0x00000000c7d00000, 0x00000000c7d00000, 0x00000000c7e00000|  0%| F|  |TAMS 0x00000000c7d00000, 0x00000000c7d00000| Untracked 
| 126|0x00000000c7e00000, 0x00000000c7e00000, 0x00000000c7f00000|  0%| F|  |TAMS 0x00000000c7e00000, 0x00000000c7e00000| Untracked 
| 127|0x00000000c7f00000, 0x00000000c7f00000, 0x00000000c8000000|  0%| F|  |TAMS 0x00000000c7f00000, 0x00000000c7f00000| Untracked 
| 128|0x00000000c8000000, 0x00000000c8000000, 0x00000000c8100000|  0%| F|  |TAMS 0x00000000c8000000, 0x00000000c8000000| Untracked 
| 129|0x00000000c8100000, 0x00000000c8100000, 0x00000000c8200000|  0%| F|  |TAMS 0x00000000c8100000, 0x00000000c8100000| Untracked 
| 130|0x00000000c8200000, 0x00000000c8200000, 0x00000000c8300000|  0%| F|  |TAMS 0x00000000c8200000, 0x00000000c8200000| Untracked 
| 131|0x00000000c8300000, 0x00000000c8300000, 0x00000000c8400000|  0%| F|  |TAMS 0x00000000c8300000, 0x00000000c8300000| Untracked 
| 132|0x00000000c8400000, 0x00000000c8400000, 0x00000000c8500000|  0%| F|  |TAMS 0x00000000c8400000, 0x00000000c8400000| Untracked 
| 133|0x00000000c8500000, 0x00000000c8500000, 0x00000000c8600000|  0%| F|  |TAMS 0x00000000c8500000, 0x00000000c8500000| Untracked 
| 134|0x00000000c8600000, 0x00000000c8600000, 0x00000000c8700000|  0%| F|  |TAMS 0x00000000c8600000, 0x00000000c8600000| Untracked 
| 135|0x00000000c8700000, 0x00000000c8700000, 0x00000000c8800000|  0%| F|  |TAMS 0x00000000c8700000, 0x00000000c8700000| Untracked 
| 136|0x00000000c8800000, 0x00000000c8800000, 0x00000000c8900000|  0%| F|  |TAMS 0x00000000c8800000, 0x00000000c8800000| Untracked 
| 137|0x00000000c8900000, 0x00000000c8900000, 0x00000000c8a00000|  0%| F|  |TAMS 0x00000000c8900000, 0x00000000c8900000| Untracked 
| 138|0x00000000c8a00000, 0x00000000c8abfb00, 0x00000000c8b00000| 74%| S|CS|TAMS 0x00000000c8a00000, 0x00000000c8a00000| Complete 
| 139|0x00000000c8b00000, 0x00000000c8c00000, 0x00000000c8c00000|100%| S|CS|TAMS 0x00000000c8b00000, 0x00000000c8b00000| Complete 
| 140|0x00000000c8c00000, 0x00000000c8c00000, 0x00000000c8d00000|  0%| F|  |TAMS 0x00000000c8c00000, 0x00000000c8c00000| Untracked 
| 141|0x00000000c8d00000, 0x00000000c8d00000, 0x00000000c8e00000|  0%| F|  |TAMS 0x00000000c8d00000, 0x00000000c8d00000| Untracked 
| 142|0x00000000c8e00000, 0x00000000c8e00000, 0x00000000c8f00000|  0%| F|  |TAMS 0x00000000c8e00000, 0x00000000c8e00000| Untracked 
| 143|0x00000000c8f00000, 0x00000000c8f00000, 0x00000000c9000000|  0%| F|  |TAMS 0x00000000c8f00000, 0x00000000c8f00000| Untracked 
| 144|0x00000000c9000000, 0x00000000c9000000, 0x00000000c9100000|  0%| F|  |TAMS 0x00000000c9000000, 0x00000000c9000000| Untracked 
| 145|0x00000000c9100000, 0x00000000c9100000, 0x00000000c9200000|  0%| F|  |TAMS 0x00000000c9100000, 0x00000000c9100000| Untracked 
| 146|0x00000000c9200000, 0x00000000c9200000, 0x00000000c9300000|  0%| F|  |TAMS 0x00000000c9200000, 0x00000000c9200000| Untracked 
| 147|0x00000000c9300000, 0x00000000c9300000, 0x00000000c9400000|  0%| F|  |TAMS 0x00000000c9300000, 0x00000000c9300000| Untracked 
| 148|0x00000000c9400000, 0x00000000c9400000, 0x00000000c9500000|  0%| F|  |TAMS 0x00000000c9400000, 0x00000000c9400000| Untracked 
| 149|0x00000000c9500000, 0x00000000c9500000, 0x00000000c9600000|  0%| F|  |TAMS 0x00000000c9500000, 0x00000000c9500000| Untracked 
| 150|0x00000000c9600000, 0x00000000c9600000, 0x00000000c9700000|  0%| F|  |TAMS 0x00000000c9600000, 0x00000000c9600000| Untracked 
| 151|0x00000000c9700000, 0x00000000c9700000, 0x00000000c9800000|  0%| F|  |TAMS 0x00000000c9700000, 0x00000000c9700000| Untracked 
| 152|0x00000000c9800000, 0x00000000c9800000, 0x00000000c9900000|  0%| F|  |TAMS 0x00000000c9800000, 0x00000000c9800000| Untracked 
| 153|0x00000000c9900000, 0x00000000c9900000, 0x00000000c9a00000|  0%| F|  |TAMS 0x00000000c9900000, 0x00000000c9900000| Untracked 
| 154|0x00000000c9a00000, 0x00000000c9a00000, 0x00000000c9b00000|  0%| F|  |TAMS 0x00000000c9a00000, 0x00000000c9a00000| Untracked 
| 155|0x00000000c9b00000, 0x00000000c9b00000, 0x00000000c9c00000|  0%| F|  |TAMS 0x00000000c9b00000, 0x00000000c9b00000| Untracked 
| 156|0x00000000c9c00000, 0x00000000c9c00000, 0x00000000c9d00000|  0%| F|  |TAMS 0x00000000c9c00000, 0x00000000c9c00000| Untracked 
| 157|0x00000000c9d00000, 0x00000000c9d00000, 0x00000000c9e00000|  0%| F|  |TAMS 0x00000000c9d00000, 0x00000000c9d00000| Untracked 
| 158|0x00000000c9e00000, 0x00000000c9e00000, 0x00000000c9f00000|  0%| F|  |TAMS 0x00000000c9e00000, 0x00000000c9e00000| Untracked 
| 159|0x00000000c9f00000, 0x00000000c9f00000, 0x00000000ca000000|  0%| F|  |TAMS 0x00000000c9f00000, 0x00000000c9f00000| Untracked 
| 160|0x00000000ca000000, 0x00000000ca000000, 0x00000000ca100000|  0%| F|  |TAMS 0x00000000ca000000, 0x00000000ca000000| Untracked 
| 161|0x00000000ca100000, 0x00000000ca100000, 0x00000000ca200000|  0%| F|  |TAMS 0x00000000ca100000, 0x00000000ca100000| Untracked 
| 162|0x00000000ca200000, 0x00000000ca200000, 0x00000000ca300000|  0%| F|  |TAMS 0x00000000ca200000, 0x00000000ca200000| Untracked 
| 163|0x00000000ca300000, 0x00000000ca300000, 0x00000000ca400000|  0%| F|  |TAMS 0x00000000ca300000, 0x00000000ca300000| Untracked 
| 164|0x00000000ca400000, 0x00000000ca400000, 0x00000000ca500000|  0%| F|  |TAMS 0x00000000ca400000, 0x00000000ca400000| Untracked 
| 165|0x00000000ca500000, 0x00000000ca500000, 0x00000000ca600000|  0%| F|  |TAMS 0x00000000ca500000, 0x00000000ca500000| Untracked 
| 166|0x00000000ca600000, 0x00000000ca600000, 0x00000000ca700000|  0%| F|  |TAMS 0x00000000ca600000, 0x00000000ca600000| Untracked 
| 167|0x00000000ca700000, 0x00000000ca700000, 0x00000000ca800000|  0%| F|  |TAMS 0x00000000ca700000, 0x00000000ca700000| Untracked 
| 168|0x00000000ca800000, 0x00000000ca800000, 0x00000000ca900000|  0%| F|  |TAMS 0x00000000ca800000, 0x00000000ca800000| Untracked 
| 169|0x00000000ca900000, 0x00000000ca900000, 0x00000000caa00000|  0%| F|  |TAMS 0x00000000ca900000, 0x00000000ca900000| Untracked 
| 170|0x00000000caa00000, 0x00000000caa00000, 0x00000000cab00000|  0%| F|  |TAMS 0x00000000caa00000, 0x00000000caa00000| Untracked 
| 171|0x00000000cab00000, 0x00000000cab00000, 0x00000000cac00000|  0%| F|  |TAMS 0x00000000cab00000, 0x00000000cab00000| Untracked 
| 172|0x00000000cac00000, 0x00000000cac00000, 0x00000000cad00000|  0%| F|  |TAMS 0x00000000cac00000, 0x00000000cac00000| Untracked 
| 173|0x00000000cad00000, 0x00000000cad00000, 0x00000000cae00000|  0%| F|  |TAMS 0x00000000cad00000, 0x00000000cad00000| Untracked 
| 174|0x00000000cae00000, 0x00000000cae00000, 0x00000000caf00000|  0%| F|  |TAMS 0x00000000cae00000, 0x00000000cae00000| Untracked 
| 175|0x00000000caf00000, 0x00000000caf00000, 0x00000000cb000000|  0%| F|  |TAMS 0x00000000caf00000, 0x00000000caf00000| Untracked 
| 176|0x00000000cb000000, 0x00000000cb000000, 0x00000000cb100000|  0%| F|  |TAMS 0x00000000cb000000, 0x00000000cb000000| Untracked 
| 177|0x00000000cb100000, 0x00000000cb100000, 0x00000000cb200000|  0%| F|  |TAMS 0x00000000cb100000, 0x00000000cb100000| Untracked 
| 178|0x00000000cb200000, 0x00000000cb200000, 0x00000000cb300000|  0%| F|  |TAMS 0x00000000cb200000, 0x00000000cb200000| Untracked 
| 179|0x00000000cb300000, 0x00000000cb300000, 0x00000000cb400000|  0%| F|  |TAMS 0x00000000cb300000, 0x00000000cb300000| Untracked 
| 180|0x00000000cb400000, 0x00000000cb400000, 0x00000000cb500000|  0%| F|  |TAMS 0x00000000cb400000, 0x00000000cb400000| Untracked 
| 181|0x00000000cb500000, 0x00000000cb500000, 0x00000000cb600000|  0%| F|  |TAMS 0x00000000cb500000, 0x00000000cb500000| Untracked 
| 182|0x00000000cb600000, 0x00000000cb600000, 0x00000000cb700000|  0%| F|  |TAMS 0x00000000cb600000, 0x00000000cb600000| Untracked 
| 183|0x00000000cb700000, 0x00000000cb700000, 0x00000000cb800000|  0%| F|  |TAMS 0x00000000cb700000, 0x00000000cb700000| Untracked 
| 184|0x00000000cb800000, 0x00000000cb800000, 0x00000000cb900000|  0%| F|  |TAMS 0x00000000cb800000, 0x00000000cb800000| Untracked 
| 185|0x00000000cb900000, 0x00000000cb900000, 0x00000000cba00000|  0%| F|  |TAMS 0x00000000cb900000, 0x00000000cb900000| Untracked 
| 186|0x00000000cba00000, 0x00000000cba00000, 0x00000000cbb00000|  0%| F|  |TAMS 0x00000000cba00000, 0x00000000cba00000| Untracked 
| 187|0x00000000cbb00000, 0x00000000cbb00000, 0x00000000cbc00000|  0%| F|  |TAMS 0x00000000cbb00000, 0x00000000cbb00000| Untracked 
| 188|0x00000000cbc00000, 0x00000000cbc00000, 0x00000000cbd00000|  0%| F|  |TAMS 0x00000000cbc00000, 0x00000000cbc00000| Untracked 
| 189|0x00000000cbd00000, 0x00000000cbd00000, 0x00000000cbe00000|  0%| F|  |TAMS 0x00000000cbd00000, 0x00000000cbd00000| Untracked 
| 190|0x00000000cbe00000, 0x00000000cbe00000, 0x00000000cbf00000|  0%| F|  |TAMS 0x00000000cbe00000, 0x00000000cbe00000| Untracked 
| 191|0x00000000cbf00000, 0x00000000cbf00000, 0x00000000cc000000|  0%| F|  |TAMS 0x00000000cbf00000, 0x00000000cbf00000| Untracked 
| 192|0x00000000cc000000, 0x00000000cc000000, 0x00000000cc100000|  0%| F|  |TAMS 0x00000000cc000000, 0x00000000cc000000| Untracked 
| 193|0x00000000cc100000, 0x00000000cc100000, 0x00000000cc200000|  0%| F|  |TAMS 0x00000000cc100000, 0x00000000cc100000| Untracked 
| 194|0x00000000cc200000, 0x00000000cc200000, 0x00000000cc300000|  0%| F|  |TAMS 0x00000000cc200000, 0x00000000cc200000| Untracked 
| 195|0x00000000cc300000, 0x00000000cc300000, 0x00000000cc400000|  0%| F|  |TAMS 0x00000000cc300000, 0x00000000cc300000| Untracked 
| 196|0x00000000cc400000, 0x00000000cc400000, 0x00000000cc500000|  0%| F|  |TAMS 0x00000000cc400000, 0x00000000cc400000| Untracked 
| 197|0x00000000cc500000, 0x00000000cc500000, 0x00000000cc600000|  0%| F|  |TAMS 0x00000000cc500000, 0x00000000cc500000| Untracked 
| 198|0x00000000cc600000, 0x00000000cc600000, 0x00000000cc700000|  0%| F|  |TAMS 0x00000000cc600000, 0x00000000cc600000| Untracked 
| 199|0x00000000cc700000, 0x00000000cc700000, 0x00000000cc800000|  0%| F|  |TAMS 0x00000000cc700000, 0x00000000cc700000| Untracked 
| 200|0x00000000cc800000, 0x00000000cc800000, 0x00000000cc900000|  0%| F|  |TAMS 0x00000000cc800000, 0x00000000cc800000| Untracked 
| 201|0x00000000cc900000, 0x00000000cc900000, 0x00000000cca00000|  0%| F|  |TAMS 0x00000000cc900000, 0x00000000cc900000| Untracked 
| 202|0x00000000cca00000, 0x00000000ccaa6380, 0x00000000ccb00000| 64%| E|  |TAMS 0x00000000cca00000, 0x00000000cca00000| Complete 
| 203|0x00000000ccb00000, 0x00000000ccc00000, 0x00000000ccc00000|100%| E|CS|TAMS 0x00000000ccb00000, 0x00000000ccb00000| Complete 
| 204|0x00000000ccc00000, 0x00000000ccd00000, 0x00000000ccd00000|100%| E|CS|TAMS 0x00000000ccc00000, 0x00000000ccc00000| Complete 
| 205|0x00000000ccd00000, 0x00000000cce00000, 0x00000000cce00000|100%| E|CS|TAMS 0x00000000ccd00000, 0x00000000ccd00000| Complete 
| 206|0x00000000cce00000, 0x00000000ccf00000, 0x00000000ccf00000|100%| E|CS|TAMS 0x00000000cce00000, 0x00000000cce00000| Complete 
| 207|0x00000000ccf00000, 0x00000000cd000000, 0x00000000cd000000|100%| E|CS|TAMS 0x00000000ccf00000, 0x00000000ccf00000| Complete 

Card table byte_map: [0x00000197580a0000,0x00000197582a0000] _byte_map_base: 0x0000019757aa0000

Marking Bits (Prev, Next): (CMBitMap*) 0x0000019741360250, (CMBitMap*) 0x0000019741360210
 Prev Bits: [0x00000197594a0000, 0x000001975a4a0000)
 Next Bits: [0x00000197584a0000, 0x00000197594a0000)

Polling page: 0x000001973f1b0000

Metaspace:

Usage:
  Non-class:     65.39 MB used.
      Class:     10.50 MB used.
       Both:     75.89 MB used.

Virtual space:
  Non-class space:      128.00 MB reserved,      65.81 MB ( 51%) committed,  2 nodes.
      Class space:      208.00 MB reserved,      10.94 MB (  5%) committed,  1 nodes.
             Both:      336.00 MB reserved,      76.75 MB ( 23%) committed. 

Chunk freelists:
   Non-Class:  14.06 MB
       Class:  5.11 MB
        Both:  19.17 MB

MaxMetaspaceSize: 256.00 MB
CompressedClassSpaceSize: 208.00 MB
Initial GC threshold: 21.00 MB
Current GC threshold: 118.25 MB
CDS: on
MetaspaceReclaimPolicy: balanced
 - commit_granule_bytes: 65536.
 - commit_granule_words: 8192.
 - virtual_space_node_default_size: 8388608.
 - enlarge_chunks_in_place: 1.
 - new_chunks_are_fully_committed: 0.
 - uncommit_free_chunks: 1.
 - use_allocation_guard: 0.
 - handle_deallocations: 1.


Internal statistics:

num_allocs_failed_limit: 6.
num_arena_births: 1074.
num_arena_deaths: 2.
num_vsnodes_births: 3.
num_vsnodes_deaths: 0.
num_space_committed: 1228.
num_space_uncommitted: 0.
num_chunks_returned_to_freelist: 9.
num_chunks_taken_from_freelist: 4402.
num_chunk_merges: 6.
num_chunk_splits: 2843.
num_chunks_enlarged: 1825.
num_inconsistent_stats: 0.

CodeHeap 'non-profiled nmethods': size=120000Kb used=5655Kb max_used=5665Kb free=114344Kb
 bounds [0x0000019750970000, 0x0000019750f00000, 0x0000019757ea0000]
CodeHeap 'profiled nmethods': size=120000Kb used=19632Kb max_used=19637Kb free=100368Kb
 bounds [0x0000019748ea0000, 0x000001974a1d0000, 0x00000197503d0000]
CodeHeap 'non-nmethods': size=5760Kb used=2382Kb max_used=2483Kb free=3377Kb
 bounds [0x00000197503d0000, 0x0000019750660000, 0x0000019750970000]
 total_blobs=10844 nmethods=9932 adapters=822
 compilation: enabled
              stopped_count=0, restarted_count=0
 full_count=0

Compilation events (20 events):
Event: 30.287 Thread 0x000001975c949470 10747       3       sun.security.util.DerInputStream::<init> (38 bytes)
Event: 30.288 Thread 0x000001975c949470 nmethod 10747 0x000001974a1c7e90 code [0x000001974a1c8040, 0x000001974a1c8218]
Event: 30.288 Thread 0x000001975c949470 10748       3       sun.security.util.DerValue::data (29 bytes)
Event: 30.288 Thread 0x000001975c949470 nmethod 10748 0x000001974a1c8310 code [0x000001974a1c84c0, 0x000001974a1c8688]
Event: 30.296 Thread 0x000001975c949470 10749 %     3       java.util.jar.Manifest$FastInputStream::readLine @ 86 (296 bytes)
Event: 30.297 Thread 0x000001975c949470 nmethod 10749% 0x000001974a1c8790 code [0x000001974a1c89c0, 0x000001974a1c9448]
Event: 30.297 Thread 0x000001975c949470 10750       3       java.util.jar.Manifest$FastInputStream::readLine (296 bytes)
Event: 30.298 Thread 0x000001975c949470 nmethod 10750 0x000001974a1c9810 code [0x000001974a1c9a40, 0x000001974a1ca2e8]
Event: 30.299 Thread 0x000001975c949470 10752       3       sun.security.util.DerValue::<init> (445 bytes)
Event: 30.300 Thread 0x000001975c949470 nmethod 10752 0x000001974a1ca690 code [0x000001974a1caaa0, 0x000001974a1cc498]
Event: 30.300 Thread 0x000001975c949470 10753       3       sun.security.util.DerInputStream::getDerValue (76 bytes)
Event: 30.301 Thread 0x000001975c949470 nmethod 10753 0x000001974a1ccd10 code [0x000001974a1ccec0, 0x000001974a1cd128]
Event: 30.301 Thread 0x000001975c949470 10754       1       sun.util.calendar.CalendarDate::getMonth (5 bytes)
Event: 30.301 Thread 0x000001975c949470 nmethod 10754 0x0000019750ef7e90 code [0x0000019750ef8020, 0x0000019750ef80f8]
Event: 30.304 Thread 0x000001975c949470 10755       3       sun.security.util.DerInputStream::available (10 bytes)
Event: 30.305 Thread 0x000001975c949470 nmethod 10755 0x000001974a1cd290 code [0x000001974a1cd420, 0x000001974a1cd538]
Event: 30.305 Thread 0x000001975c949470 10756       1       sun.util.calendar.CalendarDate::getDayOfMonth (5 bytes)
Event: 30.305 Thread 0x000001975c949470 nmethod 10756 0x0000019750ef8190 code [0x0000019750ef8320, 0x0000019750ef83f8]
Event: 30.305 Thread 0x000001975c949470 10757       1       sun.util.calendar.BaseCalendar$Date::getCachedJan1 (5 bytes)
Event: 30.305 Thread 0x000001975c949470 nmethod 10757 0x0000019750ef8490 code [0x0000019750ef8620, 0x0000019750ef86f8]

GC Heap History (20 events):
Event: 27.537 GC heap before
{Heap before GC invocations=32 (full 0):
 garbage-first heap   total 119808K, used 98076K [0x00000000c0000000, 0x0000000100000000)
  region size 1024K, 30 young (30720K), 3 survivors (3072K)
 Metaspace       used 69791K, committed 70592K, reserved 278528K
  class space    used 9919K, committed 10304K, reserved 212992K
}
Event: 27.548 GC heap after
{Heap after GC invocations=33 (full 0):
 garbage-first heap   total 119808K, used 74123K [0x00000000c0000000, 0x0000000100000000)
  region size 1024K, 4 young (4096K), 4 survivors (4096K)
 Metaspace       used 69791K, committed 70592K, reserved 278528K
  class space    used 9919K, committed 10304K, reserved 212992K
}
Event: 28.182 GC heap before
{Heap before GC invocations=34 (full 0):
 garbage-first heap   total 135168K, used 97675K [0x00000000c0000000, 0x0000000100000000)
  region size 1024K, 28 young (28672K), 4 survivors (4096K)
 Metaspace       used 70012K, committed 70848K, reserved 278528K
  class space    used 9918K, committed 10304K, reserved 212992K
}
Event: 28.188 GC heap after
{Heap after GC invocations=35 (full 0):
 garbage-first heap   total 135168K, used 75220K [0x00000000c0000000, 0x0000000100000000)
  region size 1024K, 2 young (2048K), 2 survivors (2048K)
 Metaspace       used 70012K, committed 70848K, reserved 278528K
  class space    used 9918K, committed 10304K, reserved 212992K
}
Event: 28.290 GC heap before
{Heap before GC invocations=35 (full 0):
 garbage-first heap   total 135168K, used 83412K [0x00000000c0000000, 0x0000000100000000)
  region size 1024K, 6 young (6144K), 2 survivors (2048K)
 Metaspace       used 70073K, committed 70912K, reserved 278528K
  class space    used 9927K, committed 10304K, reserved 212992K
}
Event: 28.294 GC heap after
{Heap after GC invocations=36 (full 0):
 garbage-first heap   total 135168K, used 82195K [0x00000000c0000000, 0x0000000100000000)
  region size 1024K, 1 young (1024K), 1 survivors (1024K)
 Metaspace       used 70073K, committed 70912K, reserved 278528K
  class space    used 9927K, committed 10304K, reserved 212992K
}
Event: 28.305 GC heap before
{Heap before GC invocations=36 (full 0):
 garbage-first heap   total 135168K, used 83219K [0x00000000c0000000, 0x0000000100000000)
  region size 1024K, 3 young (3072K), 1 survivors (1024K)
 Metaspace       used 70073K, committed 70912K, reserved 278528K
  class space    used 9927K, committed 10304K, reserved 212992K
}
Event: 28.307 GC heap after
{Heap after GC invocations=37 (full 0):
 garbage-first heap   total 135168K, used 83414K [0x00000000c0000000, 0x0000000100000000)
  region size 1024K, 3 young (3072K), 3 survivors (3072K)
 Metaspace       used 70073K, committed 70912K, reserved 278528K
  class space    used 9927K, committed 10304K, reserved 212992K
}
Event: 28.699 GC heap before
{Heap before GC invocations=38 (full 0):
 garbage-first heap   total 158720K, used 106966K [0x00000000c0000000, 0x0000000100000000)
  region size 1024K, 19 young (19456K), 3 survivors (3072K)
 Metaspace       used 70381K, committed 71232K, reserved 278528K
  class space    used 9972K, committed 10368K, reserved 212992K
}
Event: 28.705 GC heap after
{Heap after GC invocations=39 (full 0):
 garbage-first heap   total 158720K, used 94252K [0x00000000c0000000, 0x0000000100000000)
  region size 1024K, 3 young (3072K), 3 survivors (3072K)
 Metaspace       used 70381K, committed 71232K, reserved 278528K
  class space    used 9972K, committed 10368K, reserved 212992K
}
Event: 28.806 GC heap before
{Heap before GC invocations=39 (full 0):
 garbage-first heap   total 158720K, used 97324K [0x00000000c0000000, 0x0000000100000000)
  region size 1024K, 7 young (7168K), 3 survivors (3072K)
 Metaspace       used 70681K, committed 71488K, reserved 278528K
  class space    used 10016K, committed 10432K, reserved 212992K
}
Event: 28.812 GC heap after
{Heap after GC invocations=40 (full 0):
 garbage-first heap   total 158720K, used 94402K [0x00000000c0000000, 0x0000000100000000)
  region size 1024K, 1 young (1024K), 1 survivors (1024K)
 Metaspace       used 70681K, committed 71488K, reserved 278528K
  class space    used 10016K, committed 10432K, reserved 212992K
}
Event: 28.904 GC heap before
{Heap before GC invocations=40 (full 0):
 garbage-first heap   total 158720K, used 99522K [0x00000000c0000000, 0x0000000100000000)
  region size 1024K, 8 young (8192K), 1 survivors (1024K)
 Metaspace       used 71094K, committed 71872K, reserved 278528K
  class space    used 10050K, committed 10432K, reserved 212992K
}
Event: 28.906 GC heap after
{Heap after GC invocations=41 (full 0):
 garbage-first heap   total 158720K, used 94871K [0x00000000c0000000, 0x0000000100000000)
  region size 1024K, 1 young (1024K), 1 survivors (1024K)
 Metaspace       used 71094K, committed 71872K, reserved 278528K
  class space    used 10050K, committed 10432K, reserved 212992K
}
Event: 29.356 GC heap before
{Heap before GC invocations=42 (full 0):
 garbage-first heap   total 178176K, used 118423K [0x00000000c0000000, 0x0000000100000000)
  region size 1024K, 24 young (24576K), 1 survivors (1024K)
 Metaspace       used 73113K, committed 73920K, reserved 278528K
  class space    used 10269K, committed 10688K, reserved 212992K
}
Event: 29.359 GC heap after
{Heap after GC invocations=43 (full 0):
 garbage-first heap   total 178176K, used 96823K [0x00000000c0000000, 0x0000000100000000)
  region size 1024K, 2 young (2048K), 2 survivors (2048K)
 Metaspace       used 73113K, committed 73920K, reserved 278528K
  class space    used 10269K, committed 10688K, reserved 212992K
}
Event: 29.468 GC heap before
{Heap before GC invocations=43 (full 0):
 garbage-first heap   total 178176K, used 102967K [0x00000000c0000000, 0x0000000100000000)
  region size 1024K, 8 young (8192K), 2 survivors (2048K)
 Metaspace       used 73741K, committed 74560K, reserved 278528K
  class space    used 10340K, committed 10752K, reserved 212992K
}
Event: 29.472 GC heap after
{Heap after GC invocations=44 (full 0):
 garbage-first heap   total 178176K, used 96655K [0x00000000c0000000, 0x0000000100000000)
  region size 1024K, 1 young (1024K), 1 survivors (1024K)
 Metaspace       used 73741K, committed 74560K, reserved 278528K
  class space    used 10340K, committed 10752K, reserved 212992K
}
Event: 30.183 GC heap before
{Heap before GC invocations=44 (full 0):
 garbage-first heap   total 178176K, used 130447K [0x00000000c0000000, 0x0000000100000000)
  region size 1024K, 34 young (34816K), 1 survivors (1024K)
 Metaspace       used 76413K, committed 77248K, reserved 344064K
  class space    used 10615K, committed 11008K, reserved 212992K
}
Event: 30.187 GC heap after
{Heap after GC invocations=45 (full 0):
 garbage-first heap   total 212992K, used 98303K [0x00000000c0000000, 0x0000000100000000)
  region size 1024K, 2 young (2048K), 2 survivors (2048K)
 Metaspace       used 76413K, committed 77248K, reserved 344064K
  class space    used 10615K, committed 11008K, reserved 212992K
}

Dll operation events (15 events):
Event: 0.013 Loaded shared library C:\Program Files\Microsoft\jdk-17.0.18.8-hotspot\bin\java.dll
Event: 0.034 Loaded shared library C:\Program Files\Microsoft\jdk-17.0.18.8-hotspot\bin\jsvml.dll
Event: 0.116 Loaded shared library C:\Program Files\Microsoft\jdk-17.0.18.8-hotspot\bin\zip.dll
Event: 0.119 Loaded shared library C:\Program Files\Microsoft\jdk-17.0.18.8-hotspot\bin\instrument.dll
Event: 0.125 Loaded shared library C:\Program Files\Microsoft\jdk-17.0.18.8-hotspot\bin\net.dll
Event: 0.126 Loaded shared library C:\Program Files\Microsoft\jdk-17.0.18.8-hotspot\bin\nio.dll
Event: 0.131 Loaded shared library C:\Program Files\Microsoft\jdk-17.0.18.8-hotspot\bin\zip.dll
Event: 0.514 Loaded shared library C:\Program Files\Microsoft\jdk-17.0.18.8-hotspot\bin\jimage.dll
Event: 0.699 Loaded shared library C:\Program Files\Microsoft\jdk-17.0.18.8-hotspot\bin\verify.dll
Event: 0.993 Loaded shared library C:\Users\Administrator\.gradle\native\c067742578af261105cb4f569cf0c3c89f3d7b1fecec35dd04571415982c5e48\windows-amd64\native-platform.dll
Event: 1.006 Loaded shared library C:\Users\Administrator\.gradle\native\38dada09dfb8b06ba9b0570ebf7e218e3eb74d4ef43ca46872605cf95ebc2f47\windows-amd64\native-platform-file-events.dll
Event: 2.731 Loaded shared library C:\Program Files\Microsoft\jdk-17.0.18.8-hotspot\bin\management.dll
Event: 2.735 Loaded shared library C:\Program Files\Microsoft\jdk-17.0.18.8-hotspot\bin\management_ext.dll
Event: 3.040 Loaded shared library C:\Program Files\Microsoft\jdk-17.0.18.8-hotspot\bin\extnet.dll
Event: 3.443 Loaded shared library C:\Program Files\Microsoft\jdk-17.0.18.8-hotspot\bin\sunmscapi.dll

Deoptimization events (20 events):
Event: 30.216 Thread 0x000001975cbc0890 Uncommon trap: trap_request=0xffffff45 fr.pc=0x0000019750eef538 relative=0x00000000000062d8
Event: 30.216 Thread 0x000001975cbc0890 Uncommon trap: reason=unstable_if action=reinterpret pc=0x0000019750eef538 method=java.util.jar.JarFile.maybeInstantiateVerifier()V @ 27 c2
Event: 30.216 Thread 0x000001975cbc0890 DEOPT PACKING pc=0x0000019750eef538 sp=0x0000007cd3ff3a50
Event: 30.216 Thread 0x000001975cbc0890 DEOPT UNPACKING pc=0x00000197504269a3 sp=0x0000007cd3ff37e0 mode 2
Event: 30.295 Thread 0x000001975cbc0890 Uncommon trap: trap_request=0xffffff45 fr.pc=0x0000019750c27368 relative=0x00000000000001a8
Event: 30.295 Thread 0x000001975cbc0890 Uncommon trap: reason=unstable_if action=reinterpret pc=0x0000019750c27368 method=java.util.jar.Attributes$Name.hash(Ljava/lang/String;)I @ 96 c2
Event: 30.295 Thread 0x000001975cbc0890 DEOPT PACKING pc=0x0000019750c27368 sp=0x0000007cd3ff3190
Event: 30.295 Thread 0x000001975cbc0890 DEOPT UNPACKING pc=0x00000197504269a3 sp=0x0000007cd3ff3108 mode 2
Event: 30.296 Thread 0x000001975cbc0890 Uncommon trap: trap_request=0xffffff45 fr.pc=0x0000019750a0cf8c relative=0x000000000000064c
Event: 30.296 Thread 0x000001975cbc0890 Uncommon trap: reason=unstable_if action=reinterpret pc=0x0000019750a0cf8c method=java.util.jar.Manifest$FastInputStream.readLine([BII)I @ 130 c2
Event: 30.296 Thread 0x000001975cbc0890 DEOPT PACKING pc=0x0000019750a0cf8c sp=0x0000007cd3ff3150
Event: 30.296 Thread 0x000001975cbc0890 DEOPT UNPACKING pc=0x00000197504269a3 sp=0x0000007cd3ff30e0 mode 2
Event: 30.306 Thread 0x000001975cbc0890 Uncommon trap: trap_request=0xffffff45 fr.pc=0x0000019750b42870 relative=0x0000000000000150
Event: 30.306 Thread 0x000001975cbc0890 Uncommon trap: reason=unstable_if action=reinterpret pc=0x0000019750b42870 method=java.util.Arrays.hashCode([B)I @ 1 c2
Event: 30.306 Thread 0x000001975cbc0890 DEOPT PACKING pc=0x0000019750b42870 sp=0x0000007cd3ff3010
Event: 30.306 Thread 0x000001975cbc0890 DEOPT UNPACKING pc=0x00000197504269a3 sp=0x0000007cd3ff2f88 mode 2
Event: 30.311 Thread 0x000001975cbc0890 Uncommon trap: trap_request=0xffffff45 fr.pc=0x0000019750a3a624 relative=0x0000000000000084
Event: 30.311 Thread 0x000001975cbc0890 Uncommon trap: reason=unstable_if action=reinterpret pc=0x0000019750a3a624 method=java.lang.CharacterDataLatin1.isWhitespace(I)Z @ 14 c2
Event: 30.311 Thread 0x000001975cbc0890 DEOPT PACKING pc=0x0000019750a3a624 sp=0x0000007cd3ff2d30
Event: 30.311 Thread 0x000001975cbc0890 DEOPT UNPACKING pc=0x00000197504269a3 sp=0x0000007cd3ff2ca0 mode 2

Classes loaded (20 events):
Event: 30.314 Loading class jdk/internal/icu/impl/Norm2AllModes$NFKCSingleton
Event: 30.314 Loading class jdk/internal/icu/impl/Norm2AllModes$NFKCSingleton done
Event: 30.314 Loading class jdk/internal/icu/impl/Norm2AllModes$Norm2AllModesSingleton
Event: 30.314 Loading class jdk/internal/icu/impl/Norm2AllModes$Norm2AllModesSingleton done
Event: 30.315 Loading class jdk/internal/icu/impl/NormalizerImpl
Event: 30.316 Loading class jdk/internal/icu/impl/NormalizerImpl done
Event: 30.316 Loading class jdk/internal/icu/impl/NormalizerImpl$IsAcceptable
Event: 30.316 Loading class jdk/internal/icu/impl/ICUBinary$Authenticate
Event: 30.316 Loading class jdk/internal/icu/impl/ICUBinary$Authenticate done
Event: 30.316 Loading class jdk/internal/icu/impl/NormalizerImpl$IsAcceptable done
Event: 30.316 Loading class jdk/internal/icu/impl/ICUBinary
Event: 30.317 Loading class jdk/internal/icu/impl/ICUBinary done
Event: 30.317 Loading class jdk/internal/icu/impl/ICUBinary$1
Event: 30.317 Loading class jdk/internal/icu/impl/ICUBinary$1 done
Event: 30.319 Loading class jdk/internal/icu/util/VersionInfo
Event: 30.319 Loading class jdk/internal/icu/util/VersionInfo done
Event: 30.319 Loading class jdk/internal/icu/util/CodePointTrie$Fast16
Event: 30.320 Loading class jdk/internal/icu/util/CodePointTrie$Fast
Event: 30.320 Loading class jdk/internal/icu/util/CodePointTrie
Event: 30.320 Loading class jdk/internal/icu/util/CodePointMap

Classes unloaded (1 events):
Event: 27.698 Thread 0x000001975c91a5e0 Unloading class 0x000001975e9a0000 'java/lang/invoke/LambdaForm$DMH+0x000001975e9a0000'

Classes redefined (0 events):
No events

Internal exceptions (20 events):
Event: 28.520 Thread 0x000001975cbc0890 Exception <a 'java/lang/ClassNotFoundException'{0x00000000c96ba6f8}: org/gradle/api/internal/AbstractValidatingNamedDomainObjectContainerCustomizer> (0x00000000c96ba6f8) 
thrown [s\src\hotspot\share\classfile\systemDictionary.cpp, line 256]
Event: 28.532 Thread 0x000001975cbc0890 Exception <a 'java/lang/ClassNotFoundException'{0x00000000c96e31a8}: org/gradle/api/internal/artifacts/configurations/DefaultConfigurationContainerCustomizer> (0x00000000c96e31a8) 
thrown [s\src\hotspot\share\classfile\systemDictionary.cpp, line 256]
Event: 28.545 Thread 0x000001975cbc0890 Exception <a 'java/lang/ClassNotFoundException'{0x00000000c95b5b60}: org/gradle/api/internal/artifacts/configurations/DefaultConfigurationContainer_DecoratedCustomizer> (0x00000000c95b5b60) 
thrown [s\src\hotspot\share\classfile\systemDictionary.cpp, line 256]
Event: 28.572 Thread 0x000001975cbc0890 Exception <a 'java/lang/ClassNotFoundException'{0x00000000c94cd850}: build_a863rysowel9uvbogmqg0yxm9BeanInfo> (0x00000000c94cd850) 
thrown [s\src\hotspot\share\classfile\systemDictionary.cpp, line 256]
Event: 28.572 Thread 0x000001975cbc0890 Exception <a 'java/lang/ClassNotFoundException'{0x00000000c94d4290}: build_a863rysowel9uvbogmqg0yxm9Customizer> (0x00000000c94d4290) 
thrown [s\src\hotspot\share\classfile\systemDictionary.cpp, line 256]
Event: 28.621 Thread 0x000001975cbc0890 Exception <a 'java/lang/ClassNotFoundException'{0x00000000c920f598}: org/gradle/api/internal/plugins/DefaultObjectConfigurationActionBeanInfo> (0x00000000c920f598) 
thrown [s\src\hotspot\share\classfile\systemDictionary.cpp, line 256]
Event: 28.622 Thread 0x000001975cbc0890 Exception <a 'java/lang/ClassNotFoundException'{0x00000000c92237b0}: org/gradle/api/internal/plugins/DefaultObjectConfigurationActionCustomizer> (0x00000000c92237b0) 
thrown [s\src\hotspot\share\classfile\systemDictionary.cpp, line 256]
Event: 30.086 Thread 0x000001975cbc0890 Exception <a 'java/lang/ClassNotFoundException'{0x00000000c91e2fc8}: org/gradle/api/internal/artifacts/configurations/DefaultUnlockedConfiguration_DecoratedBeanInfo> (0x00000000c91e2fc8) 
thrown [s\src\hotspot\share\classfile\systemDictionary.cpp, line 256]
Event: 30.087 Thread 0x000001975cbc0890 Exception <a 'java/lang/ClassNotFoundException'{0x00000000c91f9060}: org/gradle/api/internal/artifacts/configurations/DefaultUnlockedConfigurationBeanInfo> (0x00000000c91f9060) 
thrown [s\src\hotspot\share\classfile\systemDictionary.cpp, line 256]
Event: 30.089 Thread 0x000001975cbc0890 Exception <a 'java/lang/ClassNotFoundException'{0x00000000c900f080}: org/gradle/api/internal/artifacts/configurations/DefaultConfigurationBeanInfo> (0x00000000c900f080) 
thrown [s\src\hotspot\share\classfile\systemDictionary.cpp, line 256]
Event: 30.090 Thread 0x000001975cbc0890 Exception <a 'java/lang/ClassNotFoundException'{0x00000000c9021578}: org/gradle/api/internal/file/AbstractFileCollectionBeanInfo> (0x00000000c9021578) 
thrown [s\src\hotspot\share\classfile\systemDictionary.cpp, line 256]
Event: 30.092 Thread 0x000001975cbc0890 Exception <a 'java/lang/ClassNotFoundException'{0x00000000c9033a40}: org/gradle/api/internal/file/AbstractFileCollectionCustomizer> (0x00000000c9033a40) 
thrown [s\src\hotspot\share\classfile\systemDictionary.cpp, line 256]
Event: 30.095 Thread 0x000001975cbc0890 Exception <a 'java/lang/ClassNotFoundException'{0x00000000c9062090}: org/gradle/api/internal/artifacts/configurations/DefaultConfigurationCustomizer> (0x00000000c9062090) 
thrown [s\src\hotspot\share\classfile\systemDictionary.cpp, line 256]
Event: 30.100 Thread 0x000001975cbc0890 Exception <a 'java/lang/ClassNotFoundException'{0x00000000c90fcec8}: org/gradle/api/internal/artifacts/configurations/DefaultUnlockedConfigurationCustomizer> (0x00000000c90fcec8) 
thrown [s\src\hotspot\share\classfile\systemDictionary.cpp, line 256]
Event: 30.102 Thread 0x000001975cbc0890 Exception <a 'java/lang/ClassNotFoundException'{0x00000000c8f21190}: org/gradle/api/internal/artifacts/configurations/DefaultUnlockedConfiguration_DecoratedCustomizer> (0x00000000c8f21190) 
thrown [s\src\hotspot\share\classfile\systemDictionary.cpp, line 256]
Event: 30.112 Thread 0x000001975cbc0890 Exception <a 'java/lang/ClassNotFoundException'{0x00000000c8ff92e0}: org/gradle/api/internal/artifacts/ivyservice/resolutionstrategy/DefaultResolutionStrategy_DecoratedBeanInfo> (0x00000000c8ff92e0) 
thrown [s\src\hotspot\share\classfile\systemDictionary.cpp, line 256]
Event: 30.114 Thread 0x000001975cbc0890 Exception <a 'java/lang/ClassNotFoundException'{0x00000000c8e116d0}: org/gradle/api/internal/artifacts/ivyservice/resolutionstrategy/DefaultResolutionStrategyBeanInfo> (0x00000000c8e116d0) 
thrown [s\src\hotspot\share\classfile\systemDictionary.cpp, line 256]
Event: 30.115 Thread 0x000001975cbc0890 Exception <a 'java/lang/ClassNotFoundException'{0x00000000c8e29858}: org/gradle/api/internal/artifacts/ivyservice/resolutionstrategy/DefaultResolutionStrategyCustomizer> (0x00000000c8e29858) 
thrown [s\src\hotspot\share\classfile\systemDictionary.cpp, line 256]
Event: 30.118 Thread 0x000001975cbc0890 Exception <a 'java/lang/ClassNotFoundException'{0x00000000c8e73218}: org/gradle/api/internal/artifacts/ivyservice/resolutionstrategy/DefaultResolutionStrategy_DecoratedCustomizer> (0x00000000c8e73218) 
thrown [s\src\hotspot\share\classfile\systemDictionary.cpp, line 256]
Event: 30.306 Thread 0x000001975cbc0890 Implicit null exception at 0x0000019750b4272c to 0x0000019750b42862

VM Operations (20 events):
Event: 28.552 Executing VM operation: G1PauseCleanup
Event: 28.552 Executing VM operation: G1PauseCleanup done
Event: 28.699 Executing VM operation: G1CollectForAllocation
Event: 28.705 Executing VM operation: G1CollectForAllocation done
Event: 28.806 Executing VM operation: G1CollectForAllocation
Event: 28.812 Executing VM operation: G1CollectForAllocation done
Event: 28.904 Executing VM operation: G1TryInitiateConcMark
Event: 28.906 Executing VM operation: G1TryInitiateConcMark done
Event: 29.063 Executing VM operation: G1PauseRemark
Event: 29.069 Executing VM operation: G1PauseRemark done
Event: 29.146 Executing VM operation: G1PauseCleanup
Event: 29.146 Executing VM operation: G1PauseCleanup done
Event: 29.356 Executing VM operation: G1CollectForAllocation
Event: 29.359 Executing VM operation: G1CollectForAllocation done
Event: 29.468 Executing VM operation: G1CollectForAllocation
Event: 29.472 Executing VM operation: G1CollectForAllocation done
Event: 30.182 Executing VM operation: G1CollectForAllocation
Event: 30.187 Executing VM operation: G1CollectForAllocation done
Event: 30.237 Executing VM operation: HandshakeAllThreads
Event: 30.237 Executing VM operation: HandshakeAllThreads done

Memory protections (0 events):
No events

Nmethod flushes (20 events):
Event: 13.885 Thread 0x000001975c96e590 flushing  nmethod 0x000001974961d510
Event: 13.886 Thread 0x000001975c96e590 flushing  nmethod 0x0000019749690610
Event: 13.886 Thread 0x000001975c96e590 flushing  nmethod 0x00000197496d5010
Event: 13.886 Thread 0x000001975c96e590 flushing  nmethod 0x00000197496e2890
Event: 13.886 Thread 0x000001975c96e590 flushing  nmethod 0x0000019749711710
Event: 13.886 Thread 0x000001975c96e590 flushing  nmethod 0x0000019749737410
Event: 13.887 Thread 0x000001975c96e590 flushing  nmethod 0x0000019749796c90
Event: 13.887 Thread 0x000001975c96e590 flushing  nmethod 0x00000197497cc010
Event: 13.887 Thread 0x000001975c96e590 flushing  nmethod 0x00000197497f2990
Event: 13.887 Thread 0x000001975c96e590 flushing  nmethod 0x00000197497fac90
Event: 13.887 Thread 0x000001975c96e590 flushing  nmethod 0x0000019749802710
Event: 13.887 Thread 0x000001975c96e590 flushing  nmethod 0x0000019749802f90
Event: 13.887 Thread 0x000001975c96e590 flushing  nmethod 0x0000019749803290
Event: 13.887 Thread 0x000001975c96e590 flushing  nmethod 0x000001974980a910
Event: 13.887 Thread 0x000001975c96e590 flushing  nmethod 0x0000019749811410
Event: 22.916 Thread 0x000001975c96e590 flushing  nmethod 0x0000019750b35d90
Event: 22.916 Thread 0x000001975c96e590 flushing  nmethod 0x0000019750b5b490
Event: 22.917 Thread 0x000001975c96e590 flushing  nmethod 0x0000019750bd3090
Event: 22.917 Thread 0x000001975c96e590 flushing  nmethod 0x0000019750beab10
Event: 22.919 Thread 0x000001975c96e590 flushing  nmethod 0x000001974919a110

Events (20 events):
Event: 25.950 Thread 0x000001975cbc0890 Thread added: 0x000001976f1d58b0
Event: 25.951 Thread 0x000001975cbc0890 Thread added: 0x000001976f1d67e0
Event: 25.951 Thread 0x000001975cbc0890 Thread added: 0x000001976f1d5dc0
Event: 26.056 Thread 0x000001975cbc0890 Thread added: 0x000001976f1d8130
Event: 26.350 Thread 0x000001975cbc0890 Thread added: 0x000001976f1da4a0
Event: 26.370 Thread 0x000001975cbc0890 Thread added: 0x000001976f1d4980
Event: 26.734 Thread 0x0000019772169710 Thread added: 0x000001976f1d3030
Event: 26.734 Thread 0x0000019772169710 Thread added: 0x000001976f1d7c20
Event: 26.734 Thread 0x0000019772169710 Thread added: 0x000001976f1d3540
Event: 26.760 Thread 0x0000019772169710 Thread added: 0x000001976f1d3a50
Event: 26.763 Thread 0x0000019772169710 Thread added: 0x000001976f1d8b50
Event: 26.764 Thread 0x0000019772169710 Thread added: 0x0000019771cb7010
Event: 27.504 Thread 0x000001975cbc0890 Thread added: 0x0000019771cb7520
Event: 27.505 Thread 0x000001975cbc0890 Thread added: 0x0000019771cb7a30
Event: 27.505 Thread 0x000001975cbc0890 Thread added: 0x0000019771cba2b0
Event: 27.656 Thread 0x000001975cbc0890 Thread added: 0x0000019771cb9380
Event: 27.657 Thread 0x000001975cbc0890 Thread added: 0x0000019771cb8e70
Event: 27.659 Thread 0x000001975cbc0890 Thread added: 0x0000019771cb8450
Event: 28.196 Thread 0x000001975cbc0890 Thread added: 0x0000019771cb9890
Event: 29.007 Thread 0x000001976fd6e000 Thread exited: 0x000001976fd6e000


Dynamic libraries:
0x00007ff7fd240000 - 0x00007ff7fd24e000 	C:\Program Files\Microsoft\jdk-17.0.18.8-hotspot\bin\java.exe
0x00007ffcedbf0000 - 0x00007ffcedde8000 	C:\Windows\SYSTEM32\ntdll.dll
0x00007ffceda00000 - 0x00007ffcedac2000 	C:\Windows\System32\KERNEL32.DLL
0x00007ffceb880000 - 0x00007ffcebb76000 	C:\Windows\System32\KERNELBASE.dll
0x00007ffceb400000 - 0x00007ffceb500000 	C:\Windows\System32\ucrtbase.dll
0x00007ffce1e50000 - 0x00007ffce1e68000 	C:\Program Files\Microsoft\jdk-17.0.18.8-hotspot\bin\jli.dll
0x00007ffcd5d40000 - 0x00007ffcd5d5e000 	C:\Program Files\Microsoft\jdk-17.0.18.8-hotspot\bin\VCRUNTIME140.dll
0x00007ffcecb70000 - 0x00007ffcecd11000 	C:\Windows\System32\USER32.dll
0x00007ffceb3d0000 - 0x00007ffceb3f2000 	C:\Windows\System32\win32u.dll
0x00007ffced940000 - 0x00007ffced96b000 	C:\Windows\System32\GDI32.dll
0x00007ffcd5770000 - 0x00007ffcd5a0b000 	C:\Windows\WinSxS\amd64_microsoft.windows.common-controls_6595b64144ccf1df_6.0.19041.6456_none_60b8a6cb71f64256\COMCTL32.dll
0x00007ffceb2b0000 - 0x00007ffceb3c9000 	C:\Windows\System32\gdi32full.dll
0x00007ffceb680000 - 0x00007ffceb71d000 	C:\Windows\System32\msvcp_win.dll
0x00007ffced8a0000 - 0x00007ffced93e000 	C:\Windows\System32\msvcrt.dll
0x00007ffcecd20000 - 0x00007ffcecd4f000 	C:\Windows\System32\IMM32.DLL
0x00007ffce3630000 - 0x00007ffce363c000 	C:\Program Files\Microsoft\jdk-17.0.18.8-hotspot\bin\vcruntime140_1.dll
0x00007ffcc3f30000 - 0x00007ffcc3fb9000 	C:\Program Files\Microsoft\jdk-17.0.18.8-hotspot\bin\msvcp140.dll
0x00007ffc8ca70000 - 0x00007ffc8d6ea000 	C:\Program Files\Microsoft\jdk-17.0.18.8-hotspot\bin\server\jvm.dll
0x00007ffcec280000 - 0x00007ffcec331000 	C:\Windows\System32\ADVAPI32.dll
0x00007ffcecab0000 - 0x00007ffcecb4f000 	C:\Windows\System32\sechost.dll
0x00007ffced5d0000 - 0x00007ffced6f0000 	C:\Windows\System32\RPCRT4.dll
0x00007ffceb280000 - 0x00007ffceb2a7000 	C:\Windows\System32\bcrypt.dll
0x00007ffcecd50000 - 0x00007ffcecdbb000 	C:\Windows\System32\WS2_32.dll
0x00007ffceb0e0000 - 0x00007ffceb12b000 	C:\Windows\SYSTEM32\POWRPROF.dll
0x00007ffcd1870000 - 0x00007ffcd1897000 	C:\Windows\SYSTEM32\WINMM.dll
0x00007ffcd5fe0000 - 0x00007ffcd5fea000 	C:\Windows\SYSTEM32\VERSION.dll
0x00007ffceb0c0000 - 0x00007ffceb0d2000 	C:\Windows\SYSTEM32\UMPDC.dll
0x00007ffce9ae0000 - 0x00007ffce9af2000 	C:\Windows\SYSTEM32\kernel.appcore.dll
0x00007ffce1e00000 - 0x00007ffce1e0a000 	C:\Program Files\Microsoft\jdk-17.0.18.8-hotspot\bin\jimage.dll
0x00007ffce4fa0000 - 0x00007ffce51a1000 	C:\Windows\SYSTEM32\DBGHELP.DLL
0x00007ffcd0a90000 - 0x00007ffcd0ac4000 	C:\Windows\SYSTEM32\dbgcore.DLL
0x00007ffcebb80000 - 0x00007ffcebc02000 	C:\Windows\System32\bcryptPrimitives.dll
0x00007ffce35e0000 - 0x00007ffce35ef000 	C:\Program Files\Microsoft\jdk-17.0.18.8-hotspot\bin\instrument.dll
0x00007ffcc6300000 - 0x00007ffcc6326000 	C:\Program Files\Microsoft\jdk-17.0.18.8-hotspot\bin\java.dll
0x00007ffc9d6b0000 - 0x00007ffc9d786000 	C:\Program Files\Microsoft\jdk-17.0.18.8-hotspot\bin\jsvml.dll
0x00007ffcec340000 - 0x00007ffcecab0000 	C:\Windows\System32\SHELL32.dll
0x00007ffce8ca0000 - 0x00007ffce9445000 	C:\Windows\SYSTEM32\windows.storage.dll
0x00007ffced270000 - 0x00007ffced5c4000 	C:\Windows\System32\combase.dll
0x00007ffceac40000 - 0x00007ffceac6b000 	C:\Windows\SYSTEM32\Wldp.dll
0x00007ffcebc10000 - 0x00007ffcebcdd000 	C:\Windows\System32\OLEAUT32.dll
0x00007ffcecec0000 - 0x00007ffcecf6d000 	C:\Windows\System32\SHCORE.dll
0x00007ffcedad0000 - 0x00007ffcedb2b000 	C:\Windows\System32\shlwapi.dll
0x00007ffceb1b0000 - 0x00007ffceb1d4000 	C:\Windows\SYSTEM32\profapi.dll
0x00007ffcc4730000 - 0x00007ffcc4748000 	C:\Program Files\Microsoft\jdk-17.0.18.8-hotspot\bin\zip.dll
0x00007ffcc4770000 - 0x00007ffcc478b000 	C:\Program Files\Microsoft\jdk-17.0.18.8-hotspot\bin\net.dll
0x00007ffcd8a30000 - 0x00007ffcd8b3a000 	C:\Windows\SYSTEM32\WINHTTP.dll
0x00007ffcea9a0000 - 0x00007ffceaa0a000 	C:\Windows\system32\mswsock.dll
0x00007ffcc4750000 - 0x00007ffcc4766000 	C:\Program Files\Microsoft\jdk-17.0.18.8-hotspot\bin\nio.dll
0x00007ffce1db0000 - 0x00007ffce1dc0000 	C:\Program Files\Microsoft\jdk-17.0.18.8-hotspot\bin\verify.dll
0x00007ffcbb350000 - 0x00007ffcbb377000 	C:\Users\Administrator\.gradle\native\c067742578af261105cb4f569cf0c3c89f3d7b1fecec35dd04571415982c5e48\windows-amd64\native-platform.dll
0x00007ffcb89b0000 - 0x00007ffcb8af4000 	C:\Users\Administrator\.gradle\native\38dada09dfb8b06ba9b0570ebf7e218e3eb74d4ef43ca46872605cf95ebc2f47\windows-amd64\native-platform-file-events.dll
0x00007ffce0080000 - 0x00007ffce008a000 	C:\Program Files\Microsoft\jdk-17.0.18.8-hotspot\bin\management.dll
0x00007ffcd5d10000 - 0x00007ffcd5d1c000 	C:\Program Files\Microsoft\jdk-17.0.18.8-hotspot\bin\management_ext.dll
0x00007ffcec150000 - 0x00007ffcec158000 	C:\Windows\System32\PSAPI.DLL
0x00007ffceab90000 - 0x00007ffceaba8000 	C:\Windows\SYSTEM32\CRYPTSP.dll
0x00007ffcea2c0000 - 0x00007ffcea2f8000 	C:\Windows\system32\rsaenh.dll
0x00007ffceb170000 - 0x00007ffceb19e000 	C:\Windows\SYSTEM32\USERENV.dll
0x00007ffceabb0000 - 0x00007ffceabbc000 	C:\Windows\SYSTEM32\CRYPTBASE.dll
0x00007ffcea680000 - 0x00007ffcea6bb000 	C:\Windows\SYSTEM32\IPHLPAPI.DLL
0x00007ffcecea0000 - 0x00007ffcecea8000 	C:\Windows\System32\NSI.dll
0x00007ffcdcdd0000 - 0x00007ffcdcde7000 	C:\Windows\SYSTEM32\dhcpcsvc6.DLL
0x00007ffcdefa0000 - 0x00007ffcdefbd000 	C:\Windows\SYSTEM32\dhcpcsvc.DLL
0x00007ffcea6c0000 - 0x00007ffcea78a000 	C:\Windows\SYSTEM32\DNSAPI.dll
0x00007ffcd4460000 - 0x00007ffcd4469000 	C:\Program Files\Microsoft\jdk-17.0.18.8-hotspot\bin\extnet.dll
0x00007ffce35d0000 - 0x00007ffce35de000 	C:\Program Files\Microsoft\jdk-17.0.18.8-hotspot\bin\sunmscapi.dll
0x00007ffceb720000 - 0x00007ffceb87d000 	C:\Windows\System32\CRYPT32.dll
0x00007ffceacb0000 - 0x00007ffceacd7000 	C:\Windows\SYSTEM32\ncrypt.dll
0x00007ffceac70000 - 0x00007ffceacab000 	C:\Windows\SYSTEM32\NTASN1.dll
0x00007ffcbb3a0000 - 0x00007ffcbb3a7000 	C:\Windows\system32\wshunix.dll
0x00007ffccc7a0000 - 0x00007ffccc7b7000 	C:\Windows\system32\napinsp.dll
0x00007ffcc90f0000 - 0x00007ffcc910b000 	C:\Windows\system32\pnrpnsp.dll
0x00007ffce4370000 - 0x00007ffce438d000 	C:\Windows\system32\wshbth.dll
0x00007ffce34e0000 - 0x00007ffce34fd000 	C:\Windows\system32\NLAapi.dll
0x00007ffcc94d0000 - 0x00007ffcc94e2000 	C:\Windows\System32\winrnr.dll
0x00007ffcd38d0000 - 0x00007ffcd38da000 	C:\Windows\System32\rasadhlp.dll
0x00007ffcd4ec0000 - 0x00007ffcd4f40000 	C:\Windows\System32\fwpuclnt.dll

dbghelp: loaded successfully - version: 4.0.5 - missing functions: none
symbol engine: initialized successfully - sym options: 0x614 - pdb path: .;C:\Program Files\Microsoft\jdk-17.0.18.8-hotspot\bin;C:\Windows\SYSTEM32;C:\Windows\WinSxS\amd64_microsoft.windows.common-controls_6595b64144ccf1df_6.0.19041.6456_none_60b8a6cb71f64256;C:\Program Files\Microsoft\jdk-17.0.18.8-hotspot\bin\server;C:\Users\Administrator\.gradle\native\c067742578af261105cb4f569cf0c3c89f3d7b1fecec35dd04571415982c5e48\windows-amd64;C:\Users\Administrator\.gradle\native\38dada09dfb8b06ba9b0570ebf7e218e3eb74d4ef43ca46872605cf95ebc2f47\windows-amd64

VM Arguments:
jvm_args: -XX:MaxMetaspaceSize=256m --add-opens=java.base/java.util=ALL-UNNAMED --add-opens=java.base/java.lang=ALL-UNNAMED --add-opens=java.base/java.lang.invoke=ALL-UNNAMED --add-opens=java.prefs/java.util.prefs=ALL-UNNAMED --add-opens=java.base/java.nio.charset=ALL-UNNAMED --add-opens=java.base/java.net=ALL-UNNAMED --add-opens=java.base/java.util.concurrent.atomic=ALL-UNNAMED -Xmx1024m -Dfile.encoding=windows-1252 -Duser.country=US -Duser.language=en -Duser.variant -javaagent:C:\Users\Administrator\.gradle\wrapper\dists\gradle-8.7-all\aan3ydargesu18aqyqjwhr3pc\gradle-8.7\lib\agents\gradle-instrumentation-agent-8.7.jar 
java_command: org.gradle.launcher.daemon.bootstrap.GradleDaemon 8.7
java_class_path (initial): C:\Users\Administrator\.gradle\wrapper\dists\gradle-8.7-all\aan3ydargesu18aqyqjwhr3pc\gradle-8.7\lib\gradle-launcher-8.7.jar
Launcher Type: SUN_STANDARD

[Global flags]
     intx CICompilerCount                          = 3                                         {product} {ergonomic}
   size_t CompressedClassSpaceSize                 = 218103808                                 {product} {ergonomic}
     uint ConcGCThreads                            = 1                                         {product} {ergonomic}
     uint G1ConcRefinementThreads                  = 4                                         {product} {ergonomic}
   size_t G1HeapRegionSize                         = 1048576                                   {product} {ergonomic}
    uintx GCDrainStackTargetSize                   = 64                                        {product} {ergonomic}
   size_t InitialHeapSize                          = 130023424                                 {product} {ergonomic}
   size_t MarkStackSize                            = 4194304                                   {product} {ergonomic}
   size_t MaxHeapSize                              = 1073741824                                {product} {command line}
   size_t MaxMetaspaceSize                         = 268435456                                 {product} {command line}
   size_t MaxNewSize                               = 643825664                                 {product} {ergonomic}
   size_t MinHeapDeltaBytes                        = 1048576                                   {product} {ergonomic}
   size_t MinHeapSize                              = 8388608                                   {product} {ergonomic}
    uintx NonNMethodCodeHeapSize                   = 5832780                                {pd product} {ergonomic}
    uintx NonProfiledCodeHeapSize                  = 122912730                              {pd product} {ergonomic}
    uintx ProfiledCodeHeapSize                     = 122912730                              {pd product} {ergonomic}
    uintx ReservedCodeCacheSize                    = 251658240                              {pd product} {ergonomic}
     bool SegmentedCodeCache                       = true                                      {product} {ergonomic}
   size_t SoftMaxHeapSize                          = 1073741824                             {manageable} {ergonomic}
     bool UseCompressedClassPointers               = true                           {product lp64_product} {ergonomic}
     bool UseCompressedOops                        = true                           {product lp64_product} {ergonomic}
     bool UseG1GC                                  = true                                      {product} {ergonomic}
     bool UseLargePagesIndividualAllocation        = false                                  {pd product} {ergonomic}

Logging:
Log output configuration:
 #0: stdout all=warning uptime,level,tags
 #1: stderr all=off uptime,level,tags

Environment Variables:
JAVA_HOME=C:\Program Files\Microsoft\jdk-17.0.18.8-hotspot
PATH=C:\Program Files\Eclipse Adoptium\jdk-17.0.18.8-hotspot\bin;C:\Program Files\Eclipse Adoptium\jdk-25.0.2.10-hotspot\bin;C:\Program Files\Eclipse Adoptium\jdk-11.0.19.7-hotspot\bin;C:\Windows\system32;C:\Windows;C:\Windows\System32\Wbem;C:\Windows\System32\WindowsPowerShell\v1.0\;C:\Windows\System32\OpenSSH\;C:\Program Files\Git\cmd;E:\;C:\Users\Administrator\Downloads\platform-tools;C:\Users\Administrator\AppData\Local\Android\Sdk\tools;C:\Users\Administrator\AppData\Local\Programs\Python\Python314\Scripts\;C:\Users\Administrator\AppData\Local\Programs\Python\Python314\;C:\Users\Administrator\AppData\Local\Microsoft\WindowsApps;E:\Antigravity\bin;E:\Microsoft VS Code\bin;C:\Users\Administrator\AppData\Roaming\npm;C:\Users\Administrator\AppData\Local\Android\Sdk\platform-tools;C:\Users\Administrator\AppData\Local\Android\Sdk\emulator;c:\Users\Administrator\.antigravity\extensions\vscjava.vscode-java-debug-0.58.5-universal\bundled\scripts\noConfigScripts;c:\Users\Administrator\.antigravity\extensions\d-biehl.robotcode-2.2.0-universal\bundled\scripts
USERNAME=Administrator
LANG=en_US.UTF-8
OS=Windows_NT
PROCESSOR_IDENTIFIER=Intel64 Family 6 Model 142 Stepping 9, GenuineIntel
TMP=C:\Users\ADMINI~1\AppData\Local\Temp
TEMP=C:\Users\ADMINI~1\AppData\Local\Temp



Periodic native trim disabled


---------------  S Y S T E M  ---------------

OS:
 Windows 10 , 64 bit Build 19041 (10.0.19041.5915)
OS uptime: 0 days 20:28 hours

CPU: total 4 (initial active 4) (2 cores per cpu, 2 threads per core) family 6 model 142 stepping 9 microcode 0xd6, cx8, cmov, fxsr, ht, mmx, 3dnowpref, sse, sse2, sse3, ssse3, sse4.1, sse4.2, popcnt, lzcnt, tsc, tscinvbit, avx, avx2, aes, erms, clmul, bmi1, bmi2, adx, fma, vzeroupper, clflush, clflushopt
Processor Information for the first 4 processors :
  Max Mhz: 2712, Current Mhz: 2511, Mhz Limit: 2495

Memory: 4k page, system-wide physical 7843M (367M free)
TotalPageFile size 17730M (AvailPageFile size 2M)
current process WorkingSet (physical memory assigned to process): 412M, peak: 412M
current process commit charge ("private bytes"): 480M, peak: 481M

vm_info: OpenJDK 64-Bit Server VM (17.0.18+8-LTS) for windows-amd64 JRE (17.0.18+8-LTS), built on Jan 15 2026 18:50:45 by "MicrosoftCorporation" with MS VC++ 17.14 (VS2022)

END.
