#
# There is insufficient memory for the Java Runtime Environment to continue.
# Native memory allocation (mmap) failed to map 87031808 bytes. Error detail: G1 virtual space
# Possible reasons:
#   The system is out of physical RAM or swap space
#   This process is running with CompressedOops enabled, and the Java Heap may be blocking the growth of the native heap
# Possible solutions:
#   Reduce memory load on the system
#   Increase physical memory or swap space
#   Check if swap backing store is full
#   Decrease Java heap size (-Xmx/-Xms)
#   Decrease number of Java threads
#   Decrease Java thread stack sizes (-Xss)
#   Set larger code cache with -XX:ReservedCodeCacheSize=
#   JVM is running with Unscaled Compressed Oops mode in which the Java heap is
#     placed in the first 4GB address space. The Java Heap base address is the
#     maximum limit for the native heap growth. Please use -XX:HeapBaseMinAddress
#     to set the Java Heap base and to place the Java Heap above 4GB virtual address.
# This output file may be truncated or incomplete.
#
#  Out of Memory Error (os_windows.cpp:3690), pid=11440, tid=7248
#
# JRE version: OpenJDK Runtime Environment Microsoft-13106358 (17.0.18+8) (build 17.0.18+8-LTS)
# Java VM: OpenJDK 64-Bit Server VM Microsoft-13106358 (17.0.18+8-LTS, mixed mode, sharing, tiered, compressed oops, compressed class ptrs, g1 gc, windows-amd64)
# No core dump will be written. Minidumps are not enabled by default on client versions of Windows
#

---------------  S U M M A R Y ------------

Command Line: -XX:MaxMetaspaceSize=256m --add-opens=java.base/java.util=ALL-UNNAMED --add-opens=java.base/java.lang=ALL-UNNAMED --add-opens=java.base/java.lang.invoke=ALL-UNNAMED --add-opens=java.prefs/java.util.prefs=ALL-UNNAMED --add-opens=java.base/java.nio.charset=ALL-UNNAMED --add-opens=java.base/java.net=ALL-UNNAMED --add-opens=java.base/java.util.concurrent.atomic=ALL-UNNAMED -Xmx1024m -Dfile.encoding=windows-1252 -Duser.country=US -Duser.language=en -Duser.variant -javaagent:C:\Users\Administrator\.gradle\wrapper\dists\gradle-8.7-all\aan3ydargesu18aqyqjwhr3pc\gradle-8.7\lib\agents\gradle-instrumentation-agent-8.7.jar org.gradle.launcher.daemon.bootstrap.GradleDaemon 8.7

Host: Intel(R) Core(TM) i5-7200U CPU @ 2.50GHz, 4 cores, 7G,  Windows 10 , 64 bit Build 19041 (10.0.19041.5915)
Time: Sat Mar 14 18:07:52 2026 Egypt Standard Time elapsed time: 58.469874 seconds (0d 0h 0m 58s)

---------------  T H R E A D  ---------------

Current thread (0x000001f7284014a0):  VMThread "VM Thread" [stack: 0x000000667ff00000,0x0000006680000000] [id=7248]

Stack: [0x000000667ff00000,0x0000006680000000]
Native frames: (J=compiled Java code, j=interpreted, Vv=VM code, C=native code)
V  [jvm.dll+0x68c879]  (no source info available)
V  [jvm.dll+0x845979]  (no source info available)
V  [jvm.dll+0x8476e8]  (no source info available)
V  [jvm.dll+0x847d73]  (no source info available)
V  [jvm.dll+0x24cf6f]  (no source info available)
V  [jvm.dll+0x68bc79]  (no source info available)
V  [jvm.dll+0x68023a]  (no source info available)
V  [jvm.dll+0x3101a0]  (no source info available)
V  [jvm.dll+0x310042]  (no source info available)
V  [jvm.dll+0x317599]  (no source info available)
V  [jvm.dll+0x369999]  (no source info available)
V  [jvm.dll+0x369bcd]  (no source info available)
V  [jvm.dll+0x2e69aa]  (no source info available)
V  [jvm.dll+0x2e9a28]  (no source info available)
V  [jvm.dll+0x2f4154]  (no source info available)
V  [jvm.dll+0x32913d]  (no source info available)
V  [jvm.dll+0x84c5fd]  (no source info available)
V  [jvm.dll+0x84d313]  (no source info available)
V  [jvm.dll+0x84d844]  (no source info available)
V  [jvm.dll+0x84dc28]  (no source info available)
V  [jvm.dll+0x84dd1e]  (no source info available)
V  [jvm.dll+0x7f5ebc]  (no source info available)
V  [jvm.dll+0x68de17]  (no source info available)
C  [ucrtbase.dll+0x21bb2]  (no source info available)
C  [KERNEL32.DLL+0x17374]  (no source info available)
C  [ntdll.dll+0x4cc91]  (no source info available)

VM_Operation (0x000000667fbffb90): G1PauseRemark, mode: safepoint, requested by thread 0x000001f70ce54dd0


---------------  P R O C E S S  ---------------

Threads class SMR info:
_java_thread_list=0x000001f73f726c10, length=93, elements={
0x000001f70ce10170, 0x000001f728406ac0, 0x000001f728407850, 0x000001f72841e6f0,
0x000001f7284220e0, 0x000001f7284249c0, 0x000001f728425290, 0x000001f728425e90,
0x000001f728426ff0, 0x000001f72845c840, 0x000001f7284ff6f0, 0x000001f7285b9c00,
0x000001f73c5d6c30, 0x000001f73c995a70, 0x000001f73d4b4e70, 0x000001f73d562030,
0x000001f73c377ea0, 0x000001f73c3dd460, 0x000001f73bc49a80, 0x000001f73bdd0020,
0x000001f73bdd1e80, 0x000001f73bdd1460, 0x000001f73bdd28a0, 0x000001f73bdd32c0,
0x000001f73bdd0f50, 0x000001f73bdd37d0, 0x000001f73bdd2390, 0x000001f73bdd0530,
0x000001f73bdd0a40, 0x000001f73bdd1970, 0x000001f73df7cb30, 0x000001f73df7a2b0,
0x000001f73df7eea0, 0x000001f73df7acd0, 0x000001f73df7b1e0, 0x000001f73df78e70,
0x000001f73df78450, 0x000001f73df7df70, 0x000001f73df79890, 0x000001f73df7f3b0,
0x000001f73df7b6f0, 0x000001f73df7bc00, 0x000001f73df7da60, 0x000001f73df7e480,
0x000001f73df7e990, 0x000001f73df79380, 0x000001f73df7c620, 0x000001f73df7f8c0,
0x000001f73df78960, 0x000001f73b7c8f90, 0x000001f73b7cc230, 0x000001f73b7ce090,
0x000001f73b7ca8e0, 0x000001f73b7ce5a0, 0x000001f73b7cb810, 0x000001f73b7ca3d0,
0x000001f73b7c7130, 0x000001f73b7c9ec0, 0x000001f73b7ceab0, 0x000001f73b7c7b50,
0x000001f73b7c94a0, 0x000001f73b7cc740, 0x000001f73b7c8060, 0x000001f73b7cadf0,
0x000001f73b7c8570, 0x000001f73b7cbd20, 0x000001f73b7ccc50, 0x000001f73b7cd670,
0x000001f73b7c99b0, 0x000001f73b7cd160, 0x000001f73b7cdb80, 0x000001f73e356790,
0x000001f73e3580e0, 0x000001f73e352fe0, 0x000001f73e354420, 0x000001f73e3534f0,
0x000001f73e3585f0, 0x000001f73e353a00, 0x000001f73e356280, 0x000001f73e353f10,
0x000001f73e355d70, 0x000001f73e3525c0, 0x000001f73e359520, 0x000001f73e354930,
0x000001f73e354e40, 0x000001f73e355350, 0x000001f73e355860, 0x000001f73e3571b0,
0x000001f73e352ad0, 0x000001f73f514510, 0x000001f73f513af0, 0x000001f73f519b20,
0x000001f73f518bf0
}

Java Threads: ( => current thread )
  0x000001f70ce10170 JavaThread "main" [_thread_blocked, id=10900, stack(0x000000667f900000,0x000000667fa00000)]
  0x000001f728406ac0 JavaThread "Reference Handler" daemon [_thread_blocked, id=8936, stack(0x0000006600000000,0x0000006600100000)]
  0x000001f728407850 JavaThread "Finalizer" daemon [_thread_blocked, id=15808, stack(0x0000006600100000,0x0000006600200000)]
  0x000001f72841e6f0 JavaThread "Signal Dispatcher" daemon [_thread_blocked, id=7508, stack(0x0000006600200000,0x0000006600300000)]
  0x000001f7284220e0 JavaThread "Attach Listener" daemon [_thread_blocked, id=1444, stack(0x0000006600300000,0x0000006600400000)]
  0x000001f7284249c0 JavaThread "Service Thread" daemon [_thread_blocked, id=14784, stack(0x0000006600400000,0x0000006600500000)]
  0x000001f728425290 JavaThread "Monitor Deflation Thread" daemon [_thread_blocked, id=10864, stack(0x0000006600500000,0x0000006600600000)]
  0x000001f728425e90 JavaThread "C2 CompilerThread0" daemon [_thread_blocked, id=7672, stack(0x0000006600600000,0x0000006600700000)]
  0x000001f728426ff0 JavaThread "C1 CompilerThread0" daemon [_thread_blocked, id=8104, stack(0x0000006600700000,0x0000006600800000)]
  0x000001f72845c840 JavaThread "Sweeper thread" daemon [_thread_blocked, id=740, stack(0x0000006600800000,0x0000006600900000)]
  0x000001f7284ff6f0 JavaThread "Common-Cleaner" daemon [_thread_blocked, id=3908, stack(0x0000006600900000,0x0000006600a00000)]
  0x000001f7285b9c00 JavaThread "Notification Thread" daemon [_thread_blocked, id=9912, stack(0x0000006600a00000,0x0000006600b00000)]
  0x000001f73c5d6c30 JavaThread "Daemon health stats" [_thread_blocked, id=8160, stack(0x0000006601000000,0x0000006601100000)]
  0x000001f73c995a70 JavaThread "Incoming local TCP Connector on port 62686" [_thread_in_native, id=11548, stack(0x0000006601100000,0x0000006601200000)]
  0x000001f73d4b4e70 JavaThread "Daemon periodic checks" [_thread_blocked, id=15608, stack(0x0000006601200000,0x0000006601300000)]
  0x000001f73d562030 JavaThread "Daemon" [_thread_blocked, id=14500, stack(0x0000006601300000,0x0000006601400000)]
  0x000001f73c377ea0 JavaThread "Handler for socket connection from /127.0.0.1:62686 to /127.0.0.1:62687" [_thread_in_native, id=15424, stack(0x0000006601400000,0x0000006601500000)]
  0x000001f73c3dd460 JavaThread "Cancel handler" [_thread_blocked, id=4176, stack(0x0000006600c00000,0x0000006600d00000)]
  0x000001f73bc49a80 JavaThread "Daemon worker" [_thread_blocked, id=8756, stack(0x0000006601500000,0x0000006601600000)]
  0x000001f73bdd0020 JavaThread "Asynchronous log dispatcher for DefaultDaemonConnection: socket connection from /127.0.0.1:62686 to /127.0.0.1:62687" [_thread_blocked, id=2280, stack(0x0000006601600000,0x0000006601700000)]
  0x000001f73bdd1e80 JavaThread "Stdin handler" [_thread_blocked, id=3980, stack(0x0000006601700000,0x0000006601800000)]
  0x000001f73bdd1460 JavaThread "Daemon client event forwarder" [_thread_blocked, id=10440, stack(0x0000006601800000,0x0000006601900000)]
  0x000001f73bdd28a0 JavaThread "Cache worker for journal cache (C:\Users\Administrator\.gradle\caches\journal-1)" [_thread_blocked, id=14548, stack(0x0000006601900000,0x0000006601a00000)]
  0x000001f73bdd32c0 JavaThread "File lock request listener" [_thread_in_native, id=15508, stack(0x0000006601a00000,0x0000006601b00000)]
  0x000001f73bdd0f50 JavaThread "Cache worker for file hash cache (C:\Users\Administrator\.gradle\caches\8.7\fileHashes)" [_thread_blocked, id=5076, stack(0x0000006601b00000,0x0000006601c00000)]
  0x000001f73bdd37d0 JavaThread "Cache worker for file hash cache (F:\mobile\android\.gradle\8.7\fileHashes)" [_thread_blocked, id=3604, stack(0x0000006601c00000,0x0000006601d00000)]
  0x000001f73bdd2390 JavaThread "File watcher server" daemon [_thread_blocked, id=12716, stack(0x0000006601d00000,0x0000006601e00000)]
  0x000001f73bdd0530 JavaThread "File watcher consumer" daemon [_thread_blocked, id=10448, stack(0x0000006601e00000,0x0000006601f00000)]
  0x000001f73bdd0a40 JavaThread "Cache worker for checksums cache (F:\mobile\android\.gradle\8.7\checksums)" [_thread_blocked, id=8264, stack(0x0000006601f00000,0x0000006602000000)]
  0x000001f73bdd1970 JavaThread "Cache worker for cache directory md-supplier (C:\Users\Administrator\.gradle\caches\8.7\md-supplier)" [_thread_blocked, id=10012, stack(0x0000006602000000,0x0000006602100000)]
  0x000001f73df7cb30 JavaThread "Cache worker for cache directory md-rule (C:\Users\Administrator\.gradle\caches\8.7\md-rule)" [_thread_blocked, id=16132, stack(0x0000006602100000,0x0000006602200000)]
  0x000001f73df7a2b0 JavaThread "Cache worker for file content cache (C:\Users\Administrator\.gradle\caches\8.7\fileContent)" [_thread_blocked, id=13808, stack(0x0000006602200000,0x0000006602300000)]
  0x000001f73df7eea0 JavaThread "jar transforms" [_thread_blocked, id=14908, stack(0x0000006602300000,0x0000006602400000)]
  0x000001f73df7acd0 JavaThread "Unconstrained build operations" [_thread_blocked, id=12656, stack(0x0000006602400000,0x0000006602500000)]
  0x000001f73df7b1e0 JavaThread "Unconstrained build operations Thread 2" [_thread_blocked, id=9172, stack(0x0000006602500000,0x0000006602600000)]
  0x000001f73df78e70 JavaThread "Unconstrained build operations Thread 3" [_thread_blocked, id=11376, stack(0x0000006602600000,0x0000006602700000)]
  0x000001f73df78450 JavaThread "Unconstrained build operations Thread 4" [_thread_blocked, id=14220, stack(0x0000006602700000,0x0000006602800000)]
  0x000001f73df7df70 JavaThread "Cache worker for Build Output Cleanup Cache (F:\mobile\node_modules\@react-native\gradle-plugin\.gradle\buildOutputCleanup)" [_thread_blocked, id=4832, stack(0x0000006602800000,0x0000006602900000)]
  0x000001f73df79890 JavaThread "Unconstrained build operations Thread 5" [_thread_blocked, id=5912, stack(0x0000006602900000,0x0000006602a00000)]
  0x000001f73df7f3b0 JavaThread "Unconstrained build operations Thread 6" [_thread_blocked, id=11820, stack(0x0000006602a00000,0x0000006602b00000)]
  0x000001f73df7b6f0 JavaThread "Unconstrained build operations Thread 7" [_thread_blocked, id=3968, stack(0x0000006602b00000,0x0000006602c00000)]
  0x000001f73df7bc00 JavaThread "Unconstrained build operations Thread 8" [_thread_blocked, id=12900, stack(0x0000006602c00000,0x0000006602d00000)]
  0x000001f73df7da60 JavaThread "Unconstrained build operations Thread 9" [_thread_blocked, id=10400, stack(0x0000006602d00000,0x0000006602e00000)]
  0x000001f73df7e480 JavaThread "Unconstrained build operations Thread 10" [_thread_blocked, id=15100, stack(0x0000006602e00000,0x0000006602f00000)]
  0x000001f73df7e990 JavaThread "Memory manager" [_thread_blocked, id=884, stack(0x0000006602f00000,0x0000006603000000)]
  0x000001f73df79380 JavaThread "build event listener" [_thread_blocked, id=14640, stack(0x0000006603000000,0x0000006603100000)]
  0x000001f73df7c620 JavaThread "ForkJoinPool.commonPool-worker-1" daemon [_thread_blocked, id=3152, stack(0x0000006603100000,0x0000006603200000)]
  0x000001f73df7f8c0 JavaThread "ForkJoinPool.commonPool-worker-2" daemon [_thread_blocked, id=8420, stack(0x0000006603200000,0x0000006603300000)]
  0x000001f73df78960 JavaThread "ForkJoinPool.commonPool-worker-3" daemon [_thread_blocked, id=11236, stack(0x0000006603300000,0x0000006603400000)]
  0x000001f73b7c8f90 JavaThread "Exec process" daemon [_thread_blocked, id=8552, stack(0x0000006603400000,0x0000006603500000)]
  0x000001f73b7cc230 JavaThread "Exec process Thread 2" daemon [_thread_blocked, id=4420, stack(0x0000006603500000,0x0000006603600000)]
  0x000001f73b7ce090 JavaThread "Exec process Thread 3" daemon [_thread_blocked, id=11352, stack(0x0000006603600000,0x0000006603700000)]
  0x000001f73b7ca8e0 JavaThread "included builds" [_thread_blocked, id=16092, stack(0x0000006603700000,0x0000006603800000)]
  0x000001f73b7ce5a0 JavaThread "Execution worker" [_thread_blocked, id=10416, stack(0x0000006603800000,0x0000006603900000)]
  0x000001f73b7cb810 JavaThread "Execution worker Thread 2" [_thread_blocked, id=4256, stack(0x0000006603900000,0x0000006603a00000)]
  0x000001f73b7ca3d0 JavaThread "Execution worker Thread 3" [_thread_blocked, id=1540, stack(0x0000006603a00000,0x0000006603b00000)]
  0x000001f73b7c7130 JavaThread "Cache worker for execution history cache (F:\mobile\node_modules\@react-native\gradle-plugin\.gradle\8.7\executionHistory)" [_thread_blocked, id=13768, stack(0x0000006603b00000,0x0000006603c00000)]
  0x000001f73b7c9ec0 JavaThread "Unconstrained build operations Thread 11" [_thread_blocked, id=9616, stack(0x0000006603c00000,0x0000006603d00000)]
  0x000001f73b7ceab0 JavaThread "Unconstrained build operations Thread 12" [_thread_blocked, id=13672, stack(0x0000006603d00000,0x0000006603e00000)]
  0x000001f73b7c7b50 JavaThread "Unconstrained build operations Thread 13" [_thread_blocked, id=15476, stack(0x0000006603e00000,0x0000006603f00000)]
  0x000001f73b7c94a0 JavaThread "Unconstrained build operations Thread 14" [_thread_blocked, id=13152, stack(0x0000006603f00000,0x0000006604000000)]
  0x000001f73b7cc740 JavaThread "Unconstrained build operations Thread 15" [_thread_blocked, id=9048, stack(0x0000006604000000,0x0000006604100000)]
  0x000001f73b7c8060 JavaThread "Unconstrained build operations Thread 16" [_thread_blocked, id=4896, stack(0x0000006604100000,0x0000006604200000)]
  0x000001f73b7cadf0 JavaThread "Unconstrained build operations Thread 17" [_thread_blocked, id=9948, stack(0x0000006604200000,0x0000006604300000)]
  0x000001f73b7c8570 JavaThread "Unconstrained build operations Thread 18" [_thread_blocked, id=5492, stack(0x0000006604300000,0x0000006604400000)]
  0x000001f73b7cbd20 JavaThread "File lock release action executor" [_thread_blocked, id=8944, stack(0x0000006604400000,0x0000006604500000)]
  0x000001f73b7ccc50 JavaThread "Unconstrained build operations Thread 19" [_thread_blocked, id=14096, stack(0x0000006604500000,0x0000006604600000)]
  0x000001f73b7cd670 JavaThread "Unconstrained build operations Thread 20" [_thread_blocked, id=11060, stack(0x0000006604600000,0x0000006604700000)]
  0x000001f73b7c99b0 JavaThread "Unconstrained build operations Thread 21" [_thread_blocked, id=12920, stack(0x0000006604700000,0x0000006604800000)]
  0x000001f73b7cd160 JavaThread "Unconstrained build operations Thread 22" [_thread_blocked, id=6456, stack(0x0000006604800000,0x0000006604900000)]
  0x000001f73b7cdb80 JavaThread "Unconstrained build operations Thread 23" [_thread_blocked, id=13556, stack(0x0000006604900000,0x0000006604a00000)]
  0x000001f73e356790 JavaThread "Unconstrained build operations Thread 24" [_thread_blocked, id=1240, stack(0x0000006604a00000,0x0000006604b00000)]
  0x000001f73e3580e0 JavaThread "Unconstrained build operations Thread 25" [_thread_blocked, id=13608, stack(0x0000006604b00000,0x0000006604c00000)]
  0x000001f73e352fe0 JavaThread "jar transforms Thread 2" [_thread_blocked, id=12460, stack(0x0000006604c00000,0x0000006604d00000)]
  0x000001f73e354420 JavaThread "Cache worker for Build Output Cleanup Cache (F:\mobile\android\.gradle\buildOutputCleanup)" [_thread_blocked, id=2964, stack(0x0000006604d00000,0x0000006604e00000)]
  0x000001f73e3534f0 JavaThread "jar transforms Thread 3" [_thread_blocked, id=12800, stack(0x0000006604e00000,0x0000006604f00000)]
  0x000001f73e3585f0 JavaThread "Unconstrained build operations Thread 26" [_thread_blocked, id=1248, stack(0x0000006604f00000,0x0000006605000000)]
  0x000001f73e353a00 JavaThread "Unconstrained build operations Thread 27" [_thread_blocked, id=14300, stack(0x0000006605000000,0x0000006605100000)]
  0x000001f73e356280 JavaThread "Unconstrained build operations Thread 28" [_thread_blocked, id=10572, stack(0x0000006605100000,0x0000006605200000)]
  0x000001f73e353f10 JavaThread "Unconstrained build operations Thread 29" [_thread_blocked, id=13380, stack(0x0000006605200000,0x0000006605300000)]
  0x000001f73e355d70 JavaThread "Unconstrained build operations Thread 30" [_thread_blocked, id=14928, stack(0x0000006605300000,0x0000006605400000)]
  0x000001f73e3525c0 JavaThread "Unconstrained build operations Thread 31" [_thread_blocked, id=412, stack(0x0000006605400000,0x0000006605500000)]
  0x000001f73e359520 JavaThread "Unconstrained build operations Thread 32" [_thread_blocked, id=12604, stack(0x0000006605500000,0x0000006605600000)]
  0x000001f73e354930 JavaThread "Unconstrained build operations Thread 33" [_thread_blocked, id=12796, stack(0x0000006605600000,0x0000006605700000)]
  0x000001f73e354e40 JavaThread "Unconstrained build operations Thread 34" [_thread_blocked, id=15120, stack(0x0000006605700000,0x0000006605800000)]
  0x000001f73e355350 JavaThread "Unconstrained build operations Thread 35" [_thread_blocked, id=1872, stack(0x0000006605800000,0x0000006605900000)]
  0x000001f73e355860 JavaThread "Unconstrained build operations Thread 36" [_thread_blocked, id=9696, stack(0x0000006605900000,0x0000006605a00000)]
  0x000001f73e3571b0 JavaThread "Unconstrained build operations Thread 37" [_thread_blocked, id=6916, stack(0x0000006605a00000,0x0000006605b00000)]
  0x000001f73e352ad0 JavaThread "jar transforms Thread 4" [_thread_blocked, id=13420, stack(0x0000006605b00000,0x0000006605c00000)]
  0x000001f73f514510 JavaThread "build event listener" [_thread_blocked, id=7088, stack(0x0000006605e00000,0x0000006605f00000)]
  0x000001f73f513af0 JavaThread "Unconstrained build operations Thread 38" [_thread_blocked, id=4008, stack(0x0000006605f00000,0x0000006606000000)]
  0x000001f73f519b20 JavaThread "Unconstrained build operations Thread 39" [_thread_blocked, id=11812, stack(0x0000006606000000,0x0000006606100000)]
  0x000001f73f518bf0 JavaThread "Unconstrained build operations Thread 40" [_thread_blocked, id=15216, stack(0x0000006606100000,0x0000006606200000)]

Other Threads:
=>0x000001f7284014a0 VMThread "VM Thread" [stack: 0x000000667ff00000,0x0000006680000000] [id=7248]
  0x000001f72861db50 WatcherThread [stack: 0x0000006600b00000,0x0000006600c00000] [id=2028]
  0x000001f70ce4bf60 GCTaskThread "GC Thread#0" [stack: 0x000000667fa00000,0x000000667fb00000] [id=7044]
  0x000001f7288a8c00 GCTaskThread "GC Thread#1" [stack: 0x0000006600d00000,0x0000006600e00000] [id=2196]
  0x000001f73b023250 GCTaskThread "GC Thread#2" [stack: 0x0000006600e00000,0x0000006600f00000] [id=1840]
  0x000001f73b532b00 GCTaskThread "GC Thread#3" [stack: 0x0000006600f00000,0x0000006601000000] [id=8856]
  0x000001f70ce54dd0 ConcurrentGCThread "G1 Main Marker" [stack: 0x000000667fb00000,0x000000667fc00000] [id=1212]
  0x000001f70ce55700 ConcurrentGCThread "G1 Conc#0" [stack: 0x000000667fc00000,0x000000667fd00000] [id=10820]
  0x000001f70cebadc0 ConcurrentGCThread "G1 Refine#0" [stack: 0x000000667fd00000,0x000000667fe00000] [id=4960]
  0x000001f70cebb710 ConcurrentGCThread "G1 Service" [stack: 0x000000667fe00000,0x000000667ff00000] [id=7544]

Threads with active compile tasks:
C2 CompilerThread0  58518 14988   !   4       java.nio.file.FileTreeWalker::visit (204 bytes)
C1 CompilerThread0  58518 15010       3       org.gradle.api.internal.artifacts.ivyservice.resolutionstrategy.DefaultCapabilitiesResolution::<init> (34 bytes)

VM state: at safepoint (normal execution)

VM Mutex/Monitor currently owned by a thread:  ([mutex/lock_event])
[0x000001f70cdfbe70] Threads_lock - owner thread: 0x000001f7284014a0
[0x000001f70cdfb2a0] Heap_lock - owner thread: 0x000001f70ce54dd0

Heap address: 0x00000000c0000000, size: 1024 MB, Compressed Oops mode: 32-bit

CDS archive(s) mapped at: [0x000001f729000000-0x000001f729bb0000-0x000001f729bb0000), size 12255232, SharedBaseAddress: 0x000001f729000000, ArchiveRelocationMode: 1.
Compressed class space mapped at: 0x000001f72a000000-0x000001f737000000, reserved size: 218103808
Narrow klass base: 0x000001f729000000, Narrow klass shift: 0, Narrow klass range: 0x100000000

GC Precious Log:
 CPUs: 4 total, 4 available
 Memory: 7843M
 Large Page Support: Disabled
 NUMA Support: Disabled
 Compressed Oops: Enabled (32-bit)
 Heap Region Size: 1M
 Heap Min Capacity: 8M
 Heap Initial Capacity: 124M
 Heap Max Capacity: 1G
 Pre-touch: Disabled
 Parallel Workers: 4
 Concurrent Workers: 1
 Concurrent Refinement Workers: 4
 Periodic GC: Disabled

Heap:
 garbage-first heap   total 206848K, used 171876K [0x00000000c0000000, 0x0000000100000000)
  region size 1024K, 22 young (22528K), 4 survivors (4096K)
 Metaspace       used 106107K, committed 107136K, reserved 344064K
  class space    used 14808K, committed 15296K, reserved 212992K

Heap Regions: E=young(eden), S=young(survivor), O=old, HS=humongous(starts), HC=humongous(continues), CS=collection set, F=free, OA=open archive, CA=closed archive, TAMS=top-at-mark-start (previous, next)
|   0|0x00000000c0000000, 0x00000000c0100000, 0x00000000c0100000|100%| O|  |TAMS 0x00000000c0100000, 0x00000000c0000000| Untracked 
|   1|0x00000000c0100000, 0x00000000c0200000, 0x00000000c0200000|100%|HS|  |TAMS 0x00000000c0200000, 0x00000000c0100000| Complete 
|   2|0x00000000c0200000, 0x00000000c0300000, 0x00000000c0300000|100%|HC|  |TAMS 0x00000000c0300000, 0x00000000c0200000| Complete 
|   3|0x00000000c0300000, 0x00000000c0400000, 0x00000000c0400000|100%|HC|  |TAMS 0x00000000c0400000, 0x00000000c0300000| Complete 
|   4|0x00000000c0400000, 0x00000000c0500000, 0x00000000c0500000|100%|HC|  |TAMS 0x00000000c0500000, 0x00000000c0400000| Complete 
|   5|0x00000000c0500000, 0x00000000c0600000, 0x00000000c0600000|100%| O|  |TAMS 0x00000000c0600000, 0x00000000c0500000| Updating 
|   6|0x00000000c0600000, 0x00000000c0700000, 0x00000000c0700000|100%| O|  |TAMS 0x00000000c0700000, 0x00000000c0600000| Untracked 
|   7|0x00000000c0700000, 0x00000000c0800000, 0x00000000c0800000|100%| O|  |TAMS 0x00000000c0800000, 0x00000000c0700000| Untracked 
|   8|0x00000000c0800000, 0x00000000c0900000, 0x00000000c0900000|100%| O|  |TAMS 0x00000000c0900000, 0x00000000c0800000| Updating 
|   9|0x00000000c0900000, 0x00000000c0a00000, 0x00000000c0a00000|100%| O|  |TAMS 0x00000000c0a00000, 0x00000000c0900000| Untracked 
|  10|0x00000000c0a00000, 0x00000000c0b00000, 0x00000000c0b00000|100%| O|  |TAMS 0x00000000c0b00000, 0x00000000c0a00000| Untracked 
|  11|0x00000000c0b00000, 0x00000000c0c00000, 0x00000000c0c00000|100%| O|  |TAMS 0x00000000c0c00000, 0x00000000c0b00000| Updating 
|  12|0x00000000c0c00000, 0x00000000c0d00000, 0x00000000c0d00000|100%| O|  |TAMS 0x00000000c0d00000, 0x00000000c0c00000| Untracked 
|  13|0x00000000c0d00000, 0x00000000c0e00000, 0x00000000c0e00000|100%| O|  |TAMS 0x00000000c0e00000, 0x00000000c0d00000| Untracked 
|  14|0x00000000c0e00000, 0x00000000c0f00000, 0x00000000c0f00000|100%| O|  |TAMS 0x00000000c0f00000, 0x00000000c0e00000| Untracked 
|  15|0x00000000c0f00000, 0x00000000c1000000, 0x00000000c1000000|100%| O|  |TAMS 0x00000000c1000000, 0x00000000c0f00000| Untracked 
|  16|0x00000000c1000000, 0x00000000c1100000, 0x00000000c1100000|100%| O|  |TAMS 0x00000000c1100000, 0x00000000c1000000| Untracked 
|  17|0x00000000c1100000, 0x00000000c1200000, 0x00000000c1200000|100%| O|  |TAMS 0x00000000c1200000, 0x00000000c1100000| Untracked 
|  18|0x00000000c1200000, 0x00000000c1300000, 0x00000000c1300000|100%| O|  |TAMS 0x00000000c1300000, 0x00000000c1200000| Untracked 
|  19|0x00000000c1300000, 0x00000000c1400000, 0x00000000c1400000|100%| O|  |TAMS 0x00000000c1400000, 0x00000000c1300000| Untracked 
|  20|0x00000000c1400000, 0x00000000c1500000, 0x00000000c1500000|100%| O|  |TAMS 0x00000000c1500000, 0x00000000c1400000| Untracked 
|  21|0x00000000c1500000, 0x00000000c1600000, 0x00000000c1600000|100%| O|  |TAMS 0x00000000c1600000, 0x00000000c1500000| Untracked 
|  22|0x00000000c1600000, 0x00000000c1700000, 0x00000000c1700000|100%| O|  |TAMS 0x00000000c1700000, 0x00000000c1600000| Untracked 
|  23|0x00000000c1700000, 0x00000000c1800000, 0x00000000c1800000|100%| O|  |TAMS 0x00000000c1800000, 0x00000000c1700000| Untracked 
|  24|0x00000000c1800000, 0x00000000c1900000, 0x00000000c1900000|100%| O|  |TAMS 0x00000000c1900000, 0x00000000c1800000| Untracked 
|  25|0x00000000c1900000, 0x00000000c1a00000, 0x00000000c1a00000|100%| O|  |TAMS 0x00000000c1a00000, 0x00000000c1900000| Untracked 
|  26|0x00000000c1a00000, 0x00000000c1b00000, 0x00000000c1b00000|100%| O|  |TAMS 0x00000000c1b00000, 0x00000000c1a00000| Untracked 
|  27|0x00000000c1b00000, 0x00000000c1c00000, 0x00000000c1c00000|100%| O|  |TAMS 0x00000000c1c00000, 0x00000000c1b00000| Untracked 
|  28|0x00000000c1c00000, 0x00000000c1d00000, 0x00000000c1d00000|100%| O|  |TAMS 0x00000000c1d00000, 0x00000000c1c00000| Untracked 
|  29|0x00000000c1d00000, 0x00000000c1e00000, 0x00000000c1e00000|100%| O|  |TAMS 0x00000000c1e00000, 0x00000000c1d00000| Untracked 
|  30|0x00000000c1e00000, 0x00000000c1f00000, 0x00000000c1f00000|100%| O|  |TAMS 0x00000000c1f00000, 0x00000000c1e00000| Updating 
|  31|0x00000000c1f00000, 0x00000000c2000000, 0x00000000c2000000|100%| O|  |TAMS 0x00000000c2000000, 0x00000000c1f00000| Updating 
|  32|0x00000000c2000000, 0x00000000c2100000, 0x00000000c2100000|100%| O|  |TAMS 0x00000000c2100000, 0x00000000c2000000| Updating 
|  33|0x00000000c2100000, 0x00000000c2200000, 0x00000000c2200000|100%| O|  |TAMS 0x00000000c2200000, 0x00000000c2100000| Updating 
|  34|0x00000000c2200000, 0x00000000c2300000, 0x00000000c2300000|100%|HS|  |TAMS 0x00000000c2300000, 0x00000000c2200000| Complete 
|  35|0x00000000c2300000, 0x00000000c2400000, 0x00000000c2400000|100%| O|  |TAMS 0x00000000c2400000, 0x00000000c2300000| Updating 
|  36|0x00000000c2400000, 0x00000000c2500000, 0x00000000c2500000|100%| O|  |TAMS 0x00000000c2500000, 0x00000000c2400000| Updating 
|  37|0x00000000c2500000, 0x00000000c2600000, 0x00000000c2600000|100%| O|  |TAMS 0x00000000c2600000, 0x00000000c2500000| Updating 
|  38|0x00000000c2600000, 0x00000000c2700000, 0x00000000c2700000|100%| O|  |TAMS 0x00000000c2700000, 0x00000000c2600000| Untracked 
|  39|0x00000000c2700000, 0x00000000c2800000, 0x00000000c2800000|100%|HS|  |TAMS 0x00000000c2800000, 0x00000000c2700000| Complete 
|  40|0x00000000c2800000, 0x00000000c2900000, 0x00000000c2900000|100%| O|  |TAMS 0x00000000c2900000, 0x00000000c2800000| Updating 
|  41|0x00000000c2900000, 0x00000000c2a00000, 0x00000000c2a00000|100%|HS|  |TAMS 0x00000000c2a00000, 0x00000000c2900000| Complete 
|  42|0x00000000c2a00000, 0x00000000c2b00000, 0x00000000c2b00000|100%|HC|  |TAMS 0x00000000c2b00000, 0x00000000c2a00000| Complete 
|  43|0x00000000c2b00000, 0x00000000c2c00000, 0x00000000c2c00000|100%|HS|  |TAMS 0x00000000c2c00000, 0x00000000c2b00000| Complete 
|  44|0x00000000c2c00000, 0x00000000c2d00000, 0x00000000c2d00000|100%|HC|  |TAMS 0x00000000c2d00000, 0x00000000c2c00000| Complete 
|  45|0x00000000c2d00000, 0x00000000c2e00000, 0x00000000c2e00000|100%|HS|  |TAMS 0x00000000c2e00000, 0x00000000c2d00000| Complete 
|  46|0x00000000c2e00000, 0x00000000c2f00000, 0x00000000c2f00000|100%|HC|  |TAMS 0x00000000c2f00000, 0x00000000c2e00000| Complete 
|  47|0x00000000c2f00000, 0x00000000c3000000, 0x00000000c3000000|100%|HC|  |TAMS 0x00000000c3000000, 0x00000000c2f00000| Complete 
|  48|0x00000000c3000000, 0x00000000c3100000, 0x00000000c3100000|100%|HC|  |TAMS 0x00000000c3100000, 0x00000000c3000000| Complete 
|  49|0x00000000c3100000, 0x00000000c3200000, 0x00000000c3200000|100%|HS|  |TAMS 0x00000000c3200000, 0x00000000c3100000| Complete 
|  50|0x00000000c3200000, 0x00000000c3300000, 0x00000000c3300000|100%|HC|  |TAMS 0x00000000c3300000, 0x00000000c3200000| Complete 
|  51|0x00000000c3300000, 0x00000000c3400000, 0x00000000c3400000|100%|HC|  |TAMS 0x00000000c3400000, 0x00000000c3300000| Complete 
|  52|0x00000000c3400000, 0x00000000c3500000, 0x00000000c3500000|100%|HC|  |TAMS 0x00000000c3500000, 0x00000000c3400000| Complete 
|  53|0x00000000c3500000, 0x00000000c3600000, 0x00000000c3600000|100%| O|  |TAMS 0x00000000c3600000, 0x00000000c3500000| Untracked 
|  54|0x00000000c3600000, 0x00000000c3700000, 0x00000000c3700000|100%| O|  |TAMS 0x00000000c3700000, 0x00000000c3600000| Untracked 
|  55|0x00000000c3700000, 0x00000000c3800000, 0x00000000c3800000|100%| O|  |TAMS 0x00000000c3800000, 0x00000000c3700000| Updating 
|  56|0x00000000c3800000, 0x00000000c3900000, 0x00000000c3900000|100%| O|  |TAMS 0x00000000c3900000, 0x00000000c3800000| Untracked 
|  57|0x00000000c3900000, 0x00000000c3a00000, 0x00000000c3a00000|100%| O|  |TAMS 0x00000000c3a00000, 0x00000000c3900000| Untracked 
|  58|0x00000000c3a00000, 0x00000000c3b00000, 0x00000000c3b00000|100%| O|  |TAMS 0x00000000c3b00000, 0x00000000c3a00000| Untracked 
|  59|0x00000000c3b00000, 0x00000000c3c00000, 0x00000000c3c00000|100%| O|  |TAMS 0x00000000c3c00000, 0x00000000c3b00000| Updating 
|  60|0x00000000c3c00000, 0x00000000c3d00000, 0x00000000c3d00000|100%| O|  |TAMS 0x00000000c3d00000, 0x00000000c3c00000| Updating 
|  61|0x00000000c3d00000, 0x00000000c3e00000, 0x00000000c3e00000|100%| O|  |TAMS 0x00000000c3e00000, 0x00000000c3d00000| Untracked 
|  62|0x00000000c3e00000, 0x00000000c3f00000, 0x00000000c3f00000|100%| O|  |TAMS 0x00000000c3f00000, 0x00000000c3e00000| Updating 
|  63|0x00000000c3f00000, 0x00000000c4000000, 0x00000000c4000000|100%| O|  |TAMS 0x00000000c4000000, 0x00000000c3f00000| Untracked 
|  64|0x00000000c4000000, 0x00000000c4100000, 0x00000000c4100000|100%| O|  |TAMS 0x00000000c4100000, 0x00000000c4000000| Untracked 
|  65|0x00000000c4100000, 0x00000000c4200000, 0x00000000c4200000|100%| O|  |TAMS 0x00000000c4200000, 0x00000000c4100000| Untracked 
|  66|0x00000000c4200000, 0x00000000c4300000, 0x00000000c4300000|100%| O|  |TAMS 0x00000000c4300000, 0x00000000c4200000| Untracked 
|  67|0x00000000c4300000, 0x00000000c4400000, 0x00000000c4400000|100%| O|  |TAMS 0x00000000c4400000, 0x00000000c4300000| Updating 
|  68|0x00000000c4400000, 0x00000000c4500000, 0x00000000c4500000|100%| O|  |TAMS 0x00000000c4500000, 0x00000000c4400000| Updating 
|  69|0x00000000c4500000, 0x00000000c4600000, 0x00000000c4600000|100%| O|  |TAMS 0x00000000c4600000, 0x00000000c4500000| Untracked 
|  70|0x00000000c4600000, 0x00000000c4700000, 0x00000000c4700000|100%| O|  |TAMS 0x00000000c4700000, 0x00000000c4600000| Untracked 
|  71|0x00000000c4700000, 0x00000000c4800000, 0x00000000c4800000|100%| O|  |TAMS 0x00000000c4800000, 0x00000000c4700000| Updating 
|  72|0x00000000c4800000, 0x00000000c4900000, 0x00000000c4900000|100%| O|  |TAMS 0x00000000c4900000, 0x00000000c4800000| Untracked 
|  73|0x00000000c4900000, 0x00000000c4a00000, 0x00000000c4a00000|100%| O|  |TAMS 0x00000000c4a00000, 0x00000000c4900000| Updating 
|  74|0x00000000c4a00000, 0x00000000c4b00000, 0x00000000c4b00000|100%|HS|  |TAMS 0x00000000c4b00000, 0x00000000c4a00000| Complete 
|  75|0x00000000c4b00000, 0x00000000c4c00000, 0x00000000c4c00000|100%|HS|  |TAMS 0x00000000c4c00000, 0x00000000c4b00000| Complete 
|  76|0x00000000c4c00000, 0x00000000c4d00000, 0x00000000c4d00000|100%|HC|  |TAMS 0x00000000c4d00000, 0x00000000c4c00000| Complete 
|  77|0x00000000c4d00000, 0x00000000c4e00000, 0x00000000c4e00000|100%|HS|  |TAMS 0x00000000c4e00000, 0x00000000c4d00000| Complete 
|  78|0x00000000c4e00000, 0x00000000c4f00000, 0x00000000c4f00000|100%|HS|  |TAMS 0x00000000c4f00000, 0x00000000c4e00000| Complete 
|  79|0x00000000c4f00000, 0x00000000c5000000, 0x00000000c5000000|100%|HS|  |TAMS 0x00000000c5000000, 0x00000000c4f00000| Complete 
|  80|0x00000000c5000000, 0x00000000c5100000, 0x00000000c5100000|100%|HC|  |TAMS 0x00000000c5100000, 0x00000000c5000000| Complete 
|  81|0x00000000c5100000, 0x00000000c5200000, 0x00000000c5200000|100%|HC|  |TAMS 0x00000000c5200000, 0x00000000c5100000| Complete 
|  82|0x00000000c5200000, 0x00000000c5300000, 0x00000000c5300000|100%|HS|  |TAMS 0x00000000c5300000, 0x00000000c5200000| Complete 
|  83|0x00000000c5300000, 0x00000000c5400000, 0x00000000c5400000|100%| O|  |TAMS 0x00000000c5400000, 0x00000000c5300000| Untracked 
|  84|0x00000000c5400000, 0x00000000c5500000, 0x00000000c5500000|100%| O|  |TAMS 0x00000000c5500000, 0x00000000c5400000| Untracked 
|  85|0x00000000c5500000, 0x00000000c5600000, 0x00000000c5600000|100%| O|  |TAMS 0x00000000c5600000, 0x00000000c5500000| Untracked 
|  86|0x00000000c5600000, 0x00000000c5700000, 0x00000000c5700000|100%| O|  |TAMS 0x00000000c5700000, 0x00000000c5600000| Untracked 
|  87|0x00000000c5700000, 0x00000000c5800000, 0x00000000c5800000|100%| O|  |TAMS 0x00000000c5800000, 0x00000000c5700000| Untracked 
|  88|0x00000000c5800000, 0x00000000c5900000, 0x00000000c5900000|100%| O|  |TAMS 0x00000000c5900000, 0x00000000c5800000| Updating 
|  89|0x00000000c5900000, 0x00000000c5a00000, 0x00000000c5a00000|100%| O|  |TAMS 0x00000000c5a00000, 0x00000000c5900000| Untracked 
|  90|0x00000000c5a00000, 0x00000000c5b00000, 0x00000000c5b00000|100%| O|  |TAMS 0x00000000c5b00000, 0x00000000c5a00000| Untracked 
|  91|0x00000000c5b00000, 0x00000000c5c00000, 0x00000000c5c00000|100%| O|  |TAMS 0x00000000c5c00000, 0x00000000c5b00000| Untracked 
|  92|0x00000000c5c00000, 0x00000000c5d00000, 0x00000000c5d00000|100%| O|  |TAMS 0x00000000c5d00000, 0x00000000c5c00000| Untracked 
|  93|0x00000000c5d00000, 0x00000000c5e00000, 0x00000000c5e00000|100%| O|  |TAMS 0x00000000c5e00000, 0x00000000c5d00000| Untracked 
|  94|0x00000000c5e00000, 0x00000000c5f00000, 0x00000000c5f00000|100%|HS|  |TAMS 0x00000000c5f00000, 0x00000000c5e00000| Complete 
|  95|0x00000000c5f00000, 0x00000000c6000000, 0x00000000c6000000|100%|HC|  |TAMS 0x00000000c6000000, 0x00000000c5f00000| Complete 
|  96|0x00000000c6000000, 0x00000000c6100000, 0x00000000c6100000|100%| O|  |TAMS 0x00000000c6100000, 0x00000000c6000000| Untracked 
|  97|0x00000000c6100000, 0x00000000c6200000, 0x00000000c6200000|100%| O|  |TAMS 0x00000000c6200000, 0x00000000c6100000| Untracked 
|  98|0x00000000c6200000, 0x00000000c6300000, 0x00000000c6300000|100%| O|  |TAMS 0x00000000c6300000, 0x00000000c6200000| Untracked 
|  99|0x00000000c6300000, 0x00000000c6400000, 0x00000000c6400000|100%| O|  |TAMS 0x00000000c6400000, 0x00000000c6300000| Untracked 
| 100|0x00000000c6400000, 0x00000000c6500000, 0x00000000c6500000|100%| O|  |TAMS 0x00000000c6500000, 0x00000000c6400000| Updating 
| 101|0x00000000c6500000, 0x00000000c6600000, 0x00000000c6600000|100%| O|  |TAMS 0x00000000c6600000, 0x00000000c6500000| Untracked 
| 102|0x00000000c6600000, 0x00000000c6700000, 0x00000000c6700000|100%| O|  |TAMS 0x00000000c6700000, 0x00000000c6600000| Untracked 
| 103|0x00000000c6700000, 0x00000000c6800000, 0x00000000c6800000|100%|HS|  |TAMS 0x00000000c6800000, 0x00000000c6700000| Complete 
| 104|0x00000000c6800000, 0x00000000c6900000, 0x00000000c6900000|100%| O|  |TAMS 0x00000000c6900000, 0x00000000c6800000| Untracked 
| 105|0x00000000c6900000, 0x00000000c6a00000, 0x00000000c6a00000|100%| O|  |TAMS 0x00000000c6a00000, 0x00000000c6900000| Untracked 
| 106|0x00000000c6a00000, 0x00000000c6b00000, 0x00000000c6b00000|100%| O|  |TAMS 0x00000000c6b00000, 0x00000000c6a00000| Untracked 
| 107|0x00000000c6b00000, 0x00000000c6c00000, 0x00000000c6c00000|100%|HS|  |TAMS 0x00000000c6c00000, 0x00000000c6b00000| Complete 
| 108|0x00000000c6c00000, 0x00000000c6d00000, 0x00000000c6d00000|100%|HC|  |TAMS 0x00000000c6d00000, 0x00000000c6c00000| Complete 
| 109|0x00000000c6d00000, 0x00000000c6e00000, 0x00000000c6e00000|100%|HC|  |TAMS 0x00000000c6e00000, 0x00000000c6d00000| Complete 
| 110|0x00000000c6e00000, 0x00000000c6f00000, 0x00000000c6f00000|100%| O|  |TAMS 0x00000000c6f00000, 0x00000000c6e00000| Untracked 
| 111|0x00000000c6f00000, 0x00000000c7000000, 0x00000000c7000000|100%| O|  |TAMS 0x00000000c7000000, 0x00000000c6f00000| Untracked 
| 112|0x00000000c7000000, 0x00000000c7100000, 0x00000000c7100000|100%| O|  |TAMS 0x00000000c7100000, 0x00000000c7000000| Untracked 
| 113|0x00000000c7100000, 0x00000000c7200000, 0x00000000c7200000|100%| O|  |TAMS 0x00000000c7200000, 0x00000000c7100000| Untracked 
| 114|0x00000000c7200000, 0x00000000c7300000, 0x00000000c7300000|100%| O|  |TAMS 0x00000000c7300000, 0x00000000c7200000| Untracked 
| 115|0x00000000c7300000, 0x00000000c7400000, 0x00000000c7400000|100%| O|  |TAMS 0x00000000c7400000, 0x00000000c7300000| Untracked 
| 116|0x00000000c7400000, 0x00000000c7500000, 0x00000000c7500000|100%| O|  |TAMS 0x00000000c7500000, 0x00000000c7400000| Updating 
| 117|0x00000000c7500000, 0x00000000c7600000, 0x00000000c7600000|100%| O|  |TAMS 0x00000000c7600000, 0x00000000c7500000| Untracked 
| 118|0x00000000c7600000, 0x00000000c7700000, 0x00000000c7700000|100%| O|  |TAMS 0x00000000c7700000, 0x00000000c7600000| Updating 
| 119|0x00000000c7700000, 0x00000000c7800000, 0x00000000c7800000|100%| O|  |TAMS 0x00000000c7800000, 0x00000000c7700000| Untracked 
| 120|0x00000000c7800000, 0x00000000c7900000, 0x00000000c7900000|100%|HS|  |TAMS 0x00000000c7900000, 0x00000000c7800000| Complete 
| 121|0x00000000c7900000, 0x00000000c7a00000, 0x00000000c7a00000|100%|HC|  |TAMS 0x00000000c7a00000, 0x00000000c7900000| Complete 
| 122|0x00000000c7a00000, 0x00000000c7b00000, 0x00000000c7b00000|100%|HS|  |TAMS 0x00000000c7b00000, 0x00000000c7a00000| Complete 
| 123|0x00000000c7b00000, 0x00000000c7c00000, 0x00000000c7c00000|100%|HS|  |TAMS 0x00000000c7c00000, 0x00000000c7b00000| Complete 
| 124|0x00000000c7c00000, 0x00000000c7d00000, 0x00000000c7d00000|100%|HC|  |TAMS 0x00000000c7d00000, 0x00000000c7c00000| Complete 
| 125|0x00000000c7d00000, 0x00000000c7e00000, 0x00000000c7e00000|100%|HC|  |TAMS 0x00000000c7e00000, 0x00000000c7d00000| Complete 
| 126|0x00000000c7e00000, 0x00000000c7f00000, 0x00000000c7f00000|100%|HC|  |TAMS 0x00000000c7f00000, 0x00000000c7e00000| Complete 
| 127|0x00000000c7f00000, 0x00000000c8000000, 0x00000000c8000000|100%|HS|  |TAMS 0x00000000c8000000, 0x00000000c7f00000| Complete 
| 128|0x00000000c8000000, 0x00000000c8100000, 0x00000000c8100000|100%| O|  |TAMS 0x00000000c8000000, 0x00000000c8000000| Untracked 
| 129|0x00000000c8100000, 0x00000000c8200000, 0x00000000c8200000|100%|HS|  |TAMS 0x00000000c8200000, 0x00000000c8100000| Complete 
| 130|0x00000000c8200000, 0x00000000c8300000, 0x00000000c8300000|100%|HC|  |TAMS 0x00000000c8300000, 0x00000000c8200000| Complete 
| 131|0x00000000c8300000, 0x00000000c8400000, 0x00000000c8400000|100%| O|  |TAMS 0x00000000c8400000, 0x00000000c8300000| Untracked 
| 132|0x00000000c8400000, 0x00000000c8500000, 0x00000000c8500000|100%| O|  |TAMS 0x00000000c8500000, 0x00000000c8400000| Untracked 
| 133|0x00000000c8500000, 0x00000000c8600000, 0x00000000c8600000|100%| O|  |TAMS 0x00000000c8600000, 0x00000000c8500000| Untracked 
| 134|0x00000000c8600000, 0x00000000c8700000, 0x00000000c8700000|100%| O|  |TAMS 0x00000000c8700000, 0x00000000c8600000| Untracked 
| 135|0x00000000c8700000, 0x00000000c8800000, 0x00000000c8800000|100%| O|  |TAMS 0x00000000c8800000, 0x00000000c8700000| Untracked 
| 136|0x00000000c8800000, 0x00000000c8900000, 0x00000000c8900000|100%| O|  |TAMS 0x00000000c8900000, 0x00000000c8800000| Untracked 
| 137|0x00000000c8900000, 0x00000000c8a00000, 0x00000000c8a00000|100%| O|  |TAMS 0x00000000c8a00000, 0x00000000c8900000| Untracked 
| 138|0x00000000c8a00000, 0x00000000c8b00000, 0x00000000c8b00000|100%| O|  |TAMS 0x00000000c8b00000, 0x00000000c8a00000| Untracked 
| 139|0x00000000c8b00000, 0x00000000c8c00000, 0x00000000c8c00000|100%| O|  |TAMS 0x00000000c8c00000, 0x00000000c8b00000| Untracked 
| 140|0x00000000c8c00000, 0x00000000c8d00000, 0x00000000c8d00000|100%| O|  |TAMS 0x00000000c8d00000, 0x00000000c8c00000| Untracked 
| 141|0x00000000c8d00000, 0x00000000c8e00000, 0x00000000c8e00000|100%| O|  |TAMS 0x00000000c8d66c00, 0x00000000c8d00000| Untracked 
| 142|0x00000000c8e00000, 0x00000000c8f00000, 0x00000000c8f00000|100%| O|  |TAMS 0x00000000c8e00000, 0x00000000c8e00000| Untracked 
| 143|0x00000000c8f00000, 0x00000000c9000000, 0x00000000c9000000|100%| O|  |TAMS 0x00000000c8f00000, 0x00000000c8f00000| Untracked 
| 144|0x00000000c9000000, 0x00000000c9100000, 0x00000000c9100000|100%| O|  |TAMS 0x00000000c9000000, 0x00000000c9000000| Untracked 
| 145|0x00000000c9100000, 0x00000000c9200000, 0x00000000c9200000|100%| O|  |TAMS 0x00000000c9100000, 0x00000000c9100000| Untracked 
| 146|0x00000000c9200000, 0x00000000c9300000, 0x00000000c9300000|100%| O|  |TAMS 0x00000000c9200000, 0x00000000c9200000| Untracked 
| 147|0x00000000c9300000, 0x00000000c9400000, 0x00000000c9400000|100%| O|  |TAMS 0x00000000c9300000, 0x00000000c9300000| Untracked 
| 148|0x00000000c9400000, 0x00000000c946be00, 0x00000000c9500000| 42%| O|  |TAMS 0x00000000c9400000, 0x00000000c9400000| Updating 
| 149|0x00000000c9500000, 0x00000000c9500000, 0x00000000c9600000|  0%| F|  |TAMS 0x00000000c9500000, 0x00000000c9500000| Untracked 
| 150|0x00000000c9600000, 0x00000000c9600000, 0x00000000c9700000|  0%| F|  |TAMS 0x00000000c9600000, 0x00000000c9600000| Untracked 
| 151|0x00000000c9700000, 0x00000000c9700000, 0x00000000c9800000|  0%| F|  |TAMS 0x00000000c9700000, 0x00000000c9700000| Untracked 
| 152|0x00000000c9800000, 0x00000000c9800000, 0x00000000c9900000|  0%| F|  |TAMS 0x00000000c9800000, 0x00000000c9800000| Untracked 
| 153|0x00000000c9900000, 0x00000000c9900000, 0x00000000c9a00000|  0%| F|  |TAMS 0x00000000c9900000, 0x00000000c9900000| Untracked 
| 154|0x00000000c9a00000, 0x00000000c9a00000, 0x00000000c9b00000|  0%| F|  |TAMS 0x00000000c9a00000, 0x00000000c9a00000| Untracked 
| 155|0x00000000c9b00000, 0x00000000c9b00000, 0x00000000c9c00000|  0%| F|  |TAMS 0x00000000c9b00000, 0x00000000c9b00000| Untracked 
| 156|0x00000000c9c00000, 0x00000000c9c00000, 0x00000000c9d00000|  0%| F|  |TAMS 0x00000000c9c00000, 0x00000000c9c00000| Untracked 
| 157|0x00000000c9d00000, 0x00000000c9d00000, 0x00000000c9e00000|  0%| F|  |TAMS 0x00000000c9d00000, 0x00000000c9d00000| Untracked 
| 158|0x00000000c9e00000, 0x00000000c9e00000, 0x00000000c9f00000|  0%| F|  |TAMS 0x00000000c9e00000, 0x00000000c9e00000| Untracked 
| 159|0x00000000c9f00000, 0x00000000c9f00000, 0x00000000ca000000|  0%| F|  |TAMS 0x00000000c9f00000, 0x00000000c9f00000| Untracked 
| 160|0x00000000ca000000, 0x00000000ca000000, 0x00000000ca100000|  0%| F|  |TAMS 0x00000000ca000000, 0x00000000ca000000| Untracked 
| 161|0x00000000ca100000, 0x00000000ca100000, 0x00000000ca200000|  0%| F|  |TAMS 0x00000000ca100000, 0x00000000ca100000| Untracked 
| 162|0x00000000ca200000, 0x00000000ca200000, 0x00000000ca300000|  0%| F|  |TAMS 0x00000000ca200000, 0x00000000ca200000| Untracked 
| 163|0x00000000ca300000, 0x00000000ca300000, 0x00000000ca400000|  0%| F|  |TAMS 0x00000000ca300000, 0x00000000ca300000| Untracked 
| 164|0x00000000ca400000, 0x00000000ca400000, 0x00000000ca500000|  0%| F|  |TAMS 0x00000000ca400000, 0x00000000ca400000| Untracked 
| 165|0x00000000ca500000, 0x00000000ca500000, 0x00000000ca600000|  0%| F|  |TAMS 0x00000000ca500000, 0x00000000ca500000| Untracked 
| 166|0x00000000ca600000, 0x00000000ca600000, 0x00000000ca700000|  0%| F|  |TAMS 0x00000000ca600000, 0x00000000ca600000| Untracked 
| 167|0x00000000ca700000, 0x00000000ca700000, 0x00000000ca800000|  0%| F|  |TAMS 0x00000000ca700000, 0x00000000ca700000| Untracked 
| 168|0x00000000ca800000, 0x00000000ca800000, 0x00000000ca900000|  0%| F|  |TAMS 0x00000000ca800000, 0x00000000ca800000| Untracked 
| 169|0x00000000ca900000, 0x00000000ca900000, 0x00000000caa00000|  0%| F|  |TAMS 0x00000000ca900000, 0x00000000ca900000| Untracked 
| 170|0x00000000caa00000, 0x00000000caa00000, 0x00000000cab00000|  0%| F|  |TAMS 0x00000000caa00000, 0x00000000caa00000| Untracked 
| 171|0x00000000cab00000, 0x00000000cab00000, 0x00000000cac00000|  0%| F|  |TAMS 0x00000000cab00000, 0x00000000cab00000| Untracked 
| 172|0x00000000cac00000, 0x00000000cac00000, 0x00000000cad00000|  0%| F|  |TAMS 0x00000000cac00000, 0x00000000cac00000| Untracked 
| 173|0x00000000cad00000, 0x00000000cad00000, 0x00000000cae00000|  0%| F|  |TAMS 0x00000000cad00000, 0x00000000cad00000| Untracked 
| 174|0x00000000cae00000, 0x00000000cae6d560, 0x00000000caf00000| 42%| S|CS|TAMS 0x00000000cae00000, 0x00000000cae00000| Complete 
| 175|0x00000000caf00000, 0x00000000cb000000, 0x00000000cb000000|100%| S|CS|TAMS 0x00000000caf00000, 0x00000000caf00000| Complete 
| 176|0x00000000cb000000, 0x00000000cb100000, 0x00000000cb100000|100%| S|CS|TAMS 0x00000000cb000000, 0x00000000cb000000| Complete 
| 177|0x00000000cb100000, 0x00000000cb200000, 0x00000000cb200000|100%| S|CS|TAMS 0x00000000cb100000, 0x00000000cb100000| Complete 
| 178|0x00000000cb200000, 0x00000000cb200000, 0x00000000cb300000|  0%| F|  |TAMS 0x00000000cb200000, 0x00000000cb200000| Untracked 
| 179|0x00000000cb300000, 0x00000000cb300000, 0x00000000cb400000|  0%| F|  |TAMS 0x00000000cb300000, 0x00000000cb300000| Untracked 
| 180|0x00000000cb400000, 0x00000000cb400000, 0x00000000cb500000|  0%| F|  |TAMS 0x00000000cb400000, 0x00000000cb400000| Untracked 
| 181|0x00000000cb500000, 0x00000000cb500000, 0x00000000cb600000|  0%| F|  |TAMS 0x00000000cb500000, 0x00000000cb500000| Untracked 
| 182|0x00000000cb600000, 0x00000000cb600000, 0x00000000cb700000|  0%| F|  |TAMS 0x00000000cb600000, 0x00000000cb600000| Untracked 
| 183|0x00000000cb700000, 0x00000000cb700000, 0x00000000cb800000|  0%| F|  |TAMS 0x00000000cb700000, 0x00000000cb700000| Untracked 
| 184|0x00000000cb800000, 0x00000000cb8c07c0, 0x00000000cb900000| 75%| E|  |TAMS 0x00000000cb800000, 0x00000000cb800000| Complete 
| 185|0x00000000cb900000, 0x00000000cba00000, 0x00000000cba00000|100%| E|CS|TAMS 0x00000000cb900000, 0x00000000cb900000| Complete 
| 186|0x00000000cba00000, 0x00000000cbb00000, 0x00000000cbb00000|100%| E|CS|TAMS 0x00000000cba00000, 0x00000000cba00000| Complete 
| 187|0x00000000cbb00000, 0x00000000cbc00000, 0x00000000cbc00000|100%| E|CS|TAMS 0x00000000cbb00000, 0x00000000cbb00000| Complete 
| 188|0x00000000cbc00000, 0x00000000cbd00000, 0x00000000cbd00000|100%| E|CS|TAMS 0x00000000cbc00000, 0x00000000cbc00000| Complete 
| 189|0x00000000cbd00000, 0x00000000cbe00000, 0x00000000cbe00000|100%| E|CS|TAMS 0x00000000cbd00000, 0x00000000cbd00000| Complete 
| 190|0x00000000cbe00000, 0x00000000cbf00000, 0x00000000cbf00000|100%| E|CS|TAMS 0x00000000cbe00000, 0x00000000cbe00000| Complete 
| 191|0x00000000cbf00000, 0x00000000cc000000, 0x00000000cc000000|100%| E|CS|TAMS 0x00000000cbf00000, 0x00000000cbf00000| Complete 
| 192|0x00000000cc000000, 0x00000000cc100000, 0x00000000cc100000|100%| E|CS|TAMS 0x00000000cc000000, 0x00000000cc000000| Complete 
| 193|0x00000000cc100000, 0x00000000cc200000, 0x00000000cc200000|100%| E|CS|TAMS 0x00000000cc100000, 0x00000000cc100000| Complete 
| 194|0x00000000cc200000, 0x00000000cc300000, 0x00000000cc300000|100%| E|  |TAMS 0x00000000cc200000, 0x00000000cc200000| Complete 
| 195|0x00000000cc300000, 0x00000000cc400000, 0x00000000cc400000|100%| E|CS|TAMS 0x00000000cc300000, 0x00000000cc300000| Complete 
| 196|0x00000000cc400000, 0x00000000cc500000, 0x00000000cc500000|100%| E|CS|TAMS 0x00000000cc400000, 0x00000000cc400000| Complete 
| 197|0x00000000cc500000, 0x00000000cc600000, 0x00000000cc600000|100%| E|CS|TAMS 0x00000000cc500000, 0x00000000cc500000| Complete 
| 198|0x00000000cc600000, 0x00000000cc700000, 0x00000000cc700000|100%| E|CS|TAMS 0x00000000cc600000, 0x00000000cc600000| Complete 
| 199|0x00000000cc700000, 0x00000000cc800000, 0x00000000cc800000|100%| E|CS|TAMS 0x00000000cc700000, 0x00000000cc700000| Complete 
| 200|0x00000000cc800000, 0x00000000cc900000, 0x00000000cc900000|100%| E|CS|TAMS 0x00000000cc800000, 0x00000000cc800000| Complete 
| 201|0x00000000cc900000, 0x00000000cca00000, 0x00000000cca00000|100%| E|CS|TAMS 0x00000000cc900000, 0x00000000cc900000| Complete 

Card table byte_map: [0x000001f723b90000,0x000001f723d90000] _byte_map_base: 0x000001f723590000

Marking Bits (Prev, Next): (CMBitMap*) 0x000001f70ce4c4a0, (CMBitMap*) 0x000001f70ce4c4e0
 Prev Bits: [0x000001f723f90000, 0x000001f724f90000)
 Next Bits: [0x000001f724f90000, 0x000001f725f90000)

Polling page: 0x000001f70ac40000

Metaspace:

Usage:
  Non-class:     89.16 MB used.
      Class:     14.46 MB used.
       Both:    103.62 MB used.

Virtual space:
  Non-class space:      128.00 MB reserved,      89.69 MB ( 70%) committed,  2 nodes.
      Class space:      208.00 MB reserved,      14.94 MB (  7%) committed,  1 nodes.
             Both:      336.00 MB reserved,     104.62 MB ( 31%) committed. 

Chunk freelists:
   Non-Class:  6.24 MB
       Class:  1.09 MB
        Both:  7.33 MB

MaxMetaspaceSize: 256.00 MB
CompressedClassSpaceSize: 208.00 MB
Initial GC threshold: 21.00 MB
Current GC threshold: 155.25 MB
CDS: on
MetaspaceReclaimPolicy: balanced
 - commit_granule_bytes: 65536.
 - commit_granule_words: 8192.
 - virtual_space_node_default_size: 8388608.
 - enlarge_chunks_in_place: 1.
 - new_chunks_are_fully_committed: 0.
 - uncommit_free_chunks: 1.
 - use_allocation_guard: 0.
 - handle_deallocations: 1.


Internal statistics:

num_allocs_failed_limit: 6.
num_arena_births: 1316.
num_arena_deaths: 2.
num_vsnodes_births: 3.
num_vsnodes_deaths: 0.
num_space_committed: 1674.
num_space_uncommitted: 0.
num_chunks_returned_to_freelist: 11.
num_chunks_taken_from_freelist: 5946.
num_chunk_merges: 6.
num_chunk_splits: 3892.
num_chunks_enlarged: 2589.
num_inconsistent_stats: 0.

CodeHeap 'non-profiled nmethods': size=120000Kb used=7198Kb max_used=7214Kb free=112801Kb
 bounds [0x000001f71c460000, 0x000001f71cb70000, 0x000001f723990000]
CodeHeap 'profiled nmethods': size=120000Kb used=25059Kb max_used=25060Kb free=94940Kb
 bounds [0x000001f714990000, 0x000001f716210000, 0x000001f71bec0000]
CodeHeap 'non-nmethods': size=5760Kb used=2430Kb max_used=2500Kb free=3329Kb
 bounds [0x000001f71bec0000, 0x000001f71c140000, 0x000001f71c460000]
 total_blobs=13862 nmethods=12899 adapters=874
 compilation: enabled
              stopped_count=0, restarted_count=0
 full_count=0

Compilation events (20 events):
Event: 58.425 Thread 0x000001f728426ff0 nmethod 14994 0x000001f716202610 code [0x000001f716202a40, 0x000001f716204d58]
Event: 58.429 Thread 0x000001f728426ff0 14995       3       org.gradle.api.internal.artifacts.configurations.DefaultConfiguration$$Lambda$674/0x000001f72a53b200::execute (16 bytes)
Event: 58.430 Thread 0x000001f728426ff0 nmethod 14995 0x000001f716205e10 code [0x000001f716205fc0, 0x000001f7162062e8]
Event: 58.430 Thread 0x000001f728426ff0 14996       3       org.gradle.api.internal.artifacts.configurations.DefaultConfiguration::lambda$validateMutationType$1 (8 bytes)
Event: 58.430 Thread 0x000001f728426ff0 nmethod 14996 0x000001f716206410 code [0x000001f7162065c0, 0x000001f716206768]
Event: 58.431 Thread 0x000001f728426ff0 14998       3       com.google.common.base.Preconditions::checkPositionIndex (25 bytes)
Event: 58.431 Thread 0x000001f728426ff0 nmethod 14998 0x000001f716206810 code [0x000001f7162069e0, 0x000001f716206c38]
Event: 58.431 Thread 0x000001f728426ff0 14999       3       org.gradle.api.internal.provider.ValueSupplier$UnknownProducer::visitProducerTasks (1 bytes)
Event: 58.432 Thread 0x000001f728426ff0 nmethod 14999 0x000001f716206d90 code [0x000001f716206f20, 0x000001f716207038]
Event: 58.434 Thread 0x000001f728426ff0 15000       1       org.gradle.api.internal.plugins.PluginInspector$PotentialImperativeClassPlugin::isImperative (2 bytes)
Event: 58.434 Thread 0x000001f728426ff0 nmethod 15000 0x000001f71cb6b590 code [0x000001f71cb6b720, 0x000001f71cb6b7f8]
Event: 58.434 Thread 0x000001f728426ff0 15001       1       org.gradle.api.internal.plugins.PluginInspector$PotentialImperativeClassPlugin::isHasRules (2 bytes)
Event: 58.434 Thread 0x000001f728426ff0 nmethod 15001 0x000001f71cb6b890 code [0x000001f71cb6ba20, 0x000001f71cb6baf8]
Event: 58.437 Thread 0x000001f728426ff0 15003       3       org.gradle.internal.extensibility.DefaultConvention::add (11 bytes)
Event: 58.438 Thread 0x000001f728426ff0 nmethod 15003 0x000001f716207110 code [0x000001f7162072c0, 0x000001f716207408]
Event: 58.442 Thread 0x000001f728426ff0 15005       3       org.gradle.internal.instantiation.generator.DefaultInstantiationScheme::withServices (25 bytes)
Event: 58.442 Thread 0x000001f728426ff0 nmethod 15005 0x000001f716207510 code [0x000001f7162076c0, 0x000001f716207888]
Event: 58.447 Thread 0x000001f728426ff0 15007       2       groovy.lang.MetaClassImpl::chooseMethodInternal (269 bytes)
Event: 58.448 Thread 0x000001f728426ff0 nmethod 15007 0x000001f716207990 code [0x000001f716207c80, 0x000001f716208ab8]
Event: 58.455 Thread 0x000001f728426ff0 15010       3       org.gradle.api.internal.artifacts.ivyservice.resolutionstrategy.DefaultCapabilitiesResolution::<init> (34 bytes)

GC Heap History (20 events):
Event: 47.263 GC heap before
{Heap before GC invocations=49 (full 0):
 garbage-first heap   total 177152K, used 146221K [0x00000000c0000000, 0x0000000100000000)
  region size 1024K, 39 young (39936K), 3 survivors (3072K)
 Metaspace       used 91979K, committed 92928K, reserved 344064K
  class space    used 12664K, committed 13120K, reserved 212992K
}
Event: 47.270 GC heap after
{Heap after GC invocations=50 (full 0):
 garbage-first heap   total 177152K, used 110523K [0x00000000c0000000, 0x0000000100000000)
  region size 1024K, 4 young (4096K), 4 survivors (4096K)
 Metaspace       used 91979K, committed 92928K, reserved 344064K
  class space    used 12664K, committed 13120K, reserved 212992K
}
Event: 49.054 GC heap before
{Heap before GC invocations=50 (full 0):
 garbage-first heap   total 177152K, used 151483K [0x00000000c0000000, 0x0000000100000000)
  region size 1024K, 41 young (41984K), 4 survivors (4096K)
 Metaspace       used 94063K, committed 94976K, reserved 344064K
  class space    used 12977K, committed 13440K, reserved 212992K
}
Event: 49.063 GC heap after
{Heap after GC invocations=51 (full 0):
 garbage-first heap   total 177152K, used 116569K [0x00000000c0000000, 0x0000000100000000)
  region size 1024K, 5 young (5120K), 5 survivors (5120K)
 Metaspace       used 94063K, committed 94976K, reserved 344064K
  class space    used 12977K, committed 13440K, reserved 212992K
}
Event: 49.686 GC heap before
{Heap before GC invocations=51 (full 0):
 garbage-first heap   total 177152K, used 149337K [0x00000000c0000000, 0x0000000100000000)
  region size 1024K, 37 young (37888K), 5 survivors (5120K)
 Metaspace       used 94273K, committed 95168K, reserved 344064K
  class space    used 13011K, committed 13440K, reserved 212992K
}
Event: 49.697 GC heap after
{Heap after GC invocations=52 (full 0):
 garbage-first heap   total 177152K, used 119255K [0x00000000c0000000, 0x0000000100000000)
  region size 1024K, 3 young (3072K), 3 survivors (3072K)
 Metaspace       used 94273K, committed 95168K, reserved 344064K
  class space    used 13011K, committed 13440K, reserved 212992K
}
Event: 51.429 GC heap before
{Heap before GC invocations=53 (full 0):
 garbage-first heap   total 206848K, used 146903K [0x00000000c0000000, 0x0000000100000000)
  region size 1024K, 30 young (30720K), 3 survivors (3072K)
 Metaspace       used 96226K, committed 97152K, reserved 344064K
  class space    used 13269K, committed 13696K, reserved 212992K
}
Event: 51.437 GC heap after
{Heap after GC invocations=54 (full 0):
 garbage-first heap   total 206848K, used 120656K [0x00000000c0000000, 0x0000000100000000)
  region size 1024K, 2 young (2048K), 2 survivors (2048K)
 Metaspace       used 96226K, committed 97152K, reserved 344064K
  class space    used 13269K, committed 13696K, reserved 212992K
}
Event: 52.019 GC heap before
{Heap before GC invocations=54 (full 0):
 garbage-first heap   total 206848K, used 128848K [0x00000000c0000000, 0x0000000100000000)
  region size 1024K, 10 young (10240K), 2 survivors (2048K)
 Metaspace       used 96767K, committed 97728K, reserved 344064K
  class space    used 13349K, committed 13760K, reserved 212992K
}
Event: 52.026 GC heap after
{Heap after GC invocations=55 (full 0):
 garbage-first heap   total 206848K, used 120234K [0x00000000c0000000, 0x0000000100000000)
  region size 1024K, 1 young (1024K), 1 survivors (1024K)
 Metaspace       used 96767K, committed 97728K, reserved 344064K
  class space    used 13349K, committed 13760K, reserved 212992K
}
Event: 53.834 GC heap before
{Heap before GC invocations=55 (full 0):
 garbage-first heap   total 206848K, used 171434K [0x00000000c0000000, 0x0000000100000000)
  region size 1024K, 50 young (51200K), 1 survivors (1024K)
 Metaspace       used 100275K, committed 101184K, reserved 344064K
  class space    used 13982K, committed 14400K, reserved 212992K
}
Event: 53.841 GC heap after
{Heap after GC invocations=56 (full 0):
 garbage-first heap   total 206848K, used 121546K [0x00000000c0000000, 0x0000000100000000)
  region size 1024K, 2 young (2048K), 2 survivors (2048K)
 Metaspace       used 100275K, committed 101184K, reserved 344064K
  class space    used 13982K, committed 14400K, reserved 212992K
}
Event: 55.232 GC heap before
{Heap before GC invocations=56 (full 0):
 garbage-first heap   total 206848K, used 171722K [0x00000000c0000000, 0x0000000100000000)
  region size 1024K, 51 young (52224K), 2 survivors (2048K)
 Metaspace       used 103601K, committed 104576K, reserved 344064K
  class space    used 14463K, committed 14912K, reserved 212992K
}
Event: 55.240 GC heap after
{Heap after GC invocations=57 (full 0):
 garbage-first heap   total 206848K, used 124025K [0x00000000c0000000, 0x0000000100000000)
  region size 1024K, 5 young (5120K), 5 survivors (5120K)
 Metaspace       used 103601K, committed 104576K, reserved 344064K
  class space    used 14463K, committed 14912K, reserved 212992K
}
Event: 56.395 GC heap before
{Heap before GC invocations=57 (full 0):
 garbage-first heap   total 206848K, used 172153K [0x00000000c0000000, 0x0000000100000000)
  region size 1024K, 53 young (54272K), 5 survivors (5120K)
 Metaspace       used 104185K, committed 105216K, reserved 344064K
  class space    used 14513K, committed 14976K, reserved 212992K
}
Event: 56.410 GC heap after
{Heap after GC invocations=58 (full 0):
 garbage-first heap   total 206848K, used 129237K [0x00000000c0000000, 0x0000000100000000)
  region size 1024K, 7 young (7168K), 7 survivors (7168K)
 Metaspace       used 104185K, committed 105216K, reserved 344064K
  class space    used 14513K, committed 14976K, reserved 212992K
}
Event: 57.352 GC heap before
{Heap before GC invocations=58 (full 0):
 garbage-first heap   total 206848K, used 183509K [0x00000000c0000000, 0x0000000100000000)
  region size 1024K, 50 young (51200K), 7 survivors (7168K)
 Metaspace       used 105251K, committed 106304K, reserved 344064K
  class space    used 14667K, committed 15168K, reserved 212992K
}
Event: 57.370 GC heap after
{Heap after GC invocations=59 (full 0):
 garbage-first heap   total 206848K, used 150939K [0x00000000c0000000, 0x0000000100000000)
  region size 1024K, 7 young (7168K), 7 survivors (7168K)
 Metaspace       used 105251K, committed 106304K, reserved 344064K
  class space    used 14667K, committed 15168K, reserved 212992K
}
Event: 58.073 GC heap before
{Heap before GC invocations=59 (full 0):
 garbage-first heap   total 206848K, used 175515K [0x00000000c0000000, 0x0000000100000000)
  region size 1024K, 31 young (31744K), 7 survivors (7168K)
 Metaspace       used 106039K, committed 107072K, reserved 344064K
  class space    used 14805K, committed 15296K, reserved 212992K
}
Event: 58.086 GC heap after
{Heap after GC invocations=60 (full 0):
 garbage-first heap   total 206848K, used 155492K [0x00000000c0000000, 0x0000000100000000)
  region size 1024K, 4 young (4096K), 4 survivors (4096K)
 Metaspace       used 106039K, committed 107072K, reserved 344064K
  class space    used 14805K, committed 15296K, reserved 212992K
}

Dll operation events (15 events):
Event: 0.028 Loaded shared library C:\Program Files\Microsoft\jdk-17.0.18.8-hotspot\bin\java.dll
Event: 0.078 Loaded shared library C:\Program Files\Microsoft\jdk-17.0.18.8-hotspot\bin\jsvml.dll
Event: 0.176 Loaded shared library C:\Program Files\Microsoft\jdk-17.0.18.8-hotspot\bin\zip.dll
Event: 0.188 Loaded shared library C:\Program Files\Microsoft\jdk-17.0.18.8-hotspot\bin\instrument.dll
Event: 0.194 Loaded shared library C:\Program Files\Microsoft\jdk-17.0.18.8-hotspot\bin\net.dll
Event: 0.196 Loaded shared library C:\Program Files\Microsoft\jdk-17.0.18.8-hotspot\bin\nio.dll
Event: 0.201 Loaded shared library C:\Program Files\Microsoft\jdk-17.0.18.8-hotspot\bin\zip.dll
Event: 0.756 Loaded shared library C:\Program Files\Microsoft\jdk-17.0.18.8-hotspot\bin\jimage.dll
Event: 0.904 Loaded shared library C:\Program Files\Microsoft\jdk-17.0.18.8-hotspot\bin\verify.dll
Event: 1.298 Loaded shared library C:\Users\Administrator\.gradle\native\c067742578af261105cb4f569cf0c3c89f3d7b1fecec35dd04571415982c5e48\windows-amd64\native-platform.dll
Event: 1.330 Loaded shared library C:\Users\Administrator\.gradle\native\38dada09dfb8b06ba9b0570ebf7e218e3eb74d4ef43ca46872605cf95ebc2f47\windows-amd64\native-platform-file-events.dll
Event: 3.309 Loaded shared library C:\Program Files\Microsoft\jdk-17.0.18.8-hotspot\bin\management.dll
Event: 3.312 Loaded shared library C:\Program Files\Microsoft\jdk-17.0.18.8-hotspot\bin\management_ext.dll
Event: 3.615 Loaded shared library C:\Program Files\Microsoft\jdk-17.0.18.8-hotspot\bin\extnet.dll
Event: 3.956 Loaded shared library C:\Program Files\Microsoft\jdk-17.0.18.8-hotspot\bin\sunmscapi.dll

Deoptimization events (20 events):
Event: 58.295 Thread 0x000001f73bc49a80 DEOPT PACKING pc=0x000001f71c4ddcbc sp=0x00000066015f80f0
Event: 58.295 Thread 0x000001f73bc49a80 DEOPT UNPACKING pc=0x000001f71bf169a3 sp=0x00000066015f8058 mode 2
Event: 58.300 Thread 0x000001f73bc49a80 Uncommon trap: trap_request=0xffffffde fr.pc=0x000001f71c4ddcbc relative=0x000000000000027c
Event: 58.300 Thread 0x000001f73bc49a80 Uncommon trap: reason=class_check action=maybe_recompile pc=0x000001f71c4ddcbc method=java.util.concurrent.ConcurrentHashMap.get(Ljava/lang/Object;)Ljava/lang/Object; @ 93 c2
Event: 58.300 Thread 0x000001f73bc49a80 DEOPT PACKING pc=0x000001f71c4ddcbc sp=0x00000066015f80f0
Event: 58.301 Thread 0x000001f73bc49a80 DEOPT UNPACKING pc=0x000001f71bf169a3 sp=0x00000066015f8058 mode 2
Event: 58.301 Thread 0x000001f73bc49a80 Uncommon trap: trap_request=0xffffffde fr.pc=0x000001f71c4ddcbc relative=0x000000000000027c
Event: 58.301 Thread 0x000001f73bc49a80 Uncommon trap: reason=class_check action=maybe_recompile pc=0x000001f71c4ddcbc method=java.util.concurrent.ConcurrentHashMap.get(Ljava/lang/Object;)Ljava/lang/Object; @ 93 c2
Event: 58.301 Thread 0x000001f73bc49a80 DEOPT PACKING pc=0x000001f71c4ddcbc sp=0x00000066015f80f0
Event: 58.301 Thread 0x000001f73bc49a80 DEOPT UNPACKING pc=0x000001f71bf169a3 sp=0x00000066015f8058 mode 2
Event: 58.302 Thread 0x000001f73bc49a80 Uncommon trap: trap_request=0xffffffde fr.pc=0x000001f71c4ddcbc relative=0x000000000000027c
Event: 58.302 Thread 0x000001f73bc49a80 Uncommon trap: reason=class_check action=maybe_recompile pc=0x000001f71c4ddcbc method=java.util.concurrent.ConcurrentHashMap.get(Ljava/lang/Object;)Ljava/lang/Object; @ 93 c2
Event: 58.302 Thread 0x000001f73bc49a80 DEOPT PACKING pc=0x000001f71c4ddcbc sp=0x00000066015f80f0
Event: 58.302 Thread 0x000001f73bc49a80 DEOPT UNPACKING pc=0x000001f71bf169a3 sp=0x00000066015f8058 mode 2
Event: 58.368 Thread 0x000001f73df7da60 Uncommon trap: trap_request=0xffffff45 fr.pc=0x000001f71c544548 relative=0x0000000000001368
Event: 58.368 Thread 0x000001f73df7da60 Uncommon trap: reason=unstable_if action=reinterpret pc=0x000001f71c544548 method=java.util.concurrent.ConcurrentHashMap.transfer([Ljava/util/concurrent/ConcurrentHashMap$Node;[Ljava/util/concurrent/ConcurrentHashMap$Node;)V @ 347 c2
Event: 58.368 Thread 0x000001f73df7da60 DEOPT PACKING pc=0x000001f71c544548 sp=0x0000006602dfe350
Event: 58.368 Thread 0x000001f73df7da60 DEOPT UNPACKING pc=0x000001f71bf169a3 sp=0x0000006602dfe2d0 mode 2
Event: 58.452 Thread 0x000001f73bc49a80 DEOPT PACKING pc=0x000001f7155b304c sp=0x00000066015f6fb0
Event: 58.452 Thread 0x000001f73bc49a80 DEOPT UNPACKING pc=0x000001f71bf17143 sp=0x00000066015f64d0 mode 0

Classes loaded (20 events):
Event: 56.968 Loading class java/lang/BooleanCustomizer
Event: 56.968 Loading class java/lang/BooleanCustomizer done
Event: 56.969 Loading class jdk/internal/ValueBased
Event: 56.969 Loading class jdk/internal/ValueBased done
Event: 57.016 Loading class java/util/HashMapBeanInfo
Event: 57.016 Loading class java/util/HashMapBeanInfo done
Event: 57.019 Loading class java/util/HashMapBeanInfo
Event: 57.019 Loading class java/util/HashMapBeanInfo done
Event: 57.019 Loading class java/util/AbstractMapBeanInfo
Event: 57.019 Loading class java/util/AbstractMapBeanInfo done
Event: 57.020 Loading class java/util/AbstractMapBeanInfo
Event: 57.020 Loading class java/util/AbstractMapBeanInfo done
Event: 57.020 Loading class java/util/AbstractMapCustomizer
Event: 57.020 Loading class java/util/AbstractMapCustomizer done
Event: 57.021 Loading class java/util/AbstractMapCustomizer
Event: 57.021 Loading class java/util/AbstractMapCustomizer done
Event: 57.022 Loading class java/util/HashMapCustomizer
Event: 57.022 Loading class java/util/HashMapCustomizer done
Event: 57.023 Loading class java/util/HashMapCustomizer
Event: 57.023 Loading class java/util/HashMapCustomizer done

Classes unloaded (2 events):
Event: 40.641 Thread 0x000001f7284014a0 Unloading class 0x000001f72ab34c00 '_BuildScript_$_run_closure1'
Event: 40.641 Thread 0x000001f7284014a0 Unloading class 0x000001f72ab34000 '_BuildScript_'

Classes redefined (0 events):
No events

Internal exceptions (20 events):
Event: 57.139 Thread 0x000001f73bc49a80 Exception <a 'java/lang/ClassNotFoundException'{0x00000000ca774100}: org/gradle/api/internal/artifacts/repositories/DefaultMavenArtifactRepositoryBeanInfo> (0x00000000ca774100) 
thrown [s\src\hotspot\share\classfile\systemDictionary.cpp, line 256]
Event: 57.141 Thread 0x000001f73bc49a80 Exception <a 'java/lang/ClassNotFoundException'{0x00000000ca793060}: org/gradle/api/internal/artifacts/repositories/AbstractAuthenticationSupportedRepositoryBeanInfo> (0x00000000ca793060) 
thrown [s\src\hotspot\share\classfile\systemDictionary.cpp, line 256]
Event: 57.143 Thread 0x000001f73bc49a80 Exception <a 'java/lang/ClassNotFoundException'{0x00000000ca7b2808}: org/gradle/api/internal/artifacts/repositories/AbstractResolutionAwareArtifactRepositoryBeanInfo> (0x00000000ca7b2808) 
thrown [s\src\hotspot\share\classfile\systemDictionary.cpp, line 256]
Event: 57.148 Thread 0x000001f73bc49a80 Exception <a 'java/lang/ClassNotFoundException'{0x00000000ca7d1e58}: org/gradle/api/internal/artifacts/repositories/AbstractArtifactRepositoryBeanInfo> (0x00000000ca7d1e58) 
thrown [s\src\hotspot\share\classfile\systemDictionary.cpp, line 256]
Event: 57.153 Thread 0x000001f73bc49a80 Exception <a 'java/lang/ClassNotFoundException'{0x00000000ca7f0f58}: org/gradle/api/internal/artifacts/repositories/AbstractArtifactRepositoryCustomizer> (0x00000000ca7f0f58) 
thrown [s\src\hotspot\share\classfile\systemDictionary.cpp, line 256]
Event: 57.157 Thread 0x000001f73bc49a80 Exception <a 'java/lang/ClassNotFoundException'{0x00000000ca6313a8}: org/gradle/api/internal/artifacts/repositories/AbstractResolutionAwareArtifactRepositoryCustomizer> (0x00000000ca6313a8) 
thrown [s\src\hotspot\share\classfile\systemDictionary.cpp, line 256]
Event: 57.159 Thread 0x000001f73bc49a80 Exception <a 'java/lang/ClassNotFoundException'{0x00000000ca65b0e0}: org/gradle/api/internal/artifacts/repositories/AbstractAuthenticationSupportedRepositoryCustomizer> (0x00000000ca65b0e0) 
thrown [s\src\hotspot\share\classfile\systemDictionary.cpp, line 256]
Event: 57.162 Thread 0x000001f73bc49a80 Exception <a 'java/lang/ClassNotFoundException'{0x00000000ca68ebc8}: org/gradle/api/internal/artifacts/repositories/DefaultMavenArtifactRepositoryCustomizer> (0x00000000ca68ebc8) 
thrown [s\src\hotspot\share\classfile\systemDictionary.cpp, line 256]
Event: 57.165 Thread 0x000001f73bc49a80 Exception <a 'java/lang/ClassNotFoundException'{0x00000000ca6c7390}: org/gradle/api/internal/artifacts/repositories/DefaultMavenArtifactRepository_DecoratedCustomizer> (0x00000000ca6c7390) 
thrown [s\src\hotspot\share\classfile\systemDictionary.cpp, line 256]
Event: 57.636 Thread 0x000001f73bc49a80 Exception <a 'java/lang/ClassNotFoundException'{0x00000000cc02ec78}: com/android/build/gradle/internal/api/LibraryVariantOutputImpl_DecoratedBeanInfo> (0x00000000cc02ec78) 
thrown [s\src\hotspot\share\classfile\systemDictionary.cpp, line 256]
Event: 57.637 Thread 0x000001f73bc49a80 Exception <a 'java/lang/ClassNotFoundException'{0x00000000cc03d538}: com/android/build/gradle/internal/api/LibraryVariantOutputImplBeanInfo> (0x00000000cc03d538) 
thrown [s\src\hotspot\share\classfile\systemDictionary.cpp, line 256]
Event: 57.637 Thread 0x000001f73bc49a80 Exception <a 'java/lang/ClassNotFoundException'{0x00000000cc04be48}: com/android/build/gradle/internal/api/LibraryVariantOutputImplCustomizer> (0x00000000cc04be48) 
thrown [s\src\hotspot\share\classfile\systemDictionary.cpp, line 256]
Event: 57.639 Thread 0x000001f73bc49a80 Exception <a 'java/lang/ClassNotFoundException'{0x00000000cc063810}: com/android/build/gradle/internal/api/LibraryVariantOutputImpl_DecoratedCustomizer> (0x00000000cc063810) 
thrown [s\src\hotspot\share\classfile\systemDictionary.cpp, line 256]
Event: 57.805 Thread 0x000001f73bc49a80 Exception <a 'java/lang/ClassNotFoundException'{0x00000000cbbb0e88}: build_69yr0abhcnw3aleak1gbsirm0BeanInfo> (0x00000000cbbb0e88) 
thrown [s\src\hotspot\share\classfile\systemDictionary.cpp, line 256]
Event: 57.805 Thread 0x000001f73bc49a80 Exception <a 'java/lang/ClassNotFoundException'{0x00000000cbbb78c8}: build_69yr0abhcnw3aleak1gbsirm0Customizer> (0x00000000cbbb78c8) 
thrown [s\src\hotspot\share\classfile\systemDictionary.cpp, line 256]
Event: 57.812 Thread 0x000001f73bc49a80 Exception <a 'java/lang/NoSuchMethodError'{0x00000000cbbf1698}: 'java.lang.Object java.lang.invoke.DirectMethodHandle$Holder.invokeStatic(java.lang.Object, java.lang.Object, java.lang.Object, java.lang.Object, int)'> (0x00000000cbbf1698) 
thrown [s\src\hotspot\share\interpreter\linkResolver.cpp, line 759]
Event: 57.821 Thread 0x000001f73bc49a80 Exception <a 'java/lang/ClassNotFoundException'{0x00000000cba2f080}: build_69yr0abhcnw3aleak1gbsirm0$_run_closure1BeanInfo> (0x00000000cba2f080) 
thrown [s\src\hotspot\share\classfile\systemDictionary.cpp, line 256]
Event: 57.821 Thread 0x000001f73bc49a80 Exception <a 'java/lang/ClassNotFoundException'{0x00000000cba37590}: build_69yr0abhcnw3aleak1gbsirm0$_run_closure1Customizer> (0x00000000cba37590) 
thrown [s\src\hotspot\share\classfile\systemDictionary.cpp, line 256]
Event: 58.425 Thread 0x000001f73bc49a80 Exception <a 'java/lang/ClassNotFoundException'{0x00000000cb9fcbe8}: build_69yr0abhcnw3aleak1gbsirm0BeanInfo> (0x00000000cb9fcbe8) 
thrown [s\src\hotspot\share\classfile\systemDictionary.cpp, line 256]
Event: 58.426 Thread 0x000001f73bc49a80 Exception <a 'java/lang/ClassNotFoundException'{0x00000000cb8038c0}: build_69yr0abhcnw3aleak1gbsirm0Customizer> (0x00000000cb8038c0) 
thrown [s\src\hotspot\share\classfile\systemDictionary.cpp, line 256]

VM Operations (20 events):
Event: 55.192 Executing VM operation: HandshakeAllThreads done
Event: 55.231 Executing VM operation: G1CollectForAllocation
Event: 55.240 Executing VM operation: G1CollectForAllocation done
Event: 55.896 Executing VM operation: ICBufferFull
Event: 55.897 Executing VM operation: ICBufferFull done
Event: 56.395 Executing VM operation: G1CollectForAllocation
Event: 56.410 Executing VM operation: G1CollectForAllocation done
Event: 56.886 Executing VM operation: HandshakeAllThreads
Event: 56.886 Executing VM operation: HandshakeAllThreads done
Event: 57.176 Executing VM operation: HandshakeAllThreads
Event: 57.176 Executing VM operation: HandshakeAllThreads done
Event: 57.352 Executing VM operation: G1CollectForAllocation
Event: 57.370 Executing VM operation: G1CollectForAllocation done
Event: 58.073 Executing VM operation: G1CollectForAllocation
Event: 58.086 Executing VM operation: G1CollectForAllocation done
Event: 58.445 Executing VM operation: HandshakeAllThreads
Event: 58.446 Executing VM operation: HandshakeAllThreads done
Event: 58.446 Executing VM operation: HandshakeAllThreads
Event: 58.446 Executing VM operation: HandshakeAllThreads done
Event: 58.456 Executing VM operation: G1PauseRemark

Memory protections (0 events):
No events

Nmethod flushes (20 events):
Event: 35.269 Thread 0x000001f72845c840 flushing  nmethod 0x000001f715cc0510
Event: 35.269 Thread 0x000001f72845c840 flushing  nmethod 0x000001f715cc0890
Event: 35.269 Thread 0x000001f72845c840 flushing  nmethod 0x000001f715cc1310
Event: 35.269 Thread 0x000001f72845c840 flushing  nmethod 0x000001f715cc1f90
Event: 35.269 Thread 0x000001f72845c840 flushing  nmethod 0x000001f715cc2a10
Event: 35.269 Thread 0x000001f72845c840 flushing  nmethod 0x000001f715cc2d90
Event: 35.269 Thread 0x000001f72845c840 flushing  nmethod 0x000001f715cc3190
Event: 35.269 Thread 0x000001f72845c840 flushing  nmethod 0x000001f715cc3a90
Event: 35.269 Thread 0x000001f72845c840 flushing  nmethod 0x000001f715cc5190
Event: 35.269 Thread 0x000001f72845c840 flushing  nmethod 0x000001f715cc6210
Event: 35.269 Thread 0x000001f72845c840 flushing  nmethod 0x000001f715cc6910
Event: 35.269 Thread 0x000001f72845c840 flushing  nmethod 0x000001f715ccdf90
Event: 35.269 Thread 0x000001f72845c840 flushing  nmethod 0x000001f715cd0a10
Event: 48.628 Thread 0x000001f72845c840 flushing  nmethod 0x000001f715caa210
Event: 48.628 Thread 0x000001f72845c840 flushing  nmethod 0x000001f715cb7c90
Event: 48.628 Thread 0x000001f72845c840 flushing  nmethod 0x000001f715cb8110
Event: 48.628 Thread 0x000001f72845c840 flushing  nmethod 0x000001f715cc0f90
Event: 58.450 Thread 0x000001f72845c840 flushing  nmethod 0x000001f71c93de10
Event: 58.450 Thread 0x000001f72845c840 flushing  nmethod 0x000001f71c942290
Event: 58.452 Thread 0x000001f72845c840 flushing  nmethod 0x000001f714aa6610

Events (20 events):
Event: 27.669 Thread 0x000001f73bc49a80 Thread added: 0x000001f73e352fe0
Event: 28.530 Thread 0x000001f73bc49a80 Thread added: 0x000001f73e354420
Event: 28.871 Thread 0x000001f73bc49a80 Thread added: 0x000001f73e3534f0
Event: 30.398 Thread 0x000001f73b7ca8e0 Thread added: 0x000001f73e3585f0
Event: 30.398 Thread 0x000001f73b7ca8e0 Thread added: 0x000001f73e353a00
Event: 30.399 Thread 0x000001f73b7ca8e0 Thread added: 0x000001f73e356280
Event: 30.466 Thread 0x000001f73b7ca8e0 Thread added: 0x000001f73e353f10
Event: 30.466 Thread 0x000001f73b7ca8e0 Thread added: 0x000001f73e355d70
Event: 30.467 Thread 0x000001f73b7ca8e0 Thread added: 0x000001f73e3525c0
Event: 32.032 Thread 0x000001f73bc49a80 Thread added: 0x000001f73e359520
Event: 32.032 Thread 0x000001f73bc49a80 Thread added: 0x000001f73e354930
Event: 32.032 Thread 0x000001f73bc49a80 Thread added: 0x000001f73e354e40
Event: 32.100 Thread 0x000001f73bc49a80 Thread added: 0x000001f73e355350
Event: 32.109 Thread 0x000001f73bc49a80 Thread added: 0x000001f73e355860
Event: 32.111 Thread 0x000001f73bc49a80 Thread added: 0x000001f73e3571b0
Event: 32.682 Thread 0x000001f73bc49a80 Thread added: 0x000001f73e352ad0
Event: 46.236 Thread 0x000001f73bc49a80 Thread added: 0x000001f73f514510
Event: 55.910 Thread 0x000001f73bc49a80 Thread added: 0x000001f73f513af0
Event: 55.910 Thread 0x000001f73bc49a80 Thread added: 0x000001f73f519b20
Event: 55.910 Thread 0x000001f73bc49a80 Thread added: 0x000001f73f518bf0


Dynamic libraries:
0x00007ff7fd240000 - 0x00007ff7fd24e000 	C:\Program Files\Microsoft\jdk-17.0.18.8-hotspot\bin\java.exe
0x00007ffcedbf0000 - 0x00007ffcedde8000 	C:\Windows\SYSTEM32\ntdll.dll
0x00007ffceda00000 - 0x00007ffcedac2000 	C:\Windows\System32\KERNEL32.DLL
0x00007ffceb880000 - 0x00007ffcebb76000 	C:\Windows\System32\KERNELBASE.dll
0x00007ffceb400000 - 0x00007ffceb500000 	C:\Windows\System32\ucrtbase.dll
0x00007ffce1e50000 - 0x00007ffce1e68000 	C:\Program Files\Microsoft\jdk-17.0.18.8-hotspot\bin\jli.dll
0x00007ffcecb70000 - 0x00007ffcecd11000 	C:\Windows\System32\USER32.dll
0x00007ffceb3d0000 - 0x00007ffceb3f2000 	C:\Windows\System32\win32u.dll
0x00007ffced940000 - 0x00007ffced96b000 	C:\Windows\System32\GDI32.dll
0x00007ffceb2b0000 - 0x00007ffceb3c9000 	C:\Windows\System32\gdi32full.dll
0x00007ffceb680000 - 0x00007ffceb71d000 	C:\Windows\System32\msvcp_win.dll
0x00007ffcd5d40000 - 0x00007ffcd5d5e000 	C:\Program Files\Microsoft\jdk-17.0.18.8-hotspot\bin\VCRUNTIME140.dll
0x00007ffcd5770000 - 0x00007ffcd5a0b000 	C:\Windows\WinSxS\amd64_microsoft.windows.common-controls_6595b64144ccf1df_6.0.19041.6456_none_60b8a6cb71f64256\COMCTL32.dll
0x00007ffced8a0000 - 0x00007ffced93e000 	C:\Windows\System32\msvcrt.dll
0x00007ffcecd20000 - 0x00007ffcecd4f000 	C:\Windows\System32\IMM32.DLL
0x00007ffce3630000 - 0x00007ffce363c000 	C:\Program Files\Microsoft\jdk-17.0.18.8-hotspot\bin\vcruntime140_1.dll
0x00007ffcc3f30000 - 0x00007ffcc3fb9000 	C:\Program Files\Microsoft\jdk-17.0.18.8-hotspot\bin\msvcp140.dll
0x00007ffc8ca70000 - 0x00007ffc8d6ea000 	C:\Program Files\Microsoft\jdk-17.0.18.8-hotspot\bin\server\jvm.dll
0x00007ffcec280000 - 0x00007ffcec331000 	C:\Windows\System32\ADVAPI32.dll
0x00007ffcecab0000 - 0x00007ffcecb4f000 	C:\Windows\System32\sechost.dll
0x00007ffced5d0000 - 0x00007ffced6f0000 	C:\Windows\System32\RPCRT4.dll
0x00007ffceb280000 - 0x00007ffceb2a7000 	C:\Windows\System32\bcrypt.dll
0x00007ffcecd50000 - 0x00007ffcecdbb000 	C:\Windows\System32\WS2_32.dll
0x00007ffceb0e0000 - 0x00007ffceb12b000 	C:\Windows\SYSTEM32\POWRPROF.dll
0x00007ffcd1870000 - 0x00007ffcd1897000 	C:\Windows\SYSTEM32\WINMM.dll
0x00007ffcd5fe0000 - 0x00007ffcd5fea000 	C:\Windows\SYSTEM32\VERSION.dll
0x00007ffceb0c0000 - 0x00007ffceb0d2000 	C:\Windows\SYSTEM32\UMPDC.dll
0x00007ffce9ae0000 - 0x00007ffce9af2000 	C:\Windows\SYSTEM32\kernel.appcore.dll
0x00007ffce1e00000 - 0x00007ffce1e0a000 	C:\Program Files\Microsoft\jdk-17.0.18.8-hotspot\bin\jimage.dll
0x00007ffce4fa0000 - 0x00007ffce51a1000 	C:\Windows\SYSTEM32\DBGHELP.DLL
0x00007ffcd0a90000 - 0x00007ffcd0ac4000 	C:\Windows\SYSTEM32\dbgcore.DLL
0x00007ffcebb80000 - 0x00007ffcebc02000 	C:\Windows\System32\bcryptPrimitives.dll
0x00007ffce35e0000 - 0x00007ffce35ef000 	C:\Program Files\Microsoft\jdk-17.0.18.8-hotspot\bin\instrument.dll
0x00007ffcc6300000 - 0x00007ffcc6326000 	C:\Program Files\Microsoft\jdk-17.0.18.8-hotspot\bin\java.dll
0x00007ffc9d6b0000 - 0x00007ffc9d786000 	C:\Program Files\Microsoft\jdk-17.0.18.8-hotspot\bin\jsvml.dll
0x00007ffcec340000 - 0x00007ffcecab0000 	C:\Windows\System32\SHELL32.dll
0x00007ffce8ca0000 - 0x00007ffce9445000 	C:\Windows\SYSTEM32\windows.storage.dll
0x00007ffced270000 - 0x00007ffced5c4000 	C:\Windows\System32\combase.dll
0x00007ffceac40000 - 0x00007ffceac6b000 	C:\Windows\SYSTEM32\Wldp.dll
0x00007ffcebc10000 - 0x00007ffcebcdd000 	C:\Windows\System32\OLEAUT32.dll
0x00007ffcecec0000 - 0x00007ffcecf6d000 	C:\Windows\System32\SHCORE.dll
0x00007ffcedad0000 - 0x00007ffcedb2b000 	C:\Windows\System32\shlwapi.dll
0x00007ffceb1b0000 - 0x00007ffceb1d4000 	C:\Windows\SYSTEM32\profapi.dll
0x00007ffcc4730000 - 0x00007ffcc4748000 	C:\Program Files\Microsoft\jdk-17.0.18.8-hotspot\bin\zip.dll
0x00007ffcc4770000 - 0x00007ffcc478b000 	C:\Program Files\Microsoft\jdk-17.0.18.8-hotspot\bin\net.dll
0x00007ffcd8a30000 - 0x00007ffcd8b3a000 	C:\Windows\SYSTEM32\WINHTTP.dll
0x00007ffcea9a0000 - 0x00007ffceaa0a000 	C:\Windows\system32\mswsock.dll
0x00007ffcc4750000 - 0x00007ffcc4766000 	C:\Program Files\Microsoft\jdk-17.0.18.8-hotspot\bin\nio.dll
0x00007ffce1db0000 - 0x00007ffce1dc0000 	C:\Program Files\Microsoft\jdk-17.0.18.8-hotspot\bin\verify.dll
0x00007ffcbb350000 - 0x00007ffcbb377000 	C:\Users\Administrator\.gradle\native\c067742578af261105cb4f569cf0c3c89f3d7b1fecec35dd04571415982c5e48\windows-amd64\native-platform.dll
0x00007ffcb89b0000 - 0x00007ffcb8af4000 	C:\Users\Administrator\.gradle\native\38dada09dfb8b06ba9b0570ebf7e218e3eb74d4ef43ca46872605cf95ebc2f47\windows-amd64\native-platform-file-events.dll
0x00007ffce0080000 - 0x00007ffce008a000 	C:\Program Files\Microsoft\jdk-17.0.18.8-hotspot\bin\management.dll
0x00007ffcd5d10000 - 0x00007ffcd5d1c000 	C:\Program Files\Microsoft\jdk-17.0.18.8-hotspot\bin\management_ext.dll
0x00007ffcec150000 - 0x00007ffcec158000 	C:\Windows\System32\PSAPI.DLL
0x00007ffceab90000 - 0x00007ffceaba8000 	C:\Windows\SYSTEM32\CRYPTSP.dll
0x00007ffcea2c0000 - 0x00007ffcea2f8000 	C:\Windows\system32\rsaenh.dll
0x00007ffceb170000 - 0x00007ffceb19e000 	C:\Windows\SYSTEM32\USERENV.dll
0x00007ffceabb0000 - 0x00007ffceabbc000 	C:\Windows\SYSTEM32\CRYPTBASE.dll
0x00007ffcea680000 - 0x00007ffcea6bb000 	C:\Windows\SYSTEM32\IPHLPAPI.DLL
0x00007ffcecea0000 - 0x00007ffcecea8000 	C:\Windows\System32\NSI.dll
0x00007ffcdcdd0000 - 0x00007ffcdcde7000 	C:\Windows\SYSTEM32\dhcpcsvc6.DLL
0x00007ffcdefa0000 - 0x00007ffcdefbd000 	C:\Windows\SYSTEM32\dhcpcsvc.DLL
0x00007ffcea6c0000 - 0x00007ffcea78a000 	C:\Windows\SYSTEM32\DNSAPI.dll
0x00007ffcd4460000 - 0x00007ffcd4469000 	C:\Program Files\Microsoft\jdk-17.0.18.8-hotspot\bin\extnet.dll
0x00007ffce35d0000 - 0x00007ffce35de000 	C:\Program Files\Microsoft\jdk-17.0.18.8-hotspot\bin\sunmscapi.dll
0x00007ffceb720000 - 0x00007ffceb87d000 	C:\Windows\System32\CRYPT32.dll
0x00007ffceacb0000 - 0x00007ffceacd7000 	C:\Windows\SYSTEM32\ncrypt.dll
0x00007ffceac70000 - 0x00007ffceacab000 	C:\Windows\SYSTEM32\NTASN1.dll
0x00007ffcbb3a0000 - 0x00007ffcbb3a7000 	C:\Windows\system32\wshunix.dll
0x00007ffccc7a0000 - 0x00007ffccc7b7000 	C:\Windows\system32\napinsp.dll
0x00007ffcc90f0000 - 0x00007ffcc910b000 	C:\Windows\system32\pnrpnsp.dll
0x00007ffce4370000 - 0x00007ffce438d000 	C:\Windows\system32\wshbth.dll
0x00007ffce34e0000 - 0x00007ffce34fd000 	C:\Windows\system32\NLAapi.dll
0x00007ffcc94d0000 - 0x00007ffcc94e2000 	C:\Windows\System32\winrnr.dll
0x00007ffcd38d0000 - 0x00007ffcd38da000 	C:\Windows\System32\rasadhlp.dll
0x00007ffcd4ec0000 - 0x00007ffcd4f40000 	C:\Windows\System32\fwpuclnt.dll

dbghelp: loaded successfully - version: 4.0.5 - missing functions: none
symbol engine: initialized successfully - sym options: 0x614 - pdb path: .;C:\Program Files\Microsoft\jdk-17.0.18.8-hotspot\bin;C:\Windows\SYSTEM32;C:\Windows\WinSxS\amd64_microsoft.windows.common-controls_6595b64144ccf1df_6.0.19041.6456_none_60b8a6cb71f64256;C:\Program Files\Microsoft\jdk-17.0.18.8-hotspot\bin\server;C:\Users\Administrator\.gradle\native\c067742578af261105cb4f569cf0c3c89f3d7b1fecec35dd04571415982c5e48\windows-amd64;C:\Users\Administrator\.gradle\native\38dada09dfb8b06ba9b0570ebf7e218e3eb74d4ef43ca46872605cf95ebc2f47\windows-amd64

VM Arguments:
jvm_args: -XX:MaxMetaspaceSize=256m --add-opens=java.base/java.util=ALL-UNNAMED --add-opens=java.base/java.lang=ALL-UNNAMED --add-opens=java.base/java.lang.invoke=ALL-UNNAMED --add-opens=java.prefs/java.util.prefs=ALL-UNNAMED --add-opens=java.base/java.nio.charset=ALL-UNNAMED --add-opens=java.base/java.net=ALL-UNNAMED --add-opens=java.base/java.util.concurrent.atomic=ALL-UNNAMED -Xmx1024m -Dfile.encoding=windows-1252 -Duser.country=US -Duser.language=en -Duser.variant -javaagent:C:\Users\Administrator\.gradle\wrapper\dists\gradle-8.7-all\aan3ydargesu18aqyqjwhr3pc\gradle-8.7\lib\agents\gradle-instrumentation-agent-8.7.jar 
java_command: org.gradle.launcher.daemon.bootstrap.GradleDaemon 8.7
java_class_path (initial): C:\Users\Administrator\.gradle\wrapper\dists\gradle-8.7-all\aan3ydargesu18aqyqjwhr3pc\gradle-8.7\lib\gradle-launcher-8.7.jar
Launcher Type: SUN_STANDARD

[Global flags]
     intx CICompilerCount                          = 3                                         {product} {ergonomic}
   size_t CompressedClassSpaceSize                 = 218103808                                 {product} {ergonomic}
     uint ConcGCThreads                            = 1                                         {product} {ergonomic}
     uint G1ConcRefinementThreads                  = 4                                         {product} {ergonomic}
   size_t G1HeapRegionSize                         = 1048576                                   {product} {ergonomic}
    uintx GCDrainStackTargetSize                   = 64                                        {product} {ergonomic}
   size_t InitialHeapSize                          = 130023424                                 {product} {ergonomic}
   size_t MarkStackSize                            = 4194304                                   {product} {ergonomic}
   size_t MaxHeapSize                              = 1073741824                                {product} {command line}
   size_t MaxMetaspaceSize                         = 268435456                                 {product} {command line}
   size_t MaxNewSize                               = 643825664                                 {product} {ergonomic}
   size_t MinHeapDeltaBytes                        = 1048576                                   {product} {ergonomic}
   size_t MinHeapSize                              = 8388608                                   {product} {ergonomic}
    uintx NonNMethodCodeHeapSize                   = 5832780                                {pd product} {ergonomic}
    uintx NonProfiledCodeHeapSize                  = 122912730                              {pd product} {ergonomic}
    uintx ProfiledCodeHeapSize                     = 122912730                              {pd product} {ergonomic}
    uintx ReservedCodeCacheSize                    = 251658240                              {pd product} {ergonomic}
     bool SegmentedCodeCache                       = true                                      {product} {ergonomic}
   size_t SoftMaxHeapSize                          = 1073741824                             {manageable} {ergonomic}
     bool UseCompressedClassPointers               = true                           {product lp64_product} {ergonomic}
     bool UseCompressedOops                        = true                           {product lp64_product} {ergonomic}
     bool UseG1GC                                  = true                                      {product} {ergonomic}
     bool UseLargePagesIndividualAllocation        = false                                  {pd product} {ergonomic}

Logging:
Log output configuration:
 #0: stdout all=warning uptime,level,tags
 #1: stderr all=off uptime,level,tags

Environment Variables:
JAVA_HOME=C:\Program Files\Microsoft\jdk-17.0.18.8-hotspot
PATH=C:\Program Files\Eclipse Adoptium\jdk-17.0.18.8-hotspot\bin;C:\Program Files\Eclipse Adoptium\jdk-25.0.2.10-hotspot\bin;C:\Program Files\Eclipse Adoptium\jdk-11.0.19.7-hotspot\bin;C:\Windows\system32;C:\Windows;C:\Windows\System32\Wbem;C:\Windows\System32\WindowsPowerShell\v1.0\;C:\Windows\System32\OpenSSH\;C:\Program Files\Git\cmd;E:\;C:\Users\Administrator\Downloads\platform-tools;C:\Users\Administrator\AppData\Local\Android\Sdk\tools;C:\Users\Administrator\AppData\Local\Programs\Python\Python314\Scripts\;C:\Users\Administrator\AppData\Local\Programs\Python\Python314\;C:\Users\Administrator\AppData\Local\Microsoft\WindowsApps;E:\Antigravity\bin;E:\Microsoft VS Code\bin;C:\Users\Administrator\AppData\Roaming\npm;C:\Users\Administrator\AppData\Local\Android\Sdk\platform-tools;C:\Users\Administrator\AppData\Local\Android\Sdk\emulator;c:\Users\Administrator\.antigravity\extensions\vscjava.vscode-java-debug-0.58.5-universal\bundled\scripts\noConfigScripts;c:\Users\Administrator\.antigravity\extensions\d-biehl.robotcode-2.2.0-universal\bundled\scripts
USERNAME=Administrator
LANG=en_US.UTF-8
OS=Windows_NT
PROCESSOR_IDENTIFIER=Intel64 Family 6 Model 142 Stepping 9, GenuineIntel
TMP=C:\Users\ADMINI~1\AppData\Local\Temp
TEMP=C:\Users\ADMINI~1\AppData\Local\Temp



Periodic native trim disabled


---------------  S Y S T E M  ---------------

OS:
 Windows 10 , 64 bit Build 19041 (10.0.19041.5915)
OS uptime: 0 days 20:25 hours

CPU: total 4 (initial active 4) (2 cores per cpu, 2 threads per core) family 6 model 142 stepping 9 microcode 0xd6, cx8, cmov, fxsr, ht, mmx, 3dnowpref, sse, sse2, sse3, ssse3, sse4.1, sse4.2, popcnt, lzcnt, tsc, tscinvbit, avx, avx2, aes, erms, clmul, bmi1, bmi2, adx, fma, vzeroupper, clflush, clflushopt
Processor Information for the first 4 processors :
  Max Mhz: 2712, Current Mhz: 2511, Mhz Limit: 2495

Memory: 4k page, system-wide physical 7843M (275M free)
TotalPageFile size 17730M (AvailPageFile size 44M)
current process WorkingSet (physical memory assigned to process): 458M, peak: 458M
current process commit charge ("private bytes"): 521M, peak: 604M

vm_info: OpenJDK 64-Bit Server VM (17.0.18+8-LTS) for windows-amd64 JRE (17.0.18+8-LTS), built on Jan 15 2026 18:50:45 by "MicrosoftCorporation" with MS VC++ 17.14 (VS2022)

END.
