#
# There is insufficient memory for the Java Runtime Environment to continue.
# Native memory allocation (malloc) failed to allocate 974736 bytes. Error detail: Chunk::new
# Possible reasons:
#   The system is out of physical RAM or swap space
#   This process is running with CompressedOops enabled, and the Java Heap may be blocking the growth of the native heap
# Possible solutions:
#   Reduce memory load on the system
#   Increase physical memory or swap space
#   Check if swap backing store is full
#   Decrease Java heap size (-Xmx/-Xms)
#   Decrease number of Java threads
#   Decrease Java thread stack sizes (-Xss)
#   Set larger code cache with -XX:ReservedCodeCacheSize=
#   JVM is running with Unscaled Compressed Oops mode in which the Java heap is
#     placed in the first 4GB address space. The Java Heap base address is the
#     maximum limit for the native heap growth. Please use -XX:HeapBaseMinAddress
#     to set the Java Heap base and to place the Java Heap above 4GB virtual address.
# This output file may be truncated or incomplete.
#
#  Out of Memory Error (arena.cpp:191), pid=8052, tid=12736
#
# JRE version: OpenJDK Runtime Environment Microsoft-13106358 (17.0.18+8) (build 17.0.18+8-LTS)
# Java VM: OpenJDK 64-Bit Server VM Microsoft-13106358 (17.0.18+8-LTS, mixed mode, sharing, tiered, compressed oops, compressed class ptrs, g1 gc, windows-amd64)
# No core dump will be written. Minidumps are not enabled by default on client versions of Windows
#

---------------  S U M M A R Y ------------

Command Line: org.jetbrains.kotlin.cli.jvm.K2JVMCompiler @F:\mobile\node_modules\react-native-screens\android\build\20260314_13052205774178707877.compiler.options

Host: Intel(R) Core(TM) i5-7200U CPU @ 2.50GHz, 4 cores, 7G,  Windows 10 , 64 bit Build 19041 (10.0.19041.5915)
Time: Sat Mar 14 17:58:50 2026 Egypt Standard Time elapsed time: 76.356523 seconds (0d 0h 1m 16s)

---------------  T H R E A D  ---------------

Current thread (0x00000264f0e0a110):  JavaThread "C2 CompilerThread0" daemon [_thread_in_native, id=12736, stack(0x000000bf61800000,0x000000bf61900000)]


Current CompileTask:
C2:76356 11995       4       org.jetbrains.kotlin.fir.analysis.checkers.expression.FirOptInUsageAccessChecker::check (364 bytes)

Stack: [0x000000bf61800000,0x000000bf61900000]
Native frames: (J=compiled Java code, j=interpreted, Vv=VM code, C=native code)
V  [jvm.dll+0x68c879]  (no source info available)
V  [jvm.dll+0x845979]  (no source info available)
V  [jvm.dll+0x8476e8]  (no source info available)
V  [jvm.dll+0x847d73]  (no source info available)
V  [jvm.dll+0x24cf6f]  (no source info available)
V  [jvm.dll+0xaecb6]  (no source info available)
V  [jvm.dll+0xaf35c]  (no source info available)
V  [jvm.dll+0x3716ff]  (no source info available)
V  [jvm.dll+0x33b985]  (no source info available)
V  [jvm.dll+0x33adea]  (no source info available)
V  [jvm.dll+0x21df29]  (no source info available)
V  [jvm.dll+0x21d36d]  (no source info available)
V  [jvm.dll+0x1a8ce6]  (no source info available)
V  [jvm.dll+0x22db1b]  (no source info available)
V  [jvm.dll+0x22bca6]  (no source info available)
V  [jvm.dll+0x7fbabb]  (no source info available)
V  [jvm.dll+0x7f5ebc]  (no source info available)
V  [jvm.dll+0x68de17]  (no source info available)
C  [ucrtbase.dll+0x21bb2]  (no source info available)
C  [KERNEL32.DLL+0x17374]  (no source info available)
C  [ntdll.dll+0x4cc91]  (no source info available)


---------------  P R O C E S S  ---------------

Threads class SMR info:
_java_thread_list=0x00000264f8668110, length=12, elements={
0x00000264d34cf0c0, 0x00000264f0dee770, 0x00000264f0def3f0, 0x00000264f0e06ac0,
0x00000264f0e07890, 0x00000264f0e08250, 0x00000264f0e08c10, 0x00000264f0e0a110,
0x00000264f0e0b5e0, 0x00000264f0e7be40, 0x00000264f505f4f0, 0x00000264f50614c0
}

Java Threads: ( => current thread )
  0x00000264d34cf0c0 JavaThread "main" [_thread_in_Java, id=3492, stack(0x000000bf60a00000,0x000000bf60b00000)]
  0x00000264f0dee770 JavaThread "Reference Handler" daemon [_thread_blocked, id=11980, stack(0x000000bf61200000,0x000000bf61300000)]
  0x00000264f0def3f0 JavaThread "Finalizer" daemon [_thread_blocked, id=12268, stack(0x000000bf61300000,0x000000bf61400000)]
  0x00000264f0e06ac0 JavaThread "Signal Dispatcher" daemon [_thread_blocked, id=9708, stack(0x000000bf61400000,0x000000bf61500000)]
  0x00000264f0e07890 JavaThread "Attach Listener" daemon [_thread_blocked, id=15048, stack(0x000000bf61500000,0x000000bf61600000)]
  0x00000264f0e08250 JavaThread "Service Thread" daemon [_thread_blocked, id=16120, stack(0x000000bf61600000,0x000000bf61700000)]
  0x00000264f0e08c10 JavaThread "Monitor Deflation Thread" daemon [_thread_blocked, id=15556, stack(0x000000bf61700000,0x000000bf61800000)]
=>0x00000264f0e0a110 JavaThread "C2 CompilerThread0" daemon [_thread_in_native, id=12736, stack(0x000000bf61800000,0x000000bf61900000)]
  0x00000264f0e0b5e0 JavaThread "C1 CompilerThread0" daemon [_thread_blocked, id=10532, stack(0x000000bf61900000,0x000000bf61a00000)]
  0x00000264f0e7be40 JavaThread "Sweeper thread" daemon [_thread_blocked, id=12872, stack(0x000000bf61a00000,0x000000bf61b00000)]
  0x00000264f505f4f0 JavaThread "Notification Thread" daemon [_thread_blocked, id=3328, stack(0x000000bf61b00000,0x000000bf61c00000)]
  0x00000264f50614c0 JavaThread "Common-Cleaner" daemon [_thread_blocked, id=4952, stack(0x000000bf61d00000,0x000000bf61e00000)]

Other Threads:
  0x00000264f0de5d40 VMThread "VM Thread" [stack: 0x000000bf61100000,0x000000bf61200000] [id=2860]
  0x00000264f505f9d0 WatcherThread [stack: 0x000000bf61c00000,0x000000bf61d00000] [id=6944]
  0x00000264d35286a0 GCTaskThread "GC Thread#0" [stack: 0x000000bf60c00000,0x000000bf60d00000] [id=15932]
  0x00000264f54cbac0 GCTaskThread "GC Thread#1" [stack: 0x000000bf61e00000,0x000000bf61f00000] [id=16284]
  0x00000264f54e8290 GCTaskThread "GC Thread#2" [stack: 0x000000bf61f00000,0x000000bf62000000] [id=12320]
  0x00000264f54e8560 GCTaskThread "GC Thread#3" [stack: 0x000000bf62000000,0x000000bf62100000] [id=9984]
  0x00000264d3538b40 ConcurrentGCThread "G1 Main Marker" [stack: 0x000000bf60d00000,0x000000bf60e00000] [id=10512]
  0x00000264d353a570 ConcurrentGCThread "G1 Conc#0" [stack: 0x000000bf60e00000,0x000000bf60f00000] [id=11380]
  0x00000264d358d820 ConcurrentGCThread "G1 Refine#0" [stack: 0x000000bf60f00000,0x000000bf61000000] [id=1348]
  0x00000264f699f170 ConcurrentGCThread "G1 Refine#1" [stack: 0x000000bf62200000,0x000000bf62300000] [id=1672]
  0x00000264f7943560 ConcurrentGCThread "G1 Refine#2" [stack: 0x000000bf62100000,0x000000bf62200000] [id=13528]
  0x00000264d358e260 ConcurrentGCThread "G1 Service" [stack: 0x000000bf61000000,0x000000bf61100000] [id=13096]

Threads with active compile tasks:
C2 CompilerThread0  76390 11995       4       org.jetbrains.kotlin.fir.analysis.checkers.expression.FirOptInUsageAccessChecker::check (364 bytes)

VM state: not at safepoint (normal execution)

VM Mutex/Monitor currently owned by a thread: None

Heap address: 0x0000000085600000, size: 1962 MB, Compressed Oops mode: 32-bit

CDS archive(s) mapped at: [0x0000026480000000-0x0000026480bb0000-0x0000026480bb0000), size 12255232, SharedBaseAddress: 0x0000026480000000, ArchiveRelocationMode: 1.
Compressed class space mapped at: 0x0000026481000000-0x00000264c1000000, reserved size: 1073741824
Narrow klass base: 0x0000026480000000, Narrow klass shift: 0, Narrow klass range: 0x100000000

GC Precious Log:
 CPUs: 4 total, 4 available
 Memory: 7843M
 Large Page Support: Disabled
 NUMA Support: Disabled
 Compressed Oops: Enabled (32-bit)
 Heap Region Size: 1M
 Heap Min Capacity: 8M
 Heap Initial Capacity: 124M
 Heap Max Capacity: 1962M
 Pre-touch: Disabled
 Parallel Workers: 4
 Concurrent Workers: 1
 Concurrent Refinement Workers: 4
 Periodic GC: Disabled

Heap:
 garbage-first heap   total 178176K, used 118288K [0x0000000085600000, 0x0000000100000000)
  region size 1024K, 41 young (41984K), 6 survivors (6144K)
 Metaspace       used 61842K, committed 62144K, reserved 1114112K
  class space    used 6902K, committed 7040K, reserved 1048576K

Heap Regions: E=young(eden), S=young(survivor), O=old, HS=humongous(starts), HC=humongous(continues), CS=collection set, F=free, OA=open archive, CA=closed archive, TAMS=top-at-mark-start (previous, next)
|   0|0x0000000085600000, 0x0000000085700000, 0x0000000085700000|100%|HS|  |TAMS 0x0000000085700000, 0x0000000085600000| Complete 
|   1|0x0000000085700000, 0x0000000085800000, 0x0000000085800000|100%|HC|  |TAMS 0x0000000085800000, 0x0000000085700000| Complete 
|   2|0x0000000085800000, 0x0000000085900000, 0x0000000085900000|100%|HC|  |TAMS 0x0000000085900000, 0x0000000085800000| Complete 
|   3|0x0000000085900000, 0x0000000085a00000, 0x0000000085a00000|100%| O|  |TAMS 0x0000000085a00000, 0x0000000085900000| Untracked 
|   4|0x0000000085a00000, 0x0000000085b00000, 0x0000000085b00000|100%| O|  |TAMS 0x0000000085b00000, 0x0000000085a00000| Untracked 
|   5|0x0000000085b00000, 0x0000000085c00000, 0x0000000085c00000|100%| O|  |TAMS 0x0000000085c00000, 0x0000000085b00000| Untracked 
|   6|0x0000000085c00000, 0x0000000085d00000, 0x0000000085d00000|100%| O|  |TAMS 0x0000000085d00000, 0x0000000085c00000| Untracked 
|   7|0x0000000085d00000, 0x0000000085e00000, 0x0000000085e00000|100%| O|  |TAMS 0x0000000085e00000, 0x0000000085d00000| Untracked 
|   8|0x0000000085e00000, 0x0000000085f00000, 0x0000000085f00000|100%| O|  |TAMS 0x0000000085f00000, 0x0000000085e00000| Untracked 
|   9|0x0000000085f00000, 0x0000000086000000, 0x0000000086000000|100%| O|  |TAMS 0x0000000086000000, 0x0000000085f00000| Untracked 
|  10|0x0000000086000000, 0x0000000086100000, 0x0000000086100000|100%| O|  |TAMS 0x0000000086100000, 0x0000000086000000| Untracked 
|  11|0x0000000086100000, 0x0000000086200000, 0x0000000086200000|100%| O|  |TAMS 0x0000000086200000, 0x0000000086100000| Untracked 
|  12|0x0000000086200000, 0x0000000086300000, 0x0000000086300000|100%| O|  |TAMS 0x0000000086300000, 0x0000000086200000| Untracked 
|  13|0x0000000086300000, 0x0000000086400000, 0x0000000086400000|100%| O|  |TAMS 0x0000000086400000, 0x0000000086300000| Untracked 
|  14|0x0000000086400000, 0x0000000086500000, 0x0000000086500000|100%| O|  |TAMS 0x0000000086500000, 0x0000000086400000| Untracked 
|  15|0x0000000086500000, 0x0000000086600000, 0x0000000086600000|100%| O|  |TAMS 0x0000000086600000, 0x0000000086500000| Untracked 
|  16|0x0000000086600000, 0x0000000086700000, 0x0000000086700000|100%| O|  |TAMS 0x0000000086700000, 0x0000000086600000| Untracked 
|  17|0x0000000086700000, 0x0000000086800000, 0x0000000086800000|100%| O|  |TAMS 0x0000000086800000, 0x0000000086700000| Untracked 
|  18|0x0000000086800000, 0x0000000086900000, 0x0000000086900000|100%| O|  |TAMS 0x0000000086900000, 0x0000000086800000| Untracked 
|  19|0x0000000086900000, 0x0000000086a00000, 0x0000000086a00000|100%| O|  |TAMS 0x0000000086a00000, 0x0000000086900000| Untracked 
|  20|0x0000000086a00000, 0x0000000086b00000, 0x0000000086b00000|100%| O|  |TAMS 0x0000000086b00000, 0x0000000086a00000| Untracked 
|  21|0x0000000086b00000, 0x0000000086c00000, 0x0000000086c00000|100%| O|  |TAMS 0x0000000086c00000, 0x0000000086b00000| Untracked 
|  22|0x0000000086c00000, 0x0000000086d00000, 0x0000000086d00000|100%| O|  |TAMS 0x0000000086d00000, 0x0000000086c00000| Untracked 
|  23|0x0000000086d00000, 0x0000000086e00000, 0x0000000086e00000|100%| O|  |TAMS 0x0000000086e00000, 0x0000000086d00000| Untracked 
|  24|0x0000000086e00000, 0x0000000086f00000, 0x0000000086f00000|100%| O|  |TAMS 0x0000000086f00000, 0x0000000086e00000| Untracked 
|  25|0x0000000086f00000, 0x0000000087000000, 0x0000000087000000|100%| O|  |TAMS 0x0000000087000000, 0x0000000086f00000| Untracked 
|  26|0x0000000087000000, 0x0000000087100000, 0x0000000087100000|100%| O|  |TAMS 0x0000000087100000, 0x0000000087000000| Untracked 
|  27|0x0000000087100000, 0x0000000087200000, 0x0000000087200000|100%| O|  |TAMS 0x0000000087200000, 0x0000000087100000| Untracked 
|  28|0x0000000087200000, 0x0000000087300000, 0x0000000087300000|100%| O|  |TAMS 0x0000000087300000, 0x0000000087200000| Untracked 
|  29|0x0000000087300000, 0x0000000087400000, 0x0000000087400000|100%| O|  |TAMS 0x0000000087400000, 0x0000000087300000| Untracked 
|  30|0x0000000087400000, 0x0000000087500000, 0x0000000087500000|100%| O|  |TAMS 0x0000000087500000, 0x0000000087400000| Untracked 
|  31|0x0000000087500000, 0x0000000087600000, 0x0000000087600000|100%|HS|  |TAMS 0x0000000087600000, 0x0000000087500000| Complete 
|  32|0x0000000087600000, 0x0000000087700000, 0x0000000087700000|100%| O|  |TAMS 0x0000000087700000, 0x0000000087600000| Untracked 
|  33|0x0000000087700000, 0x0000000087800000, 0x0000000087800000|100%| O|  |TAMS 0x0000000087800000, 0x0000000087700000| Untracked 
|  34|0x0000000087800000, 0x0000000087900000, 0x0000000087900000|100%| O|  |TAMS 0x0000000087900000, 0x0000000087800000| Untracked 
|  35|0x0000000087900000, 0x0000000087a00000, 0x0000000087a00000|100%| O|  |TAMS 0x0000000087a00000, 0x0000000087900000| Untracked 
|  36|0x0000000087a00000, 0x0000000087b00000, 0x0000000087b00000|100%| O|  |TAMS 0x0000000087b00000, 0x0000000087a00000| Untracked 
|  37|0x0000000087b00000, 0x0000000087c00000, 0x0000000087c00000|100%| O|  |TAMS 0x0000000087c00000, 0x0000000087b00000| Untracked 
|  38|0x0000000087c00000, 0x0000000087d00000, 0x0000000087d00000|100%| O|  |TAMS 0x0000000087d00000, 0x0000000087c00000| Untracked 
|  39|0x0000000087d00000, 0x0000000087e00000, 0x0000000087e00000|100%| O|  |TAMS 0x0000000087e00000, 0x0000000087d00000| Untracked 
|  40|0x0000000087e00000, 0x0000000087f00000, 0x0000000087f00000|100%| O|  |TAMS 0x0000000087f00000, 0x0000000087e00000| Untracked 
|  41|0x0000000087f00000, 0x0000000088000000, 0x0000000088000000|100%| O|  |TAMS 0x0000000088000000, 0x0000000087f00000| Untracked 
|  42|0x0000000088000000, 0x0000000088100000, 0x0000000088100000|100%| O|  |TAMS 0x0000000088100000, 0x0000000088000000| Untracked 
|  43|0x0000000088100000, 0x0000000088200000, 0x0000000088200000|100%| O|  |TAMS 0x0000000088200000, 0x0000000088100000| Untracked 
|  44|0x0000000088200000, 0x0000000088300000, 0x0000000088300000|100%| O|  |TAMS 0x0000000088300000, 0x0000000088200000| Untracked 
|  45|0x0000000088300000, 0x0000000088400000, 0x0000000088400000|100%| O|  |TAMS 0x00000000883edc00, 0x0000000088300000| Untracked 
|  46|0x0000000088400000, 0x0000000088500000, 0x0000000088500000|100%| O|  |TAMS 0x0000000088400000, 0x0000000088400000| Untracked 
|  47|0x0000000088500000, 0x0000000088600000, 0x0000000088600000|100%| O|  |TAMS 0x0000000088500000, 0x0000000088500000| Untracked 
|  48|0x0000000088600000, 0x0000000088688a00, 0x0000000088700000| 53%| O|  |TAMS 0x0000000088600000, 0x0000000088600000| Untracked 
|  49|0x0000000088700000, 0x0000000088800000, 0x0000000088800000|100%| O|  |TAMS 0x0000000088700000, 0x0000000088700000| Untracked 
|  50|0x0000000088800000, 0x0000000088900000, 0x0000000088900000|100%| O|  |TAMS 0x0000000088800000, 0x0000000088800000| Untracked 
|  51|0x0000000088900000, 0x0000000088a00000, 0x0000000088a00000|100%| O|  |TAMS 0x0000000088900000, 0x0000000088900000| Untracked 
|  52|0x0000000088a00000, 0x0000000088b00000, 0x0000000088b00000|100%| O|  |TAMS 0x0000000088a00000, 0x0000000088a00000| Untracked 
|  53|0x0000000088b00000, 0x0000000088c00000, 0x0000000088c00000|100%| O|  |TAMS 0x0000000088b00000, 0x0000000088b00000| Untracked 
|  54|0x0000000088c00000, 0x0000000088d00000, 0x0000000088d00000|100%| O|  |TAMS 0x0000000088c00000, 0x0000000088c00000| Untracked 
|  55|0x0000000088d00000, 0x0000000088e00000, 0x0000000088e00000|100%| O|  |TAMS 0x0000000088d00000, 0x0000000088d00000| Untracked 
|  56|0x0000000088e00000, 0x0000000088f00000, 0x0000000088f00000|100%| O|  |TAMS 0x0000000088e00000, 0x0000000088e00000| Untracked 
|  57|0x0000000088f00000, 0x0000000089000000, 0x0000000089000000|100%| O|  |TAMS 0x0000000088f00000, 0x0000000088f00000| Untracked 
|  58|0x0000000089000000, 0x0000000089100000, 0x0000000089100000|100%| O|  |TAMS 0x0000000089000000, 0x0000000089000000| Untracked 
|  59|0x0000000089100000, 0x0000000089200000, 0x0000000089200000|100%| O|  |TAMS 0x0000000089100000, 0x0000000089100000| Untracked 
|  60|0x0000000089200000, 0x0000000089300000, 0x0000000089300000|100%| O|  |TAMS 0x0000000089200000, 0x0000000089200000| Untracked 
|  61|0x0000000089300000, 0x0000000089400000, 0x0000000089400000|100%| O|  |TAMS 0x0000000089300000, 0x0000000089300000| Untracked 
|  62|0x0000000089400000, 0x0000000089500000, 0x0000000089500000|100%| O|  |TAMS 0x0000000089400000, 0x0000000089400000| Untracked 
|  63|0x0000000089500000, 0x0000000089600000, 0x0000000089600000|100%| O|  |TAMS 0x0000000089500000, 0x0000000089500000| Untracked 
|  64|0x0000000089600000, 0x0000000089700000, 0x0000000089700000|100%| O|  |TAMS 0x0000000089600000, 0x0000000089600000| Untracked 
|  65|0x0000000089700000, 0x0000000089800000, 0x0000000089800000|100%| O|  |TAMS 0x0000000089700000, 0x0000000089700000| Untracked 
|  66|0x0000000089800000, 0x0000000089900000, 0x0000000089900000|100%| O|  |TAMS 0x0000000089800000, 0x0000000089800000| Untracked 
|  67|0x0000000089900000, 0x0000000089a00000, 0x0000000089a00000|100%| O|  |TAMS 0x0000000089900000, 0x0000000089900000| Untracked 
|  68|0x0000000089a00000, 0x0000000089b00000, 0x0000000089b00000|100%| O|  |TAMS 0x0000000089a00000, 0x0000000089a00000| Untracked 
|  69|0x0000000089b00000, 0x0000000089c00000, 0x0000000089c00000|100%| O|  |TAMS 0x0000000089b00000, 0x0000000089b00000| Untracked 
|  70|0x0000000089c00000, 0x0000000089d00000, 0x0000000089d00000|100%| O|  |TAMS 0x0000000089c00000, 0x0000000089c00000| Untracked 
|  71|0x0000000089d00000, 0x0000000089e00000, 0x0000000089e00000|100%| O|  |TAMS 0x0000000089d00000, 0x0000000089d00000| Untracked 
|  72|0x0000000089e00000, 0x0000000089f00000, 0x0000000089f00000|100%| O|  |TAMS 0x0000000089e00000, 0x0000000089e00000| Untracked 
|  73|0x0000000089f00000, 0x000000008a000000, 0x000000008a000000|100%| O|  |TAMS 0x0000000089f00000, 0x0000000089f00000| Untracked 
|  74|0x000000008a000000, 0x000000008a100000, 0x000000008a100000|100%| O|  |TAMS 0x000000008a000000, 0x000000008a000000| Untracked 
|  75|0x000000008a100000, 0x000000008a1fb600, 0x000000008a200000| 98%| O|  |TAMS 0x000000008a100000, 0x000000008a100000| Untracked 
|  76|0x000000008a200000, 0x000000008a200000, 0x000000008a300000|  0%| F|  |TAMS 0x000000008a200000, 0x000000008a200000| Untracked 
|  77|0x000000008a300000, 0x000000008a300000, 0x000000008a400000|  0%| F|  |TAMS 0x000000008a300000, 0x000000008a300000| Untracked 
|  78|0x000000008a400000, 0x000000008a400000, 0x000000008a500000|  0%| F|  |TAMS 0x000000008a400000, 0x000000008a400000| Untracked 
|  79|0x000000008a500000, 0x000000008a500000, 0x000000008a600000|  0%| F|  |TAMS 0x000000008a500000, 0x000000008a500000| Untracked 
|  80|0x000000008a600000, 0x000000008a600000, 0x000000008a700000|  0%| F|  |TAMS 0x000000008a600000, 0x000000008a600000| Untracked 
|  81|0x000000008a700000, 0x000000008a700000, 0x000000008a800000|  0%| F|  |TAMS 0x000000008a700000, 0x000000008a700000| Untracked 
|  82|0x000000008a800000, 0x000000008a800000, 0x000000008a900000|  0%| F|  |TAMS 0x000000008a800000, 0x000000008a800000| Untracked 
|  83|0x000000008a900000, 0x000000008a900000, 0x000000008aa00000|  0%| F|  |TAMS 0x000000008a900000, 0x000000008a900000| Untracked 
|  84|0x000000008aa00000, 0x000000008aa00000, 0x000000008ab00000|  0%| F|  |TAMS 0x000000008aa00000, 0x000000008aa00000| Untracked 
|  85|0x000000008ab00000, 0x000000008ab00000, 0x000000008ac00000|  0%| F|  |TAMS 0x000000008ab00000, 0x000000008ab00000| Untracked 
|  86|0x000000008ac00000, 0x000000008ac00000, 0x000000008ad00000|  0%| F|  |TAMS 0x000000008ac00000, 0x000000008ac00000| Untracked 
|  87|0x000000008ad00000, 0x000000008ad00000, 0x000000008ae00000|  0%| F|  |TAMS 0x000000008ad00000, 0x000000008ad00000| Untracked 
|  88|0x000000008ae00000, 0x000000008ae00000, 0x000000008af00000|  0%| F|  |TAMS 0x000000008ae00000, 0x000000008ae00000| Untracked 
|  89|0x000000008af00000, 0x000000008af00000, 0x000000008b000000|  0%| F|  |TAMS 0x000000008af00000, 0x000000008af00000| Untracked 
|  90|0x000000008b000000, 0x000000008b000000, 0x000000008b100000|  0%| F|  |TAMS 0x000000008b000000, 0x000000008b000000| Untracked 
|  91|0x000000008b100000, 0x000000008b100000, 0x000000008b200000|  0%| F|  |TAMS 0x000000008b100000, 0x000000008b100000| Untracked 
|  92|0x000000008b200000, 0x000000008b200000, 0x000000008b300000|  0%| F|  |TAMS 0x000000008b200000, 0x000000008b200000| Untracked 
|  93|0x000000008b300000, 0x000000008b300000, 0x000000008b400000|  0%| F|  |TAMS 0x000000008b300000, 0x000000008b300000| Untracked 
|  94|0x000000008b400000, 0x000000008b400000, 0x000000008b500000|  0%| F|  |TAMS 0x000000008b400000, 0x000000008b400000| Untracked 
|  95|0x000000008b500000, 0x000000008b500000, 0x000000008b600000|  0%| F|  |TAMS 0x000000008b500000, 0x000000008b500000| Untracked 
|  96|0x000000008b600000, 0x000000008b600000, 0x000000008b700000|  0%| F|  |TAMS 0x000000008b600000, 0x000000008b600000| Untracked 
|  97|0x000000008b700000, 0x000000008b700000, 0x000000008b800000|  0%| F|  |TAMS 0x000000008b700000, 0x000000008b700000| Untracked 
|  98|0x000000008b800000, 0x000000008b800000, 0x000000008b900000|  0%| F|  |TAMS 0x000000008b800000, 0x000000008b800000| Untracked 
|  99|0x000000008b900000, 0x000000008b900000, 0x000000008ba00000|  0%| F|  |TAMS 0x000000008b900000, 0x000000008b900000| Untracked 
| 100|0x000000008ba00000, 0x000000008ba00000, 0x000000008bb00000|  0%| F|  |TAMS 0x000000008ba00000, 0x000000008ba00000| Untracked 
| 101|0x000000008bb00000, 0x000000008bb00000, 0x000000008bc00000|  0%| F|  |TAMS 0x000000008bb00000, 0x000000008bb00000| Untracked 
| 102|0x000000008bc00000, 0x000000008bc00000, 0x000000008bd00000|  0%| F|  |TAMS 0x000000008bc00000, 0x000000008bc00000| Untracked 
| 103|0x000000008bd00000, 0x000000008bd00000, 0x000000008be00000|  0%| F|  |TAMS 0x000000008bd00000, 0x000000008bd00000| Untracked 
| 104|0x000000008be00000, 0x000000008be00000, 0x000000008bf00000|  0%| F|  |TAMS 0x000000008be00000, 0x000000008be00000| Untracked 
| 105|0x000000008bf00000, 0x000000008bf00000, 0x000000008c000000|  0%| F|  |TAMS 0x000000008bf00000, 0x000000008bf00000| Untracked 
| 106|0x000000008c000000, 0x000000008c000000, 0x000000008c100000|  0%| F|  |TAMS 0x000000008c000000, 0x000000008c000000| Untracked 
| 107|0x000000008c100000, 0x000000008c100000, 0x000000008c200000|  0%| F|  |TAMS 0x000000008c100000, 0x000000008c100000| Untracked 
| 108|0x000000008c200000, 0x000000008c200000, 0x000000008c300000|  0%| F|  |TAMS 0x000000008c200000, 0x000000008c200000| Untracked 
| 109|0x000000008c300000, 0x000000008c300000, 0x000000008c400000|  0%| F|  |TAMS 0x000000008c300000, 0x000000008c300000| Untracked 
| 110|0x000000008c400000, 0x000000008c400000, 0x000000008c500000|  0%| F|  |TAMS 0x000000008c400000, 0x000000008c400000| Untracked 
| 111|0x000000008c500000, 0x000000008c600000, 0x000000008c600000|100%| S|CS|TAMS 0x000000008c500000, 0x000000008c500000| Complete 
| 112|0x000000008c600000, 0x000000008c700000, 0x000000008c700000|100%| S|CS|TAMS 0x000000008c600000, 0x000000008c600000| Complete 
| 113|0x000000008c700000, 0x000000008c700000, 0x000000008c800000|  0%| F|  |TAMS 0x000000008c700000, 0x000000008c700000| Untracked 
| 114|0x000000008c800000, 0x000000008c800000, 0x000000008c900000|  0%| F|  |TAMS 0x000000008c800000, 0x000000008c800000| Untracked 
| 115|0x000000008c900000, 0x000000008c900000, 0x000000008ca00000|  0%| F|  |TAMS 0x000000008c900000, 0x000000008c900000| Untracked 
| 116|0x000000008ca00000, 0x000000008ca00000, 0x000000008cb00000|  0%| F|  |TAMS 0x000000008ca00000, 0x000000008ca00000| Untracked 
| 117|0x000000008cb00000, 0x000000008cb00000, 0x000000008cc00000|  0%| F|  |TAMS 0x000000008cb00000, 0x000000008cb00000| Untracked 
| 118|0x000000008cc00000, 0x000000008cc00000, 0x000000008cd00000|  0%| F|  |TAMS 0x000000008cc00000, 0x000000008cc00000| Untracked 
| 119|0x000000008cd00000, 0x000000008cd00000, 0x000000008ce00000|  0%| F|  |TAMS 0x000000008cd00000, 0x000000008cd00000| Untracked 
| 120|0x000000008ce00000, 0x000000008ce00000, 0x000000008cf00000|  0%| F|  |TAMS 0x000000008ce00000, 0x000000008ce00000| Untracked 
| 121|0x000000008cf00000, 0x000000008d000000, 0x000000008d000000|100%| S|CS|TAMS 0x000000008cf00000, 0x000000008cf00000| Complete 
| 122|0x000000008d000000, 0x000000008d100000, 0x000000008d100000|100%| S|CS|TAMS 0x000000008d000000, 0x000000008d000000| Complete 
| 123|0x000000008d100000, 0x000000008d200000, 0x000000008d200000|100%| S|CS|TAMS 0x000000008d100000, 0x000000008d100000| Complete 
| 124|0x000000008d200000, 0x000000008d300000, 0x000000008d300000|100%| S|CS|TAMS 0x000000008d200000, 0x000000008d200000| Complete 
| 125|0x000000008d300000, 0x000000008d300000, 0x000000008d400000|  0%| F|  |TAMS 0x000000008d300000, 0x000000008d300000| Untracked 
| 126|0x000000008d400000, 0x000000008d400000, 0x000000008d500000|  0%| F|  |TAMS 0x000000008d400000, 0x000000008d400000| Untracked 
| 127|0x000000008d500000, 0x000000008d500000, 0x000000008d600000|  0%| F|  |TAMS 0x000000008d500000, 0x000000008d500000| Untracked 
| 128|0x000000008d600000, 0x000000008d600000, 0x000000008d700000|  0%| F|  |TAMS 0x000000008d600000, 0x000000008d600000| Untracked 
| 129|0x000000008d700000, 0x000000008d700000, 0x000000008d800000|  0%| F|  |TAMS 0x000000008d700000, 0x000000008d700000| Untracked 
| 130|0x000000008d800000, 0x000000008d800000, 0x000000008d900000|  0%| F|  |TAMS 0x000000008d800000, 0x000000008d800000| Untracked 
| 131|0x000000008d900000, 0x000000008d900000, 0x000000008da00000|  0%| F|  |TAMS 0x000000008d900000, 0x000000008d900000| Untracked 
| 132|0x000000008da00000, 0x000000008da00000, 0x000000008db00000|  0%| F|  |TAMS 0x000000008da00000, 0x000000008da00000| Untracked 
| 133|0x000000008db00000, 0x000000008db00000, 0x000000008dc00000|  0%| F|  |TAMS 0x000000008db00000, 0x000000008db00000| Untracked 
| 134|0x000000008dc00000, 0x000000008dc00000, 0x000000008dd00000|  0%| F|  |TAMS 0x000000008dc00000, 0x000000008dc00000| Untracked 
| 135|0x000000008dd00000, 0x000000008dd00000, 0x000000008de00000|  0%| F|  |TAMS 0x000000008dd00000, 0x000000008dd00000| Untracked 
| 136|0x000000008de00000, 0x000000008de00000, 0x000000008df00000|  0%| F|  |TAMS 0x000000008de00000, 0x000000008de00000| Untracked 
| 137|0x000000008df00000, 0x000000008df00000, 0x000000008e000000|  0%| F|  |TAMS 0x000000008df00000, 0x000000008df00000| Untracked 
| 138|0x000000008e000000, 0x000000008e000000, 0x000000008e100000|  0%| F|  |TAMS 0x000000008e000000, 0x000000008e000000| Untracked 
| 139|0x000000008e100000, 0x000000008e200000, 0x000000008e200000|100%| E|  |TAMS 0x000000008e100000, 0x000000008e100000| Complete 
| 140|0x000000008e200000, 0x000000008e300000, 0x000000008e300000|100%| E|CS|TAMS 0x000000008e200000, 0x000000008e200000| Complete 
| 141|0x000000008e300000, 0x000000008e400000, 0x000000008e400000|100%| E|CS|TAMS 0x000000008e300000, 0x000000008e300000| Complete 
| 142|0x000000008e400000, 0x000000008e500000, 0x000000008e500000|100%| E|CS|TAMS 0x000000008e400000, 0x000000008e400000| Complete 
| 143|0x000000008e500000, 0x000000008e600000, 0x000000008e600000|100%| E|CS|TAMS 0x000000008e500000, 0x000000008e500000| Complete 
| 144|0x000000008e600000, 0x000000008e700000, 0x000000008e700000|100%| E|CS|TAMS 0x000000008e600000, 0x000000008e600000| Complete 
| 145|0x000000008e700000, 0x000000008e800000, 0x000000008e800000|100%| E|CS|TAMS 0x000000008e700000, 0x000000008e700000| Complete 
| 146|0x000000008e800000, 0x000000008e900000, 0x000000008e900000|100%| E|CS|TAMS 0x000000008e800000, 0x000000008e800000| Complete 
| 147|0x000000008e900000, 0x000000008ea00000, 0x000000008ea00000|100%| E|CS|TAMS 0x000000008e900000, 0x000000008e900000| Complete 
| 148|0x000000008ea00000, 0x000000008eb00000, 0x000000008eb00000|100%| E|CS|TAMS 0x000000008ea00000, 0x000000008ea00000| Complete 
| 149|0x000000008eb00000, 0x000000008ec00000, 0x000000008ec00000|100%| E|CS|TAMS 0x000000008eb00000, 0x000000008eb00000| Complete 
| 150|0x000000008ec00000, 0x000000008ed00000, 0x000000008ed00000|100%| E|CS|TAMS 0x000000008ec00000, 0x000000008ec00000| Complete 
| 151|0x000000008ed00000, 0x000000008ee00000, 0x000000008ee00000|100%| E|CS|TAMS 0x000000008ed00000, 0x000000008ed00000| Complete 
| 152|0x000000008ee00000, 0x000000008ef00000, 0x000000008ef00000|100%| E|CS|TAMS 0x000000008ee00000, 0x000000008ee00000| Complete 
| 153|0x000000008ef00000, 0x000000008f000000, 0x000000008f000000|100%| E|CS|TAMS 0x000000008ef00000, 0x000000008ef00000| Complete 
| 154|0x000000008f000000, 0x000000008f100000, 0x000000008f100000|100%| E|CS|TAMS 0x000000008f000000, 0x000000008f000000| Complete 
| 155|0x000000008f100000, 0x000000008f200000, 0x000000008f200000|100%| E|CS|TAMS 0x000000008f100000, 0x000000008f100000| Complete 
| 156|0x000000008f200000, 0x000000008f300000, 0x000000008f300000|100%| E|CS|TAMS 0x000000008f200000, 0x000000008f200000| Complete 
| 157|0x000000008f300000, 0x000000008f400000, 0x000000008f400000|100%| E|CS|TAMS 0x000000008f300000, 0x000000008f300000| Complete 
| 158|0x000000008f400000, 0x000000008f500000, 0x000000008f500000|100%| E|CS|TAMS 0x000000008f400000, 0x000000008f400000| Complete 
| 159|0x000000008f500000, 0x000000008f600000, 0x000000008f600000|100%| E|CS|TAMS 0x000000008f500000, 0x000000008f500000| Complete 
| 160|0x000000008f600000, 0x000000008f700000, 0x000000008f700000|100%| E|CS|TAMS 0x000000008f600000, 0x000000008f600000| Complete 
| 161|0x000000008f700000, 0x000000008f800000, 0x000000008f800000|100%| E|CS|TAMS 0x000000008f700000, 0x000000008f700000| Complete 
| 162|0x000000008f800000, 0x000000008f900000, 0x000000008f900000|100%| E|CS|TAMS 0x000000008f800000, 0x000000008f800000| Complete 
| 163|0x000000008f900000, 0x000000008fa00000, 0x000000008fa00000|100%| E|CS|TAMS 0x000000008f900000, 0x000000008f900000| Complete 
| 164|0x000000008fa00000, 0x000000008fb00000, 0x000000008fb00000|100%| E|CS|TAMS 0x000000008fa00000, 0x000000008fa00000| Complete 
| 165|0x000000008fb00000, 0x000000008fc00000, 0x000000008fc00000|100%| E|CS|TAMS 0x000000008fb00000, 0x000000008fb00000| Complete 
| 166|0x000000008fc00000, 0x000000008fd00000, 0x000000008fd00000|100%| E|CS|TAMS 0x000000008fc00000, 0x000000008fc00000| Complete 
| 167|0x000000008fd00000, 0x000000008fe00000, 0x000000008fe00000|100%| E|CS|TAMS 0x000000008fd00000, 0x000000008fd00000| Complete 
| 168|0x000000008fe00000, 0x000000008ff00000, 0x000000008ff00000|100%| E|CS|TAMS 0x000000008fe00000, 0x000000008fe00000| Complete 
| 169|0x000000008ff00000, 0x0000000090000000, 0x0000000090000000|100%| E|CS|TAMS 0x000000008ff00000, 0x000000008ff00000| Complete 
| 170|0x0000000090000000, 0x0000000090100000, 0x0000000090100000|100%| E|CS|TAMS 0x0000000090000000, 0x0000000090000000| Complete 
| 171|0x0000000090100000, 0x0000000090200000, 0x0000000090200000|100%| E|CS|TAMS 0x0000000090100000, 0x0000000090100000| Complete 
| 172|0x0000000090200000, 0x0000000090300000, 0x0000000090300000|100%| E|CS|TAMS 0x0000000090200000, 0x0000000090200000| Complete 
| 214|0x0000000092c00000, 0x0000000092d00000, 0x0000000092d00000|100%| E|CS|TAMS 0x0000000092c00000, 0x0000000092c00000| Complete 

Card table byte_map: [0x00000264ea430000,0x00000264ea810000] _byte_map_base: 0x00000264ea005000

Marking Bits (Prev, Next): (CMBitMap*) 0x00000264d3528cd0, (CMBitMap*) 0x00000264d3528d10
 Prev Bits: [0x00000264eabf0000, 0x00000264eca98000)
 Next Bits: [0x00000264ecaa0000, 0x00000264ee948000)

Polling page: 0x00000264d11a0000

Metaspace:

Usage:
  Non-class:     53.65 MB used.
      Class:      6.74 MB used.
       Both:     60.39 MB used.

Virtual space:
  Non-class space:       64.00 MB reserved,      53.81 MB ( 84%) committed,  1 nodes.
      Class space:        1.00 GB reserved,       6.88 MB ( <1%) committed,  1 nodes.
             Both:        1.06 GB reserved,      60.69 MB (  6%) committed. 

Chunk freelists:
   Non-Class:  9.31 MB
       Class:  9.16 MB
        Both:  18.47 MB

MaxMetaspaceSize: unlimited
CompressedClassSpaceSize: 1.00 GB
Initial GC threshold: 21.00 MB
Current GC threshold: 80.31 MB
CDS: on
MetaspaceReclaimPolicy: balanced
 - commit_granule_bytes: 65536.
 - commit_granule_words: 8192.
 - virtual_space_node_default_size: 8388608.
 - enlarge_chunks_in_place: 1.
 - new_chunks_are_fully_committed: 0.
 - uncommit_free_chunks: 1.
 - use_allocation_guard: 0.
 - handle_deallocations: 1.


Internal statistics:

num_allocs_failed_limit: 6.
num_arena_births: 302.
num_arena_deaths: 0.
num_vsnodes_births: 2.
num_vsnodes_deaths: 0.
num_space_committed: 969.
num_space_uncommitted: 0.
num_chunks_returned_to_freelist: 6.
num_chunks_taken_from_freelist: 2448.
num_chunk_merges: 6.
num_chunk_splits: 2007.
num_chunks_enlarged: 1820.
num_inconsistent_stats: 0.

CodeHeap 'non-profiled nmethods': size=120000Kb used=6364Kb max_used=6364Kb free=113636Kb
 bounds [0x00000264e2b20000, 0x00000264e3160000, 0x00000264ea050000]
CodeHeap 'profiled nmethods': size=120000Kb used=36874Kb max_used=36874Kb free=83125Kb
 bounds [0x00000264db050000, 0x00000264dd460000, 0x00000264e2580000]
CodeHeap 'non-nmethods': size=5760Kb used=1352Kb max_used=1435Kb free=4407Kb
 bounds [0x00000264e2580000, 0x00000264e27f0000, 0x00000264e2b20000]
 total_blobs=11107 nmethods=10439 adapters=577
 compilation: enabled
              stopped_count=0, restarted_count=0
 full_count=0

Compilation events (20 events):
Event: 76.227 Thread 0x00000264f0e0b5e0 12010       3       org.jetbrains.kotlin.fir.analysis.checkers.syntax.FirFunctionTypeParametersSyntaxChecker::checkLightTree (13 bytes)
Event: 76.228 Thread 0x00000264f0e0b5e0 nmethod 12010 0x00000264dd44ac10 code [0x00000264dd44adc0, 0x00000264dd44afe8]
Event: 76.228 Thread 0x00000264f0e0b5e0 12011       3       org.jetbrains.kotlin.fir.analysis.checkers.syntax.FirFunctionTypeParametersSyntaxChecker::checkLightTree (102 bytes)
Event: 76.229 Thread 0x00000264f0e0b5e0 nmethod 12011 0x00000264dd44b090 code [0x00000264dd44b480, 0x00000264dd44cbe8]
Event: 76.232 Thread 0x00000264f0e0b5e0 12012       3       org.jetbrains.kotlin.fir.analysis.checkers.FirModifier$FirLightModifier::getSource (80 bytes)
Event: 76.233 Thread 0x00000264f0e0b5e0 nmethod 12012 0x00000264dd44d410 code [0x00000264dd44d600, 0x00000264dd44dd08]
Event: 76.233 Thread 0x00000264f0e0b5e0 12013       3       org.jetbrains.kotlin.fir.declarations.EnumValueArgumentInfo::<init> (21 bytes)
Event: 76.234 Thread 0x00000264f0e0b5e0 nmethod 12013 0x00000264dd44df10 code [0x00000264dd44e140, 0x00000264dd44e7f8]
Event: 76.235 Thread 0x00000264f0e0b5e0 12014       1       org.jetbrains.kotlin.fir.expressions.impl.FirAnnotationCallImpl::getUseSiteTarget (5 bytes)
Event: 76.235 Thread 0x00000264f0e0b5e0 nmethod 12014 0x00000264e3156d10 code [0x00000264e3156ea0, 0x00000264e3156f78]
Event: 76.235 Thread 0x00000264f0e0b5e0 12015       3       org.jetbrains.kotlin.fir.references.FirReferenceUtilsKt::toResolvedVariableSymbol (60 bytes)
Event: 76.236 Thread 0x00000264f0e0b5e0 nmethod 12015 0x00000264dd44ea90 code [0x00000264dd44ed80, 0x00000264dd450008]
Event: 76.236 Thread 0x00000264f0e0b5e0 12016       3       org.jetbrains.kotlin.resolve.checkers.OptInNames::getOPT_IN_CLASS_ID (4 bytes)
Event: 76.237 Thread 0x00000264f0e0b5e0 nmethod 12016 0x00000264dd450490 code [0x00000264dd450620, 0x00000264dd450738]
Event: 76.237 Thread 0x00000264f0e0b5e0 12017       3       kotlin.collections.AbstractList::iterator (12 bytes)
Event: 76.237 Thread 0x00000264f0e0b5e0 nmethod 12017 0x00000264dd450810 code [0x00000264dd4509c0, 0x00000264dd450c38]
Event: 76.280 Thread 0x00000264f0e0b5e0 12018       3       org.jetbrains.kotlin.fir.visitors.FirDefaultVisitor::visitJump (17 bytes)
Event: 76.282 Thread 0x00000264f0e0b5e0 nmethod 12018 0x00000264dd450d10 code [0x00000264dd451040, 0x00000264dd4521c8]
Event: 76.284 Thread 0x00000264f0e0b5e0 12019       3       org.jetbrains.kotlin.fir.visitors.FirDefaultVisitor::visitReturnExpression (17 bytes)
Event: 76.286 Thread 0x00000264f0e0b5e0 nmethod 12019 0x00000264dd452790 code [0x00000264dd452b20, 0x00000264dd454148]

GC Heap History (20 events):
Event: 31.490 GC heap before
{Heap before GC invocations=15 (full 0):
 garbage-first heap   total 55296K, used 31028K [0x0000000085600000, 0x0000000100000000)
  region size 1024K, 3 young (3072K), 2 survivors (2048K)
 Metaspace       used 45689K, committed 45952K, reserved 1114112K
  class space    used 5566K, committed 5696K, reserved 1048576K
}
Event: 31.501 GC heap after
{Heap after GC invocations=16 (full 0):
 garbage-first heap   total 55296K, used 29805K [0x0000000085600000, 0x0000000100000000)
  region size 1024K, 1 young (1024K), 1 survivors (1024K)
 Metaspace       used 45689K, committed 45952K, reserved 1114112K
  class space    used 5566K, committed 5696K, reserved 1048576K
}
Event: 33.928 GC heap before
{Heap before GC invocations=16 (full 0):
 garbage-first heap   total 55296K, used 43117K [0x0000000085600000, 0x0000000100000000)
  region size 1024K, 14 young (14336K), 1 survivors (1024K)
 Metaspace       used 46732K, committed 46976K, reserved 1114112K
  class space    used 5651K, committed 5760K, reserved 1048576K
}
Event: 33.942 GC heap after
{Heap after GC invocations=17 (full 0):
 garbage-first heap   total 55296K, used 33745K [0x0000000085600000, 0x0000000100000000)
  region size 1024K, 2 young (2048K), 2 survivors (2048K)
 Metaspace       used 46732K, committed 46976K, reserved 1114112K
  class space    used 5651K, committed 5760K, reserved 1048576K
}
Event: 34.116 GC heap before
{Heap before GC invocations=18 (full 0):
 garbage-first heap   total 68608K, used 43985K [0x0000000085600000, 0x0000000100000000)
  region size 1024K, 11 young (11264K), 2 survivors (2048K)
 Metaspace       used 46751K, committed 46976K, reserved 1114112K
  class space    used 5652K, committed 5760K, reserved 1048576K
}
Event: 34.131 GC heap after
{Heap after GC invocations=19 (full 0):
 garbage-first heap   total 68608K, used 38466K [0x0000000085600000, 0x0000000100000000)
  region size 1024K, 2 young (2048K), 2 survivors (2048K)
 Metaspace       used 46751K, committed 46976K, reserved 1114112K
  class space    used 5652K, committed 5760K, reserved 1048576K
}
Event: 34.745 GC heap before
{Heap before GC invocations=19 (full 0):
 garbage-first heap   total 68608K, used 50754K [0x0000000085600000, 0x0000000100000000)
  region size 1024K, 14 young (14336K), 2 survivors (2048K)
 Metaspace       used 47053K, committed 47232K, reserved 1114112K
  class space    used 5672K, committed 5760K, reserved 1048576K
}
Event: 34.756 GC heap after
{Heap after GC invocations=20 (full 0):
 garbage-first heap   total 68608K, used 42585K [0x0000000085600000, 0x0000000100000000)
  region size 1024K, 2 young (2048K), 2 survivors (2048K)
 Metaspace       used 47053K, committed 47232K, reserved 1114112K
  class space    used 5672K, committed 5760K, reserved 1048576K
}
Event: 35.157 GC heap before
{Heap before GC invocations=20 (full 0):
 garbage-first heap   total 68608K, used 50777K [0x0000000085600000, 0x0000000100000000)
  region size 1024K, 11 young (11264K), 2 survivors (2048K)
 Metaspace       used 47179K, committed 47424K, reserved 1114112K
  class space    used 5680K, committed 5824K, reserved 1048576K
}
Event: 35.168 GC heap after
{Heap after GC invocations=21 (full 0):
 garbage-first heap   total 68608K, used 46073K [0x0000000085600000, 0x0000000100000000)
  region size 1024K, 2 young (2048K), 2 survivors (2048K)
 Metaspace       used 47179K, committed 47424K, reserved 1114112K
  class space    used 5680K, committed 5824K, reserved 1048576K
}
Event: 36.039 GC heap before
{Heap before GC invocations=22 (full 0):
 garbage-first heap   total 80896K, used 54265K [0x0000000085600000, 0x0000000100000000)
  region size 1024K, 10 young (10240K), 2 survivors (2048K)
 Metaspace       used 47518K, committed 47808K, reserved 1114112K
  class space    used 5692K, committed 5824K, reserved 1048576K
}
Event: 36.053 GC heap after
{Heap after GC invocations=23 (full 0):
 garbage-first heap   total 80896K, used 49079K [0x0000000085600000, 0x0000000100000000)
  region size 1024K, 2 young (2048K), 2 survivors (2048K)
 Metaspace       used 47518K, committed 47808K, reserved 1114112K
  class space    used 5692K, committed 5824K, reserved 1048576K
}
Event: 38.097 GC heap before
{Heap before GC invocations=23 (full 0):
 garbage-first heap   total 80896K, used 60343K [0x0000000085600000, 0x0000000100000000)
  region size 1024K, 14 young (14336K), 2 survivors (2048K)
 Metaspace       used 49013K, committed 49280K, reserved 1114112K
  class space    used 5877K, committed 6016K, reserved 1048576K
}
Event: 38.116 GC heap after
{Heap after GC invocations=24 (full 0):
 garbage-first heap   total 220160K, used 51746K [0x0000000085600000, 0x0000000100000000)
  region size 1024K, 2 young (2048K), 2 survivors (2048K)
 Metaspace       used 49013K, committed 49280K, reserved 1114112K
  class space    used 5877K, committed 6016K, reserved 1048576K
}
Event: 52.686 GC heap before
{Heap before GC invocations=25 (full 0):
 garbage-first heap   total 178176K, used 136738K [0x0000000085600000, 0x0000000100000000)
  region size 1024K, 85 young (87040K), 2 survivors (2048K)
 Metaspace       used 56041K, committed 56320K, reserved 1114112K
  class space    used 6511K, committed 6656K, reserved 1048576K
}
Event: 52.717 GC heap after
{Heap after GC invocations=26 (full 0):
 garbage-first heap   total 178176K, used 66928K [0x0000000085600000, 0x0000000100000000)
  region size 1024K, 11 young (11264K), 11 survivors (11264K)
 Metaspace       used 56041K, committed 56320K, reserved 1114112K
  class space    used 6511K, committed 6656K, reserved 1048576K
}
Event: 61.052 GC heap before
{Heap before GC invocations=26 (full 0):
 garbage-first heap   total 178176K, used 121200K [0x0000000085600000, 0x0000000100000000)
  region size 1024K, 64 young (65536K), 11 survivors (11264K)
 Metaspace       used 57208K, committed 57536K, reserved 1114112K
  class space    used 6578K, committed 6720K, reserved 1048576K
}
Event: 61.083 GC heap after
{Heap after GC invocations=27 (full 0):
 garbage-first heap   total 178176K, used 76266K [0x0000000085600000, 0x0000000100000000)
  region size 1024K, 8 young (8192K), 8 survivors (8192K)
 Metaspace       used 57208K, committed 57536K, reserved 1114112K
  class space    used 6578K, committed 6720K, reserved 1048576K
}
Event: 67.233 GC heap before
{Heap before GC invocations=27 (full 0):
 garbage-first heap   total 178176K, used 126442K [0x0000000085600000, 0x0000000100000000)
  region size 1024K, 57 young (58368K), 8 survivors (8192K)
 Metaspace       used 57966K, committed 58240K, reserved 1114112K
  class space    used 6609K, committed 6720K, reserved 1048576K
}
Event: 67.257 GC heap after
{Heap after GC invocations=28 (full 0):
 garbage-first heap   total 178176K, used 83472K [0x0000000085600000, 0x0000000100000000)
  region size 1024K, 6 young (6144K), 6 survivors (6144K)
 Metaspace       used 57966K, committed 58240K, reserved 1114112K
  class space    used 6609K, committed 6720K, reserved 1048576K
}

Dll operation events (7 events):
Event: 0.014 Loaded shared library C:\Program Files\Microsoft\jdk-17.0.18.8-hotspot\bin\java.dll
Event: 0.462 Loaded shared library C:\Program Files\Microsoft\jdk-17.0.18.8-hotspot\bin\jsvml.dll
Event: 1.592 Loaded shared library C:\Program Files\Microsoft\jdk-17.0.18.8-hotspot\bin\net.dll
Event: 1.594 Loaded shared library C:\Program Files\Microsoft\jdk-17.0.18.8-hotspot\bin\nio.dll
Event: 1.759 Loaded shared library C:\Program Files\Microsoft\jdk-17.0.18.8-hotspot\bin\zip.dll
Event: 1.892 Loaded shared library C:\Program Files\Microsoft\jdk-17.0.18.8-hotspot\bin\jimage.dll
Event: 10.997 Loaded shared library C:\Program Files\Microsoft\jdk-17.0.18.8-hotspot\bin\verify.dll

Deoptimization events (20 events):
Event: 73.258 Thread 0x00000264d34cf0c0 Uncommon trap: trap_request=0xffffff6e fr.pc=0x00000264e311daf4 relative=0x0000000000000234
Event: 73.259 Thread 0x00000264d34cf0c0 Uncommon trap: reason=loop_limit_check action=maybe_recompile pc=0x00000264e311daf4 method=org.jetbrains.kotlin.fir.analysis.checkers.FirHelpersKt.isLhsOfAssignment(Lorg/jetbrains/kotlin/fir/FirElement;Lorg/jetbrains/kotlin/fir/analysis/checkers/context/C
Event: 73.259 Thread 0x00000264d34cf0c0 DEOPT PACKING pc=0x00000264e311daf4 sp=0x000000bf60afc960
Event: 73.259 Thread 0x00000264d34cf0c0 DEOPT UNPACKING pc=0x00000264e25d69a3 sp=0x000000bf60afc8d8 mode 2
Event: 73.508 Thread 0x00000264d34cf0c0 Uncommon trap: trap_request=0xffffffc6 fr.pc=0x00000264e30f2348 relative=0x0000000000001c08
Event: 73.508 Thread 0x00000264d34cf0c0 Uncommon trap: reason=bimorphic_or_optimized_type_check action=maybe_recompile pc=0x00000264e30f2348 method=org.jetbrains.kotlin.fir.types.ConeAttributes.add(Lorg/jetbrains/kotlin/fir/types/ConeAttributes;)Lorg/jetbrains/kotlin/fir/types/ConeAttributes; @
Event: 73.508 Thread 0x00000264d34cf0c0 DEOPT PACKING pc=0x00000264e30f2348 sp=0x000000bf60afd5a0
Event: 73.508 Thread 0x00000264d34cf0c0 DEOPT UNPACKING pc=0x00000264e25d69a3 sp=0x000000bf60afd5a8 mode 2
Event: 73.691 Thread 0x00000264d34cf0c0 Uncommon trap: trap_request=0xffffffbe fr.pc=0x00000264e3107dc0 relative=0x00000000000011c0
Event: 73.691 Thread 0x00000264d34cf0c0 Uncommon trap: reason=profile_predicate action=maybe_recompile pc=0x00000264e3107dc0 method=org.jetbrains.kotlin.fir.types.ConeBuiltinTypeUtilsKt.isArrayType(Lorg/jetbrains/kotlin/fir/types/ConeKotlinType;Ljava/lang/Boolean;)Z @ 164 c2
Event: 73.691 Thread 0x00000264d34cf0c0 DEOPT PACKING pc=0x00000264e3107dc0 sp=0x000000bf60af9290
Event: 73.691 Thread 0x00000264d34cf0c0 DEOPT UNPACKING pc=0x00000264e25d69a3 sp=0x000000bf60af9240 mode 2
Event: 74.718 Thread 0x00000264d34cf0c0 Uncommon trap: trap_request=0xffffffde fr.pc=0x00000264e308cec4 relative=0x00000000000008a4
Event: 74.718 Thread 0x00000264d34cf0c0 Uncommon trap: reason=class_check action=maybe_recompile pc=0x00000264e308cec4 method=org.jetbrains.kotlin.fir.types.FunctionalTypeUtilsKt.functionTypeKind(Lorg/jetbrains/kotlin/fir/symbols/ConeClassLikeLookupTag;Lorg/jetbrains/kotlin/fir/FirSession;)Lorg
Event: 74.718 Thread 0x00000264d34cf0c0 DEOPT PACKING pc=0x00000264e308cec4 sp=0x000000bf60afc4f0
Event: 74.718 Thread 0x00000264d34cf0c0 DEOPT UNPACKING pc=0x00000264e25d69a3 sp=0x000000bf60afc460 mode 2
Event: 75.026 Thread 0x00000264d34cf0c0 Uncommon trap: trap_request=0xffffffc6 fr.pc=0x00000264e3015f48 relative=0x0000000000000308
Event: 75.026 Thread 0x00000264d34cf0c0 Uncommon trap: reason=bimorphic_or_optimized_type_check action=maybe_recompile pc=0x00000264e3015f48 method=kotlin.collections.CollectionsKt___CollectionsKt.singleOrNull(Ljava/lang/Iterable;)Ljava/lang/Object; @ 60 c2
Event: 75.026 Thread 0x00000264d34cf0c0 DEOPT PACKING pc=0x00000264e3015f48 sp=0x000000bf60afd4e0
Event: 75.026 Thread 0x00000264d34cf0c0 DEOPT UNPACKING pc=0x00000264e25d69a3 sp=0x000000bf60afd498 mode 2

Classes loaded (20 events):
Event: 30.112 Loading class java/util/AbstractList$ListItr
Event: 30.112 Loading class java/util/AbstractList$ListItr done
Event: 31.217 Loading class java/lang/Character$UnicodeBlock
Event: 31.218 Loading class java/lang/Character$Subset
Event: 31.218 Loading class java/lang/Character$Subset done
Event: 31.218 Loading class java/lang/Character$UnicodeBlock done
Event: 31.293 Loading class jdk/internal/math/FDBigInteger
Event: 31.293 Loading class jdk/internal/math/FDBigInteger done
Event: 31.488 Loading class java/util/RegularEnumSet$EnumSetIterator
Event: 31.488 Loading class java/util/RegularEnumSet$EnumSetIterator done
Event: 40.743 Loading class java/util/AbstractList$RandomAccessSubList
Event: 40.743 Loading class java/util/AbstractList$RandomAccessSubList done
Event: 41.911 Loading class java/lang/Byte$ByteCache
Event: 41.912 Loading class java/lang/Byte$ByteCache done
Event: 48.292 Loading class java/lang/Short$ShortCache
Event: 48.294 Loading class java/lang/Short$ShortCache done
Event: 68.651 Loading class java/text/MessageFormat
Event: 68.652 Loading class java/text/MessageFormat done
Event: 68.889 Loading class java/text/ChoiceFormat
Event: 68.890 Loading class java/text/ChoiceFormat done

Classes unloaded (0 events):
No events

Classes redefined (0 events):
No events

Internal exceptions (20 events):
Event: 40.837 Thread 0x00000264d34cf0c0 Exception <a 'java/lang/NoSuchMethodError'{0x000000008f2187f0}: 'java.lang.Object java.lang.invoke.DirectMethodHandle$Holder.invokeSpecial(java.lang.Object, java.lang.Object, java.lang.Object, java.lang.Object, int)'> (0x000000008f2187f0) 
thrown [s\src\hotspot\share\interpreter\linkResolver.cpp, line 759]
Event: 40.837 Thread 0x00000264d34cf0c0 Exception <a 'java/lang/NoSuchMethodError'{0x000000008f21c1a0}: 'java.lang.Object java.lang.invoke.Invokers$Holder.linkToTargetMethod(java.lang.Object, java.lang.Object, int, java.lang.Object)'> (0x000000008f21c1a0) 
thrown [s\src\hotspot\share\interpreter\linkResolver.cpp, line 759]
Event: 40.841 Thread 0x00000264d34cf0c0 Exception <a 'java/lang/NoSuchMethodError'{0x000000008f23faa0}: 'java.lang.Object java.lang.invoke.DirectMethodHandle$Holder.newInvokeSpecial(java.lang.Object, int, java.lang.Object)'> (0x000000008f23faa0) 
thrown [s\src\hotspot\share\interpreter\linkResolver.cpp, line 759]
Event: 40.939 Thread 0x00000264d34cf0c0 Exception <a 'java/lang/NoSuchMethodError'{0x000000008f276e40}: 'java.lang.Object java.lang.invoke.DirectMethodHandle$Holder.invokeSpecial(java.lang.Object, java.lang.Object, int, java.lang.Object, java.lang.Object)'> (0x000000008f276e40) 
thrown [s\src\hotspot\share\interpreter\linkResolver.cpp, line 759]
Event: 42.207 Thread 0x00000264d34cf0c0 Exception <a 'java/lang/NoSuchMethodError'{0x000000008ec32730}: 'java.lang.Object java.lang.invoke.DirectMethodHandle$Holder.invokeStatic(java.lang.Object, java.lang.Object, java.lang.Object, int, java.lang.Object, java.lang.Object)'> (0x000000008ec32730) 
thrown [s\src\hotspot\share\interpreter\linkResolver.cpp, line 759]
Event: 42.211 Thread 0x00000264d34cf0c0 Exception <a 'java/lang/NoSuchMethodError'{0x000000008ec54948}: 'java.lang.Object java.lang.invoke.DirectMethodHandle$Holder.invokeStatic(java.lang.Object, int, java.lang.Object)'> (0x000000008ec54948) 
thrown [s\src\hotspot\share\interpreter\linkResolver.cpp, line 759]
Event: 42.338 Thread 0x00000264d34cf0c0 Exception <a 'java/lang/NoSuchMethodError'{0x000000008eca9590}: 'java.lang.Object java.lang.invoke.DirectMethodHandle$Holder.newInvokeSpecial(java.lang.Object, java.lang.Object, java.lang.Object, java.lang.Object, java.lang.Object, int)'> (0x000000008eca9590) 
thrown [s\src\hotspot\share\interpreter\linkResolver.cpp, line 759]
Event: 42.339 Thread 0x00000264d34cf0c0 Exception <a 'java/lang/NoSuchMethodError'{0x000000008ecae740}: 'java.lang.Object java.lang.invoke.DirectMethodHandle$Holder.invokeSpecial(java.lang.Object, java.lang.Object, java.lang.Object, java.lang.Object, java.lang.Object, java.lang.Object, int)'> (0x000000008ecae740) 
thrown [s\src\hotspot\share\interpreter\linkResolver.cpp, line 759]
Event: 42.339 Thread 0x00000264d34cf0c0 Exception <a 'java/lang/NoSuchMethodError'{0x000000008ecb3278}: 'java.lang.Object java.lang.invoke.Invokers$Holder.linkToTargetMethod(java.lang.Object, java.lang.Object, java.lang.Object, java.lang.Object, int, java.lang.Object)'> (0x000000008ecb3278) 
thrown [s\src\hotspot\share\interpreter\linkResolver.cpp, line 759]
Event: 44.406 Thread 0x00000264d34cf0c0 Exception <a 'java/lang/NoSuchMethodError'{0x000000008e2dbcb8}: 'java.lang.Object java.lang.invoke.DirectMethodHandle$Holder.newInvokeSpecial(java.lang.Object, java.lang.Object, java.lang.Object, java.lang.Object, java.lang.Object, java.lang.Object, java.lang.Object, java.lang.Object, java.lang.Object)'> (0x000000008e2dbcb8) 
thrown [s\src\hotspot\share\interpreter\linkResolver.cpp, line 759]
Event: 44.407 Thread 0x00000264d34cf0c0 Exception <a 'java/lang/NoSuchMethodError'{0x000000008e2e1578}: 'java.lang.Object java.lang.invoke.DirectMethodHandle$Holder.invokeSpecial(java.lang.Object, java.lang.Object, java.lang.Object, java.lang.Object, java.lang.Object, java.lang.Object, java.lang.Object, java.lang.Object, java.lang.Object, java.lang.Object)'> (0x000000008e2e1578) 
thrown [s\src\hotspot\share\interpreter\linkResolver.cpp, line 759]
Event: 44.407 Thread 0x00000264d34cf0c0 Exception <a 'java/lang/NoSuchMethodError'{0x000000008e2e5de8}: 'java.lang.Object java.lang.invoke.Invokers$Holder.linkToTargetMethod(java.lang.Object, java.lang.Object, java.lang.Object, java.lang.Object, java.lang.Object, java.lang.Object, java.lang.Object, java.lang.Object, java.lang.Object)'> (0x000000008e2e5de8) 
thrown [s\src\hotspot\share\interpreter\linkResolver.cpp, line 759]
Event: 44.953 Thread 0x00000264d34cf0c0 Exception <a 'java/lang/NoSuchMethodError'{0x000000008e09bd40}: 'java.lang.Object java.lang.invoke.DirectMethodHandle$Holder.newInvokeSpecial(java.lang.Object, int, java.lang.Object, java.lang.Object, java.lang.Object)'> (0x000000008e09bd40) 
thrown [s\src\hotspot\share\interpreter\linkResolver.cpp, line 759]
Event: 44.955 Thread 0x00000264d34cf0c0 Exception <a 'java/lang/NoSuchMethodError'{0x000000008e0a3e10}: 'java.lang.Object java.lang.invoke.Invokers$Holder.linkToTargetMethod(int, java.lang.Object, java.lang.Object, java.lang.Object, java.lang.Object)'> (0x000000008e0a3e10) 
thrown [s\src\hotspot\share\interpreter\linkResolver.cpp, line 759]
Event: 49.318 Thread 0x00000264d34cf0c0 Exception <a 'java/lang/NoSuchMethodError'{0x000000008bd513b0}: 'java.lang.Object java.lang.invoke.DirectMethodHandle$Holder.invokeStatic(java.lang.Object, int, java.lang.Object, java.lang.Object)'> (0x000000008bd513b0) 
thrown [s\src\hotspot\share\interpreter\linkResolver.cpp, line 759]
Event: 51.083 Thread 0x00000264d34cf0c0 Exception <a 'java/lang/NoSuchMethodError'{0x000000008b73ea78}: 'java.lang.Object java.lang.invoke.DirectMethodHandle$Holder.newInvokeSpecial(java.lang.Object, java.lang.Object, java.lang.Object, java.lang.Object, java.lang.Object, java.lang.Object, int)'> (0x000000008b73ea78) 
thrown [s\src\hotspot\share\interpreter\linkResolver.cpp, line 759]
Event: 51.083 Thread 0x00000264d34cf0c0 Exception <a 'java/lang/NoSuchMethodError'{0x000000008b743fc0}: 'java.lang.Object java.lang.invoke.DirectMethodHandle$Holder.invokeSpecial(java.lang.Object, java.lang.Object, java.lang.Object, java.lang.Object, java.lang.Object, java.lang.Object, java.lang.Object, int)'> (0x000000008b743fc0) 
thrown [s\src\hotspot\share\interpreter\linkResolver.cpp, line 759]
Event: 67.930 Thread 0x00000264d34cf0c0 Implicit null exception at 0x00000264e2d24740 to 0x00000264e2d26044
Event: 69.125 Thread 0x00000264d34cf0c0 Implicit null exception at 0x00000264e2bea1cc to 0x00000264e2bea2c0
Event: 69.278 Thread 0x00000264d34cf0c0 Implicit null exception at 0x00000264e2d1cbd5 to 0x00000264e2d1cd64

VM Operations (20 events):
Event: 68.892 Executing VM operation: Cleanup
Event: 68.892 Executing VM operation: Cleanup done
Event: 69.655 Executing VM operation: ICBufferFull
Event: 69.655 Executing VM operation: ICBufferFull done
Event: 70.404 Executing VM operation: ICBufferFull
Event: 70.404 Executing VM operation: ICBufferFull done
Event: 71.398 Executing VM operation: ICBufferFull
Event: 71.398 Executing VM operation: ICBufferFull done
Event: 71.892 Executing VM operation: ICBufferFull
Event: 71.892 Executing VM operation: ICBufferFull done
Event: 72.895 Executing VM operation: HandshakeAllThreads
Event: 72.905 Executing VM operation: HandshakeAllThreads done
Event: 72.909 Executing VM operation: Cleanup
Event: 72.909 Executing VM operation: Cleanup done
Event: 73.489 Executing VM operation: ICBufferFull
Event: 73.489 Executing VM operation: ICBufferFull done
Event: 74.494 Executing VM operation: Cleanup
Event: 74.682 Executing VM operation: Cleanup done
Event: 75.697 Executing VM operation: Cleanup
Event: 75.697 Executing VM operation: Cleanup done

Memory protections (0 events):
No events

Nmethod flushes (20 events):
Event: 65.136 Thread 0x00000264f0e7be40 flushing  nmethod 0x00000264dc52e490
Event: 65.136 Thread 0x00000264f0e7be40 flushing  nmethod 0x00000264dc5df610
Event: 65.136 Thread 0x00000264f0e7be40 flushing  nmethod 0x00000264dc61f710
Event: 65.137 Thread 0x00000264f0e7be40 flushing  nmethod 0x00000264dc6d6210
Event: 65.138 Thread 0x00000264f0e7be40 flushing  nmethod 0x00000264dc87a110
Event: 65.139 Thread 0x00000264f0e7be40 flushing  nmethod 0x00000264dc9acd90
Event: 65.139 Thread 0x00000264f0e7be40 flushing  nmethod 0x00000264dc9ae610
Event: 65.140 Thread 0x00000264f0e7be40 flushing  nmethod 0x00000264dcae3790
Event: 65.140 Thread 0x00000264f0e7be40 flushing  nmethod 0x00000264dcb7e390
Event: 65.141 Thread 0x00000264f0e7be40 flushing  nmethod 0x00000264dcc08410
Event: 65.141 Thread 0x00000264f0e7be40 flushing  nmethod 0x00000264dcc9f010
Event: 65.141 Thread 0x00000264f0e7be40 flushing  nmethod 0x00000264dccf4c90
Event: 65.141 Thread 0x00000264f0e7be40 flushing  nmethod 0x00000264dccf9390
Event: 65.143 Thread 0x00000264f0e7be40 flushing  nmethod 0x00000264dcefc710
Event: 65.143 Thread 0x00000264f0e7be40 flushing  nmethod 0x00000264dcefcd10
Event: 72.908 Thread 0x00000264f0e7be40 flushing  nmethod 0x00000264e308df10
Event: 72.912 Thread 0x00000264f0e7be40 flushing  nmethod 0x00000264db3e0b90
Event: 72.913 Thread 0x00000264f0e7be40 flushing  nmethod 0x00000264db5be110
Event: 72.919 Thread 0x00000264f0e7be40 flushing  nmethod 0x00000264dbd0d190
Event: 72.922 Thread 0x00000264f0e7be40 flushing  nmethod 0x00000264dc013510

Events (20 events):
Event: 19.842 Thread 0x00000264f0e0b5e0 Thread added: 0x00000264f6719f20
Event: 20.261 Thread 0x00000264f6719f20 Thread exited: 0x00000264f6719f20
Event: 20.472 Thread 0x00000264f0e0b5e0 Thread added: 0x00000264f6719f20
Event: 21.564 Thread 0x00000264f6719f20 Thread exited: 0x00000264f6719f20
Event: 21.878 Thread 0x00000264f0e0b5e0 Thread added: 0x00000264f7b5c010
Event: 22.920 Thread 0x00000264f7b5c010 Thread exited: 0x00000264f7b5c010
Event: 32.454 Thread 0x00000264f0e0b5e0 Thread added: 0x00000264f5b62e00
Event: 32.894 Thread 0x00000264f5b62e00 Thread exited: 0x00000264f5b62e00
Event: 33.632 Thread 0x00000264f0e0b5e0 Thread added: 0x00000264f5b63df0
Event: 33.920 Thread 0x00000264f5b63df0 Thread exited: 0x00000264f5b63df0
Event: 33.976 Thread 0x00000264f0e0b5e0 Thread added: 0x00000264f5b62e00
Event: 34.849 Thread 0x00000264f5b62e00 Thread exited: 0x00000264f5b62e00
Event: 34.965 Thread 0x00000264f0e0b5e0 Thread added: 0x00000264f5b628b0
Event: 35.376 Thread 0x00000264f5b628b0 Thread exited: 0x00000264f5b628b0
Event: 35.415 Thread 0x00000264f0e0b5e0 Thread added: 0x00000264f5b64de0
Event: 36.493 Thread 0x00000264f5b64de0 Thread exited: 0x00000264f5b64de0
Event: 39.355 Thread 0x00000264f0e0b5e0 Thread added: 0x00000264f5b62e00
Event: 40.305 Thread 0x00000264f5b62e00 Thread exited: 0x00000264f5b62e00
Event: 46.874 Thread 0x00000264f0e0b5e0 Thread added: 0x00000264f6da2030
Event: 50.581 Thread 0x00000264f6da2030 Thread exited: 0x00000264f6da2030


Dynamic libraries:
0x00007ff7fd240000 - 0x00007ff7fd24e000 	C:\Program Files\Microsoft\jdk-17.0.18.8-hotspot\bin\java.exe
0x00007ffcedbf0000 - 0x00007ffcedde8000 	C:\Windows\SYSTEM32\ntdll.dll
0x00007ffceda00000 - 0x00007ffcedac2000 	C:\Windows\System32\KERNEL32.DLL
0x00007ffceb880000 - 0x00007ffcebb76000 	C:\Windows\System32\KERNELBASE.dll
0x00007ffceb400000 - 0x00007ffceb500000 	C:\Windows\System32\ucrtbase.dll
0x00007ffce1e50000 - 0x00007ffce1e68000 	C:\Program Files\Microsoft\jdk-17.0.18.8-hotspot\bin\jli.dll
0x00007ffcecb70000 - 0x00007ffcecd11000 	C:\Windows\System32\USER32.dll
0x00007ffceb3d0000 - 0x00007ffceb3f2000 	C:\Windows\System32\win32u.dll
0x00007ffced940000 - 0x00007ffced96b000 	C:\Windows\System32\GDI32.dll
0x00007ffceb2b0000 - 0x00007ffceb3c9000 	C:\Windows\System32\gdi32full.dll
0x00007ffceb680000 - 0x00007ffceb71d000 	C:\Windows\System32\msvcp_win.dll
0x00007ffcd5d40000 - 0x00007ffcd5d5e000 	C:\Program Files\Microsoft\jdk-17.0.18.8-hotspot\bin\VCRUNTIME140.dll
0x00007ffcd5770000 - 0x00007ffcd5a0b000 	C:\Windows\WinSxS\amd64_microsoft.windows.common-controls_6595b64144ccf1df_6.0.19041.6456_none_60b8a6cb71f64256\COMCTL32.dll
0x00007ffced8a0000 - 0x00007ffced93e000 	C:\Windows\System32\msvcrt.dll
0x00007ffcecd20000 - 0x00007ffcecd4f000 	C:\Windows\System32\IMM32.DLL
0x00007ffce3630000 - 0x00007ffce363c000 	C:\Program Files\Microsoft\jdk-17.0.18.8-hotspot\bin\vcruntime140_1.dll
0x00007ffcc3f30000 - 0x00007ffcc3fb9000 	C:\Program Files\Microsoft\jdk-17.0.18.8-hotspot\bin\msvcp140.dll
0x00007ffc8ca70000 - 0x00007ffc8d6ea000 	C:\Program Files\Microsoft\jdk-17.0.18.8-hotspot\bin\server\jvm.dll
0x00007ffcec280000 - 0x00007ffcec331000 	C:\Windows\System32\ADVAPI32.dll
0x00007ffcecab0000 - 0x00007ffcecb4f000 	C:\Windows\System32\sechost.dll
0x00007ffced5d0000 - 0x00007ffced6f0000 	C:\Windows\System32\RPCRT4.dll
0x00007ffceb280000 - 0x00007ffceb2a7000 	C:\Windows\System32\bcrypt.dll
0x00007ffcecd50000 - 0x00007ffcecdbb000 	C:\Windows\System32\WS2_32.dll
0x00007ffceb0e0000 - 0x00007ffceb12b000 	C:\Windows\SYSTEM32\POWRPROF.dll
0x00007ffcd1870000 - 0x00007ffcd1897000 	C:\Windows\SYSTEM32\WINMM.dll
0x00007ffcd5fe0000 - 0x00007ffcd5fea000 	C:\Windows\SYSTEM32\VERSION.dll
0x00007ffceb0c0000 - 0x00007ffceb0d2000 	C:\Windows\SYSTEM32\UMPDC.dll
0x00007ffce9ae0000 - 0x00007ffce9af2000 	C:\Windows\SYSTEM32\kernel.appcore.dll
0x00007ffce1e00000 - 0x00007ffce1e0a000 	C:\Program Files\Microsoft\jdk-17.0.18.8-hotspot\bin\jimage.dll
0x00007ffce4fa0000 - 0x00007ffce51a1000 	C:\Windows\SYSTEM32\DBGHELP.DLL
0x00007ffcd0a90000 - 0x00007ffcd0ac4000 	C:\Windows\SYSTEM32\dbgcore.DLL
0x00007ffcebb80000 - 0x00007ffcebc02000 	C:\Windows\System32\bcryptPrimitives.dll
0x00007ffcc6300000 - 0x00007ffcc6326000 	C:\Program Files\Microsoft\jdk-17.0.18.8-hotspot\bin\java.dll
0x00007ffc9d6b0000 - 0x00007ffc9d786000 	C:\Program Files\Microsoft\jdk-17.0.18.8-hotspot\bin\jsvml.dll
0x00007ffcec340000 - 0x00007ffcecab0000 	C:\Windows\System32\SHELL32.dll
0x00007ffce8ca0000 - 0x00007ffce9445000 	C:\Windows\SYSTEM32\windows.storage.dll
0x00007ffced270000 - 0x00007ffced5c4000 	C:\Windows\System32\combase.dll
0x00007ffceac40000 - 0x00007ffceac6b000 	C:\Windows\SYSTEM32\Wldp.dll
0x00007ffcebc10000 - 0x00007ffcebcdd000 	C:\Windows\System32\OLEAUT32.dll
0x00007ffcecec0000 - 0x00007ffcecf6d000 	C:\Windows\System32\SHCORE.dll
0x00007ffcedad0000 - 0x00007ffcedb2b000 	C:\Windows\System32\shlwapi.dll
0x00007ffceb1b0000 - 0x00007ffceb1d4000 	C:\Windows\SYSTEM32\profapi.dll
0x00007ffcc4770000 - 0x00007ffcc478b000 	C:\Program Files\Microsoft\jdk-17.0.18.8-hotspot\bin\net.dll
0x00007ffcd8a30000 - 0x00007ffcd8b3a000 	C:\Windows\SYSTEM32\WINHTTP.dll
0x00007ffcea9a0000 - 0x00007ffceaa0a000 	C:\Windows\system32\mswsock.dll
0x00007ffcc4750000 - 0x00007ffcc4766000 	C:\Program Files\Microsoft\jdk-17.0.18.8-hotspot\bin\nio.dll
0x00007ffcc4730000 - 0x00007ffcc4748000 	C:\Program Files\Microsoft\jdk-17.0.18.8-hotspot\bin\zip.dll
0x00007ffce1db0000 - 0x00007ffce1dc0000 	C:\Program Files\Microsoft\jdk-17.0.18.8-hotspot\bin\verify.dll

dbghelp: loaded successfully - version: 4.0.5 - missing functions: none
symbol engine: initialized successfully - sym options: 0x614 - pdb path: .;C:\Program Files\Microsoft\jdk-17.0.18.8-hotspot\bin;C:\Windows\SYSTEM32;C:\Windows\WinSxS\amd64_microsoft.windows.common-controls_6595b64144ccf1df_6.0.19041.6456_none_60b8a6cb71f64256;C:\Program Files\Microsoft\jdk-17.0.18.8-hotspot\bin\server

VM Arguments:
java_command: org.jetbrains.kotlin.cli.jvm.K2JVMCompiler @F:\mobile\node_modules\react-native-screens\android\build\20260314_13052205774178707877.compiler.options
java_class_path (initial): C:\Users\Administrator\.gradle\caches\modules-2\files-2.1\org.jetbrains.kotlin\kotlin-compiler-embeddable\2.0.21\79346ed53db48b18312a472602eb5c057070c54d\kotlin-compiler-embeddable-2.0.21.jar;C:\Users\Administrator\.gradle\caches\modules-2\files-2.1\org.jetbrains.kotlin\kotlin-stdlib\2.0.21\618b539767b4899b4660a83006e052b63f1db551\kotlin-stdlib-2.0.21.jar;C:\Users\Administrator\.gradle\caches\modules-2\files-2.1\org.jetbrains.kotlin\kotlin-script-runtime\2.0.21\c9b044380ad41f89aa89aa896c2d32a8c0b2129d\kotlin-script-runtime-2.0.21.jar;C:\Users\Administrator\.gradle\caches\modules-2\files-2.1\org.jetbrains.kotlin\kotlin-reflect\1.6.10\1cbe9c92c12a94eea200d23c2bbaedaf3daf5132\kotlin-reflect-1.6.10.jar;C:\Users\Administrator\.gradle\caches\modules-2\files-2.1\org.jetbrains.kotlin\kotlin-daemon-embeddable\2.0.21\c9e933b23287de9b5a17e2116b4657bb91aea72c\kotlin-daemon-embeddable-2.0.21.jar;C:\Users\Administrator\.gradle\caches\modules-2\files-2.1\org.jetbrains.intellij.deps\trove4j\1.0.20200330\3afb14d5f9ceb459d724e907a21145e8ff394f02\trove4j-1.0.20200330.jar;C:\Users\Administrator\.gradle\caches\modules-2\files-2.1\org.jetbrains.kotlinx\kotlinx-coroutines-core-jvm\1.6.4\2c997cd1c0ef33f3e751d3831929aeff1390cb30\kotlinx-coroutines-core-jvm-1.6.4.jar;C:\Users\Administrator\.gradle\caches\modules-2\files-2.1\org.jetbrains\annotations\13.0\919f0dfe192fb4e063e7dacadee7f8bb9a2672a9\annotations-13.0.jar
Launcher Type: SUN_STANDARD

[Global flags]
     intx CICompilerCount                          = 3                                         {product} {ergonomic}
     uint ConcGCThreads                            = 1                                         {product} {ergonomic}
     uint G1ConcRefinementThreads                  = 4                                         {product} {ergonomic}
   size_t G1HeapRegionSize                         = 1048576                                   {product} {ergonomic}
    uintx GCDrainStackTargetSize                   = 64                                        {product} {ergonomic}
   size_t InitialHeapSize                          = 130023424                                 {product} {ergonomic}
   size_t MarkStackSize                            = 4194304                                   {product} {ergonomic}
   size_t MaxHeapSize                              = 2057306112                                {product} {ergonomic}
   size_t MaxNewSize                               = 1234173952                                {product} {ergonomic}
   size_t MinHeapDeltaBytes                        = 1048576                                   {product} {ergonomic}
   size_t MinHeapSize                              = 8388608                                   {product} {ergonomic}
    uintx NonNMethodCodeHeapSize                   = 5832780                                {pd product} {ergonomic}
    uintx NonProfiledCodeHeapSize                  = 122912730                              {pd product} {ergonomic}
    uintx ProfiledCodeHeapSize                     = 122912730                              {pd product} {ergonomic}
    uintx ReservedCodeCacheSize                    = 251658240                              {pd product} {ergonomic}
     bool SegmentedCodeCache                       = true                                      {product} {ergonomic}
   size_t SoftMaxHeapSize                          = 2057306112                             {manageable} {ergonomic}
     bool UseCompressedClassPointers               = true                           {product lp64_product} {ergonomic}
     bool UseCompressedOops                        = true                           {product lp64_product} {ergonomic}
     bool UseG1GC                                  = true                                      {product} {ergonomic}
     bool UseLargePagesIndividualAllocation        = false                                  {pd product} {ergonomic}

Logging:
Log output configuration:
 #0: stdout all=warning uptime,level,tags
 #1: stderr all=off uptime,level,tags

Environment Variables:
JAVA_HOME=C:\Program Files\Microsoft\jdk-17.0.18.8-hotspot
PATH=C:\Program Files\Eclipse Adoptium\jdk-17.0.18.8-hotspot\bin;C:\Program Files\Eclipse Adoptium\jdk-25.0.2.10-hotspot\bin;C:\Program Files\Eclipse Adoptium\jdk-11.0.19.7-hotspot\bin;C:\Windows\system32;C:\Windows;C:\Windows\System32\Wbem;C:\Windows\System32\WindowsPowerShell\v1.0\;C:\Windows\System32\OpenSSH\;C:\Program Files\Git\cmd;E:\;C:\Users\Administrator\Downloads\platform-tools;C:\Users\Administrator\AppData\Local\Android\Sdk\tools;C:\Users\Administrator\AppData\Local\Programs\Python\Python314\Scripts\;C:\Users\Administrator\AppData\Local\Programs\Python\Python314\;C:\Users\Administrator\AppData\Local\Microsoft\WindowsApps;E:\Antigravity\bin;E:\Microsoft VS Code\bin;C:\Users\Administrator\AppData\Roaming\npm;C:\Users\Administrator\AppData\Local\Android\Sdk\platform-tools;C:\Users\Administrator\AppData\Local\Android\Sdk\emulator;c:\Users\Administrator\.antigravity\extensions\vscjava.vscode-java-debug-0.58.5-universal\bundled\scripts\noConfigScripts;c:\Users\Administrator\.antigravity\extensions\d-biehl.robotcode-2.2.0-universal\bundled\scripts
USERNAME=Administrator
LANG=en_US.UTF-8
OS=Windows_NT
PROCESSOR_IDENTIFIER=Intel64 Family 6 Model 142 Stepping 9, GenuineIntel
TMP=C:\Users\ADMINI~1\AppData\Local\Temp
TEMP=C:\Users\ADMINI~1\AppData\Local\Temp



Periodic native trim disabled


---------------  S Y S T E M  ---------------

OS:
 Windows 10 , 64 bit Build 19041 (10.0.19041.5915)
OS uptime: 0 days 20:16 hours

CPU: total 4 (initial active 4) (2 cores per cpu, 2 threads per core) family 6 model 142 stepping 9 microcode 0xd6, cx8, cmov, fxsr, ht, mmx, 3dnowpref, sse, sse2, sse3, ssse3, sse4.1, sse4.2, popcnt, lzcnt, tsc, tscinvbit, avx, avx2, aes, erms, clmul, bmi1, bmi2, adx, fma, vzeroupper, clflush, clflushopt
Processor Information for the first 4 processors :
  Max Mhz: 2712, Current Mhz: 2511, Mhz Limit: 2495

Memory: 4k page, system-wide physical 7843M (291M free)
TotalPageFile size 17730M (AvailPageFile size 0M)
current process WorkingSet (physical memory assigned to process): 376M, peak: 378M
current process commit charge ("private bytes"): 408M, peak: 411M

vm_info: OpenJDK 64-Bit Server VM (17.0.18+8-LTS) for windows-amd64 JRE (17.0.18+8-LTS), built on Jan 15 2026 18:50:45 by "MicrosoftCorporation" with MS VC++ 17.14 (VS2022)

END.
